******************************************************************************
             TMS320C2000 Linker PC v16.9.1                     
******************************************************************************
>> Linked Fri Aug 31 14:56:24 2018

OUTPUT FILE NAME:   <UPSBYPASS.out>
ENTRY POINT SYMBOL: "_c_int00"  address: 0033a6bd


MEMORY CONFIGURATION

         name            origin    length      used     unused   attr    fill
----------------------  --------  ---------  --------  --------  ----  --------
PAGE 0:
  ZONE0                 00004000   00001000  00000000  00001000  RWIX
  RAML0                 00008000   00001000  0000001f  00000fe1  RWIX
  RAML1                 00009000   00003000  00000000  00003000  RWIX
  RAML2                 0000c000   00001000  00000000  00001000  RWIX
  RAML3                 0000d000   00001000  00000000  00001000  RWIX
  ZONE6                 00100000   00100000  00000000  00100000  RWIX
  ZONE7A                00200000   0000fc00  00000000  0000fc00  RWIX
  FLASHH                00300000   00008000  00000000  00008000  RWIX
  FLASHG                00308000   00008000  00000000  00008000  RWIX
  FLASHF                00310000   00008000  00000000  00008000  RWIX
  FLASHE                00318000   00008000  00000000  00008000  RWIX
  FLASHD                00320000   00008000  0000001f  00007fe1  RWIX
  FLASHC                00328000   00008000  00000000  00008000  RWIX
  FLASHA                00338000   00007f80  00002ca7  000052d9  RWIX
  CSM_RSVD              0033ff80   00000076  00000000  00000076  RWIX
  BEGIN                 0033fff6   00000002  00000002  00000000  RWIX
  CSM_PWL               0033fff8   00000008  00000000  00000008  RWIX
  ADC_CAL               00380080   00000009  00000007  00000002  RWIX
  OTP                   00380400   00000400  00000000  00000400  RWIX
  IQTABLES              003fe000   00000b50  00000000  00000b50  RWIX
  IQTABLES2             003feb50   0000008c  00000000  0000008c  RWIX
  FPUTABLES             003febdc   000006a0  00000000  000006a0  RWIX
  ROM                   003ff27c   00000d44  00000000  00000d44  RWIX
  RESET                 003fffc0   00000002  00000000  00000002  RWIX
  VECTORS               003fffc2   0000003e  00000000  0000003e  RWIX

PAGE 1:
  BOOT_RSVD             00000000   00000050  00000000  00000050  RWIX
  RAMM0                 00000050   000003b0  00000000  000003b0  RWIX
  RAMM1                 00000400   00000400  00000300  00000100  RWIX
  DEV_EMU               00000880   00000180  000000d0  000000b0  RWIX
  FLASH_REGS            00000a80   00000060  00000008  00000058  RWIX
  CSM                   00000ae0   00000010  00000010  00000000  RWIX
  ADC_MIRROR            00000b00   00000010  00000010  00000000  RWIX
  XINTF                 00000b20   00000020  0000001e  00000002  RWIX
  CPU_TIMER0            00000c00   00000008  00000008  00000000  RWIX
  CPU_TIMER1            00000c08   00000008  00000008  00000000  RWIX
  CPU_TIMER2            00000c10   00000008  00000008  00000000  RWIX
  PIE_CTRL              00000ce0   00000020  0000001a  00000006  RWIX
  PIE_VECT              00000d00   00000100  00000100  00000000  RWIX
  DMA                   00001000   00000200  000000e0  00000120  RWIX
  MCBSPA                00005000   00000040  00000025  0000001b  RWIX
  MCBSPB                00005040   00000040  00000025  0000001b  RWIX
  ECANA                 00006000   00000040  00000034  0000000c  RWIX
  ECANA_LAM             00006040   00000040  00000040  00000000  RWIX
  ECANA_MOTS            00006080   00000040  00000040  00000000  RWIX
  ECANA_MOTO            000060c0   00000040  00000040  00000000  RWIX
  ECANA_MBOX            00006100   00000100  00000100  00000000  RWIX
  ECANB                 00006200   00000040  00000034  0000000c  RWIX
  ECANB_LAM             00006240   00000040  00000040  00000000  RWIX
  ECANB_MOTS            00006280   00000040  00000040  00000000  RWIX
  ECANB_MOTO            000062c0   00000040  00000040  00000000  RWIX
  ECANB_MBOX            00006300   00000100  00000100  00000000  RWIX
  EPWM1                 00006800   00000022  00000022  00000000  RWIX
  EPWM2                 00006840   00000022  00000022  00000000  RWIX
  EPWM3                 00006880   00000022  00000022  00000000  RWIX
  EPWM4                 000068c0   00000022  00000022  00000000  RWIX
  EPWM5                 00006900   00000022  00000022  00000000  RWIX
  EPWM6                 00006940   00000022  00000022  00000000  RWIX
  ECAP1                 00006a00   00000020  00000020  00000000  RWIX
  ECAP2                 00006a20   00000020  00000020  00000000  RWIX
  ECAP3                 00006a40   00000020  00000020  00000000  RWIX
  ECAP4                 00006a60   00000020  00000020  00000000  RWIX
  ECAP5                 00006a80   00000020  00000020  00000000  RWIX
  ECAP6                 00006aa0   00000020  00000020  00000000  RWIX
  EQEP1                 00006b00   00000040  00000040  00000000  RWIX
  EQEP2                 00006b40   00000040  00000040  00000000  RWIX
  GPIOCTRL              00006f80   00000040  0000002e  00000012  RWIX
  GPIODAT               00006fc0   00000020  00000020  00000000  RWIX
  GPIOINT               00006fe0   00000020  0000000a  00000016  RWIX
  SYSTEM                00007010   00000020  00000020  00000000  RWIX
  SPIA                  00007040   00000010  00000010  00000000  RWIX
  SCIA                  00007050   00000010  00000010  00000000  RWIX
  XINTRUPT              00007070   00000010  00000010  00000000  RWIX
  ADC                   00007100   00000020  0000001e  00000002  RWIX
  SCIB                  00007750   00000010  00000010  00000000  RWIX
  SCIC                  00007770   00000010  00000010  00000000  RWIX
  I2CA                  00007900   00000040  00000022  0000001e  RWIX
  RAML4                 0000c000   00001000  00000618  000009e8  RWIX
  RAML5                 0000d000   00001000  00000000  00001000  RWIX
  RAML6                 0000e000   00001000  00000000  00001000  RWIX
  RAML7                 0000f000   00001000  00000000  00001000  RWIX
  ZONE7B                0020fc00   00000400  00000000  00000400  RWIX
  FLASHB                00330000   00008000  00000000  00008000  RWIX
  CSM_PWL               0033fff8   00000008  00000008  00000000  RWIX
  PARTID                00380090   00000001  00000001  00000000  RWIX


SECTION ALLOCATION MAP

 output                                  attributes/
section   page    origin      length       input sections
--------  ----  ----------  ----------   ----------------
ramfuncs   0    00320000    0000001f     RUN ADDR = 00008000
                  00320000    0000001b     DSP2833x_SysCtrl.obj (ramfuncs)
                  0032001b    00000004     DSP2833x_usDelay.obj (ramfuncs)

.text      0    00338000    00002854     
                  00338000    0000089a     SampleAndControl.obj (.text)
                  0033889a    00000438     FaultDetect.obj (.text)
                  00338cd2    0000034b     Can.obj (.text)
                  0033901d    00000316     DSP2833x_DefaultIsr.obj (.text:retain)
                  00339333    0000026f     communication.obj (.text)
                  003395a2    00000232     RS485.obj (.text)
                  003397d4    000001cd     FpgaDriver.obj (.text)
                  003399a1    000001c2     RS232.obj (.text)
                  00339b63    00000195     SampleAndControl.obj (.text:retain)
                  00339cf8    00000138     PhaseLock.obj (.text)
                  00339e30    00000132     DSP2833x_ECan.obj (.text)
                  00339f62    000000f8     DSP2833x_SysCtrl.obj (.text)
                  0033a05a    000000f8     PhaseLock.obj (.text:retain)
                  0033a152    000000dd     Can.obj (.text:retain)
                  0033a22f    000000cd     SystemTick.obj (.text)
                  0033a2fc    000000a8     Scr.obj (.text)
                  0033a3a4    00000088     rts2800_fpu32.lib : fs_div28.obj (.text)
                  0033a42c    0000007d     main.obj (.text)
                  0033a4a9    00000078     RS232.obj (.text:retain)
                  0033a521    00000078     RS485.obj (.text:retain)
                  0033a599    00000075     DSP2833x_CpuTimers.obj (.text)
                  0033a60e    00000058     rts2800_fpu32.lib : s_sinf.obj (.text)
                  0033a666    00000057     DSP2833x_PieVect.obj (.text)
                  0033a6bd    00000056     rts2800_fpu32.lib : boot28.obj (.text)
                  0033a713    00000029                       : exit.obj (.text)
                  0033a73c    00000028     DSP2833x_PieCtrl.obj (.text)
                  0033a764    00000025     rts2800_fpu32.lib : e_sqrtf.obj (.text)
                  0033a789    00000024                       : cpy_tbl.obj (.text)
                  0033a7ad    0000001e                       : memcpy.obj (.text)
                  0033a7cb    00000019     SystemTick.obj (.text:retain)
                  0033a7e4    00000019     rts2800_fpu32.lib : args_main.obj (.text)
                  0033a7fd    00000015     FpgaDriver.obj (.text:retain)
                  0033a812    00000014     DSP2833x_Adc.obj (.text)
                  0033a826    00000013     DSP2833x_MemCopy.obj (.text)
                  0033a839    00000009     rts2800_fpu32.lib : _lock.obj (.text)
                  0033a842    00000008     DSP2833x_CodeStartBranch.obj (.text)
                  0033a84a    00000007     GlobalDefine.obj (.text)
                  0033a851    00000002     rts2800_fpu32.lib : pre_init.obj (.text)
                  0033a853    00000001                       : startup.obj (.text)

.econst    0    0033a854    00000300     
                  0033a854    00000100     communication.obj (.econst:.string:_auchCRCHi)
                  0033a954    00000100     communication.obj (.econst:.string:_auchCRCLo)
                  0033aa54    00000100     DSP2833x_PieVect.obj (.econst:_PieVectTableInit)

.cinit     0    0033ab54    00000153     
                  0033ab54    000000e5     SampleAndControl.obj (.cinit)
                  0033ac39    0000001c     SystemTick.obj (.cinit)
                  0033ac55    0000000e     FpgaDriver.obj (.cinit)
                  0033ac63    0000000e     PhaseLock.obj (.cinit)
                  0033ac71    0000000e     rts2800_fpu32.lib : exit.obj (.cinit)
                  0033ac7f    00000008     RS232.obj (.cinit)
                  0033ac87    00000008     RS485.obj (.cinit)
                  0033ac8f    00000005     rts2800_fpu32.lib : _lock.obj (.cinit:__lock)
                  0033ac94    00000005                       : _lock.obj (.cinit:__unlock)
                  0033ac99    00000004     Can.obj (.cinit)
                  0033ac9d    00000004     FaultDetect.obj (.cinit)
                  0033aca1    00000004     rts2800_fpu32.lib : errno.obj (.cinit)
                  0033aca5    00000002     --HOLE-- [fill = 0]

codestart 
*          0    0033fff6    00000002     
                  0033fff6    00000002     DSP2833x_CodeStartBranch.obj (codestart)

.adc_cal   0    00380080    00000007     NOLOAD SECTION
                  00380080    00000007     DSP2833x_ADC_cal.obj (.adc_cal)

.stack     1    00000400    00000300     UNINITIALIZED
                  00000400    00000300     --HOLE--

DevEmuRegsFile 
*          1    00000880    000000d0     UNINITIALIZED
                  00000880    000000d0     DSP2833x_GlobalVariableDefs.obj (DevEmuRegsFile)

FlashRegsFile 
*          1    00000a80    00000008     UNINITIALIZED
                  00000a80    00000008     DSP2833x_GlobalVariableDefs.obj (FlashRegsFile)

CsmRegsFile 
*          1    00000ae0    00000010     UNINITIALIZED
                  00000ae0    00000010     DSP2833x_GlobalVariableDefs.obj (CsmRegsFile)

AdcMirrorFile 
*          1    00000b00    00000010     UNINITIALIZED
                  00000b00    00000010     DSP2833x_GlobalVariableDefs.obj (AdcMirrorFile)

XintfRegsFile 
*          1    00000b20    0000001e     UNINITIALIZED
                  00000b20    0000001e     DSP2833x_GlobalVariableDefs.obj (XintfRegsFile)

CpuTimer0RegsFile 
*          1    00000c00    00000008     UNINITIALIZED
                  00000c00    00000008     DSP2833x_GlobalVariableDefs.obj (CpuTimer0RegsFile)

CpuTimer1RegsFile 
*          1    00000c08    00000008     UNINITIALIZED
                  00000c08    00000008     DSP2833x_GlobalVariableDefs.obj (CpuTimer1RegsFile)

CpuTimer2RegsFile 
*          1    00000c10    00000008     UNINITIALIZED
                  00000c10    00000008     DSP2833x_GlobalVariableDefs.obj (CpuTimer2RegsFile)

PieCtrlRegsFile 
*          1    00000ce0    0000001a     UNINITIALIZED
                  00000ce0    0000001a     DSP2833x_GlobalVariableDefs.obj (PieCtrlRegsFile)

PieVectTableFile 
*          1    00000d00    00000100     UNINITIALIZED
                  00000d00    00000100     DSP2833x_GlobalVariableDefs.obj (PieVectTableFile)

DmaRegsFile 
*          1    00001000    000000e0     UNINITIALIZED
                  00001000    000000e0     DSP2833x_GlobalVariableDefs.obj (DmaRegsFile)

McbspaRegsFile 
*          1    00005000    00000025     UNINITIALIZED
                  00005000    00000025     DSP2833x_GlobalVariableDefs.obj (McbspaRegsFile)

McbspbRegsFile 
*          1    00005040    00000025     UNINITIALIZED
                  00005040    00000025     DSP2833x_GlobalVariableDefs.obj (McbspbRegsFile)

ECanaRegsFile 
*          1    00006000    00000034     UNINITIALIZED
                  00006000    00000034     DSP2833x_GlobalVariableDefs.obj (ECanaRegsFile)

ECanaLAMRegsFile 
*          1    00006040    00000040     UNINITIALIZED
                  00006040    00000040     DSP2833x_GlobalVariableDefs.obj (ECanaLAMRegsFile)

ECanaMOTSRegsFile 
*          1    00006080    00000040     UNINITIALIZED
                  00006080    00000040     DSP2833x_GlobalVariableDefs.obj (ECanaMOTSRegsFile)

ECanaMOTORegsFile 
*          1    000060c0    00000040     UNINITIALIZED
                  000060c0    00000040     DSP2833x_GlobalVariableDefs.obj (ECanaMOTORegsFile)

ECanaMboxesFile 
*          1    00006100    00000100     UNINITIALIZED
                  00006100    00000100     DSP2833x_GlobalVariableDefs.obj (ECanaMboxesFile)

ECanbRegsFile 
*          1    00006200    00000034     UNINITIALIZED
                  00006200    00000034     DSP2833x_GlobalVariableDefs.obj (ECanbRegsFile)

ECanbLAMRegsFile 
*          1    00006240    00000040     UNINITIALIZED
                  00006240    00000040     DSP2833x_GlobalVariableDefs.obj (ECanbLAMRegsFile)

ECanbMOTSRegsFile 
*          1    00006280    00000040     UNINITIALIZED
                  00006280    00000040     DSP2833x_GlobalVariableDefs.obj (ECanbMOTSRegsFile)

ECanbMOTORegsFile 
*          1    000062c0    00000040     UNINITIALIZED
                  000062c0    00000040     DSP2833x_GlobalVariableDefs.obj (ECanbMOTORegsFile)

ECanbMboxesFile 
*          1    00006300    00000100     UNINITIALIZED
                  00006300    00000100     DSP2833x_GlobalVariableDefs.obj (ECanbMboxesFile)

EPwm1RegsFile 
*          1    00006800    00000022     UNINITIALIZED
                  00006800    00000022     DSP2833x_GlobalVariableDefs.obj (EPwm1RegsFile)

EPwm2RegsFile 
*          1    00006840    00000022     UNINITIALIZED
                  00006840    00000022     DSP2833x_GlobalVariableDefs.obj (EPwm2RegsFile)

EPwm3RegsFile 
*          1    00006880    00000022     UNINITIALIZED
                  00006880    00000022     DSP2833x_GlobalVariableDefs.obj (EPwm3RegsFile)

EPwm4RegsFile 
*          1    000068c0    00000022     UNINITIALIZED
                  000068c0    00000022     DSP2833x_GlobalVariableDefs.obj (EPwm4RegsFile)

EPwm5RegsFile 
*          1    00006900    00000022     UNINITIALIZED
                  00006900    00000022     DSP2833x_GlobalVariableDefs.obj (EPwm5RegsFile)

EPwm6RegsFile 
*          1    00006940    00000022     UNINITIALIZED
                  00006940    00000022     DSP2833x_GlobalVariableDefs.obj (EPwm6RegsFile)

ECap1RegsFile 
*          1    00006a00    00000020     UNINITIALIZED
                  00006a00    00000020     DSP2833x_GlobalVariableDefs.obj (ECap1RegsFile)

ECap2RegsFile 
*          1    00006a20    00000020     UNINITIALIZED
                  00006a20    00000020     DSP2833x_GlobalVariableDefs.obj (ECap2RegsFile)

ECap3RegsFile 
*          1    00006a40    00000020     UNINITIALIZED
                  00006a40    00000020     DSP2833x_GlobalVariableDefs.obj (ECap3RegsFile)

ECap4RegsFile 
*          1    00006a60    00000020     UNINITIALIZED
                  00006a60    00000020     DSP2833x_GlobalVariableDefs.obj (ECap4RegsFile)

ECap5RegsFile 
*          1    00006a80    00000020     UNINITIALIZED
                  00006a80    00000020     DSP2833x_GlobalVariableDefs.obj (ECap5RegsFile)

ECap6RegsFile 
*          1    00006aa0    00000020     UNINITIALIZED
                  00006aa0    00000020     DSP2833x_GlobalVariableDefs.obj (ECap6RegsFile)

EQep1RegsFile 
*          1    00006b00    00000040     UNINITIALIZED
                  00006b00    00000040     DSP2833x_GlobalVariableDefs.obj (EQep1RegsFile)

EQep2RegsFile 
*          1    00006b40    00000040     UNINITIALIZED
                  00006b40    00000040     DSP2833x_GlobalVariableDefs.obj (EQep2RegsFile)

GpioCtrlRegsFile 
*          1    00006f80    0000002e     UNINITIALIZED
                  00006f80    0000002e     DSP2833x_GlobalVariableDefs.obj (GpioCtrlRegsFile)

GpioDataRegsFile 
*          1    00006fc0    00000020     UNINITIALIZED
                  00006fc0    00000020     DSP2833x_GlobalVariableDefs.obj (GpioDataRegsFile)

GpioIntRegsFile 
*          1    00006fe0    0000000a     UNINITIALIZED
                  00006fe0    0000000a     DSP2833x_GlobalVariableDefs.obj (GpioIntRegsFile)

SysCtrlRegsFile 
*          1    00007010    00000020     UNINITIALIZED
                  00007010    00000020     DSP2833x_GlobalVariableDefs.obj (SysCtrlRegsFile)

SpiaRegsFile 
*          1    00007040    00000010     UNINITIALIZED
                  00007040    00000010     DSP2833x_GlobalVariableDefs.obj (SpiaRegsFile)

SciaRegsFile 
*          1    00007050    00000010     UNINITIALIZED
                  00007050    00000010     DSP2833x_GlobalVariableDefs.obj (SciaRegsFile)

XIntruptRegsFile 
*          1    00007070    00000010     UNINITIALIZED
                  00007070    00000010     DSP2833x_GlobalVariableDefs.obj (XIntruptRegsFile)

AdcRegsFile 
*          1    00007100    0000001e     UNINITIALIZED
                  00007100    0000001e     DSP2833x_GlobalVariableDefs.obj (AdcRegsFile)

ScibRegsFile 
*          1    00007750    00000010     UNINITIALIZED
                  00007750    00000010     DSP2833x_GlobalVariableDefs.obj (ScibRegsFile)

ScicRegsFile 
*          1    00007770    00000010     UNINITIALIZED
                  00007770    00000010     DSP2833x_GlobalVariableDefs.obj (ScicRegsFile)

I2caRegsFile 
*          1    00007900    00000022     UNINITIALIZED
                  00007900    00000022     DSP2833x_GlobalVariableDefs.obj (I2caRegsFile)

.ebss      1    0000c000    00000618     UNINITIALIZED
                  0000c000    000003ec     SampleAndControl.obj (.ebss)
                  0000c3ec    00000012     SystemTick.obj (.ebss)
                  0000c3fe    00000002     GlobalDefine.obj (.ebss)
                  0000c400    000000ac     communication.obj (.ebss)
                  0000c4ac    00000006     rts2800_fpu32.lib : exit.obj (.ebss)
                  0000c4b2    00000002     RS232.obj (.ebss)
                  0000c4b4    00000002     RS485.obj (.ebss)
                  0000c4b6    00000002     rts2800_fpu32.lib : _lock.obj (.ebss:__lock)
                  0000c4b8    00000002                       : _lock.obj (.ebss:__unlock)
                  0000c4ba    00000001     Can.obj (.ebss)
                  0000c4bb    00000001     rts2800_fpu32.lib : errno.obj (.ebss)
                  0000c4bc    00000004     --HOLE--
                  0000c4c0    00000092     FaultDetect.obj (.ebss)
                  0000c552    00000024     FpgaDriver.obj (.ebss)
                  0000c576    0000000a     --HOLE--
                  0000c580    00000056     Scr.obj (.ebss)
                  0000c5d6    0000001a     PhaseLock.obj (.ebss)
                  0000c5f0    00000010     --HOLE--
                  0000c600    00000018     DSP2833x_CpuTimers.obj (.ebss)

CsmPwlFile 
*          1    0033fff8    00000008     UNINITIALIZED
                  0033fff8    00000008     DSP2833x_GlobalVariableDefs.obj (CsmPwlFile)

PartIdRegsFile 
*          1    00380090    00000001     UNINITIALIZED
                  00380090    00000001     DSP2833x_GlobalVariableDefs.obj (PartIdRegsFile)

.pinit     0    00338000    00000000     UNINITIALIZED

.reset     0    003fffc0    00000002     DSECT
                  003fffc0    00000002     rts2800_fpu32.lib : boot28.obj (.reset)

vectors    0    003fffc2    00000000     DSECT

MODULE SUMMARY

       Module                            code    initialized data   uninitialized data
       ------                            ----    ----------------   ------------------
    .\FpgaDriver\
       FpgaDriver.obj                    482     14                 36                
    +--+---------------------------------+-------+------------------+--------------------+
       Total:                            482     14                 36                
                                                                                      
    .\communication\
       communication.obj                 623     512                172               
       Can.obj                           1064    4                  1                 
       RS485.obj                         682     8                  2                 
       RS232.obj                         570     8                  2                 
    +--+---------------------------------+-------+------------------+--------------------+
       Total:                            2939    532                177               
                                                                                      
    .\myFiles\
       SampleAndControl.obj              2607    229                1004              
       FaultDetect.obj                   1080    4                  146               
       PhaseLock.obj                     560     14                 26                
       SystemTick.obj                    230     28                 18                
       Scr.obj                           168     0                  86                
       main.obj                          125     0                  0                 
       GlobalDefine.obj                  7       0                  2                 
    +--+---------------------------------+-------+------------------+--------------------+
       Total:                            4777    275                1282              
                                                                                      
    .\sources\
       DSP2833x_GlobalVariableDefs.obj   0       0                  2679              
       DSP2833x_DefaultIsr.obj           790     0                  0                 
       DSP2833x_PieVect.obj              87      256                0                 
       DSP2833x_ECan.obj                 306     0                  0                 
       DSP2833x_SysCtrl.obj              302     0                  0                 
       DSP2833x_CpuTimers.obj            117     0                  24                
       DSP2833x_PieCtrl.obj              40      0                  0                 
       DSP2833x_Adc.obj                  20      0                  0                 
       DSP2833x_MemCopy.obj              19      0                  0                 
       DSP2833x_CodeStartBranch.obj      10      0                  0                 
       DSP2833x_usDelay.obj              8       0                  0                 
       DSP2833x_ADC_cal.obj              7       0                  0                 
    +--+---------------------------------+-------+------------------+--------------------+
       Total:                            1706    256                2703              
                                                                                      
    E:\Development\ccs7\ccsv7\tools\compiler\ti-cgt-c2000_16.9.1.LTS\lib\rts2800_fpu32.lib
       fs_div28.obj                      136     0                  0                 
       s_sinf.obj                        88      0                  0                 
       boot28.obj                        86      0                  0                 
       exit.obj                          41      14                 6                 
       e_sqrtf.obj                       37      0                  0                 
       cpy_tbl.obj                       36      0                  0                 
       memcpy.obj                        30      0                  0                 
       args_main.obj                     25      0                  0                 
       _lock.obj                         9       10                 4                 
       errno.obj                         0       4                  1                 
       pre_init.obj                      2       0                  0                 
       startup.obj                       1       0                  0                 
    +--+---------------------------------+-------+------------------+--------------------+
       Total:                            491     28                 11                
                                                                                      
       Stack:                            0       0                  768               
    +--+---------------------------------+-------+------------------+--------------------+
       Grand Total:                      10395   1105               4977              


GLOBAL DATA SYMBOLS: SORTED BY DATA PAGE

address     data page           name
--------    ----------------    ----
00000400      10 (00000400)     __stack

00000880      22 (00000880)     _DevEmuRegs

00000a80      2a (00000a80)     _FlashRegs

00000ae0      2b (00000ac0)     _CsmRegs

00000b00      2c (00000b00)     _AdcMirror
00000b20      2c (00000b00)     _XintfRegs

00000c00      30 (00000c00)     _CpuTimer0Regs
00000c08      30 (00000c00)     _CpuTimer1Regs
00000c10      30 (00000c00)     _CpuTimer2Regs

00000ce0      33 (00000cc0)     _PieCtrlRegs

00000d00      34 (00000d00)     _PieVectTable

00001000      40 (00001000)     _DmaRegs

00005000     140 (00005000)     _McbspaRegs

00005040     141 (00005040)     _McbspbRegs

00006000     180 (00006000)     _ECanaRegs

00006040     181 (00006040)     _ECanaLAMRegs

00006080     182 (00006080)     _ECanaMOTSRegs

000060c0     183 (000060c0)     _ECanaMOTORegs

00006100     184 (00006100)     _ECanaMboxes

00006200     188 (00006200)     _ECanbRegs

00006240     189 (00006240)     _ECanbLAMRegs

00006280     18a (00006280)     _ECanbMOTSRegs

000062c0     18b (000062c0)     _ECanbMOTORegs

00006300     18c (00006300)     _ECanbMboxes

00006800     1a0 (00006800)     _EPwm1Regs

00006840     1a1 (00006840)     _EPwm2Regs

00006880     1a2 (00006880)     _EPwm3Regs

000068c0     1a3 (000068c0)     _EPwm4Regs

00006900     1a4 (00006900)     _EPwm5Regs

00006940     1a5 (00006940)     _EPwm6Regs

00006a00     1a8 (00006a00)     _ECap1Regs
00006a20     1a8 (00006a00)     _ECap2Regs

00006a40     1a9 (00006a40)     _ECap3Regs
00006a60     1a9 (00006a40)     _ECap4Regs

00006a80     1aa (00006a80)     _ECap5Regs
00006aa0     1aa (00006a80)     _ECap6Regs

00006b00     1ac (00006b00)     _EQep1Regs

00006b40     1ad (00006b40)     _EQep2Regs

00006f80     1be (00006f80)     _GpioCtrlRegs

00006fc0     1bf (00006fc0)     _GpioDataRegs
00006fe0     1bf (00006fc0)     _GpioIntRegs

00007010     1c0 (00007000)     _SysCtrlRegs

00007040     1c1 (00007040)     _SpiaRegs
00007050     1c1 (00007040)     _SciaRegs
00007070     1c1 (00007040)     _XIntruptRegs

00007100     1c4 (00007100)     _AdcRegs

00007750     1dd (00007740)     _ScibRegs
00007770     1dd (00007740)     _ScicRegs

00007900     1e4 (00007900)     _I2caRegs

0000c000     300 (0000c000)     _Target
0000c001     300 (0000c000)     _muxian_count
0000c002     300 (0000c000)     _DC_SoftL_Target
0000c003     300 (0000c000)     _DC_Target
0000c004     300 (0000c000)     _TIMER1_num
0000c005     300 (0000c000)     _UaPtr
0000c006     300 (0000c000)     _FIRST_START
0000c007     300 (0000c000)     _Ki_Enable
0000c008     300 (0000c000)     _I_KiEnable
0000c009     300 (0000c000)     _SOFT_START
0000c00a     300 (0000c000)     _DC_SoftH_Target
0000c00b     300 (0000c000)     _SampleN
0000c00c     300 (0000c000)     _iCalRMS1
0000c00d     300 (0000c000)     _iCalRMS
0000c00e     300 (0000c000)     _RemainStep
0000c012     300 (0000c000)     _Ki
0000c016     300 (0000c000)     _Kd
0000c018     300 (0000c000)     _Ti
0000c01a     300 (0000c000)     _T
0000c01c     300 (0000c000)     _OUT0
0000c020     300 (0000c000)     _UDC
0000c024     300 (0000c000)     _Kp
0000c026     300 (0000c000)     _Td
0000c028     300 (0000c000)     _PID
0000c02a     300 (0000c000)     _Ki2
0000c02c     300 (0000c000)     _Kd1
0000c02e     300 (0000c000)     _Kp1
0000c030     300 (0000c000)     _ek2
0000c032     300 (0000c000)     _ek1
0000c034     300 (0000c000)     _Ki1
0000c036     300 (0000c000)     _Kio
0000c038     300 (0000c000)     _Kdo
0000c03c     300 (0000c000)     _ek_sum
0000c03e     300 (0000c000)     _ek

0000c040     301 (0000c040)     _Kpo
0000c044     301 (0000c040)     _PhasePerStep
0000c046     301 (0000c040)     _OutPerStep
0000c048     301 (0000c040)     _COPRD
0000c04a     301 (0000c040)     _KiTs
0000c04c     301 (0000c040)     _CurPhase
0000c04e     301 (0000c040)     _SamplePhase
0000c050     301 (0000c040)     _UaPh
0000c052     301 (0000c040)     _UaSa
0000c054     301 (0000c040)     _DeltaPh
0000c056     301 (0000c040)     _SNumRec

0000c080     302 (0000c080)     _UaFifo

0000c0c0     303 (0000c0c0)     _myControlSystem

0000c180     306 (0000c180)     _UAi

0000c2c0     30b (0000c2c0)     _UA

0000c3ee     30f (0000c3c0)     _TickEnd
0000c3f4     30f (0000c3c0)     _mySystemTick
0000c3fe     30f (0000c3c0)     _myHardwarePool2
0000c3ff     30f (0000c3c0)     _myHardwarePool

0000c400     310 (0000c400)     _myCommunication

0000c4ac     312 (0000c480)     ___TI_enable_exit_profile_output
0000c4ae     312 (0000c480)     ___TI_cleanup_ptr
0000c4b0     312 (0000c480)     ___TI_dtors_ptr
0000c4b2     312 (0000c480)     _TxBufferPtr
0000c4b3     312 (0000c480)     _RemainSendNum
0000c4b4     312 (0000c480)     _RemainSendNum485
0000c4b5     312 (0000c480)     _TxBufferPtr485
0000c4b6     312 (0000c480)     __lock
0000c4b8     312 (0000c480)     __unlock
0000c4ba     312 (0000c480)     _FrameEnd
0000c4bb     312 (0000c480)     _errno

0000c4c0     313 (0000c4c0)     _ComCnt

0000c500     314 (0000c500)     _myFaultDetect

0000c552     315 (0000c540)     _FpgaIntFlag
0000c554     315 (0000c540)     _FpgaAddr0
0000c556     315 (0000c540)     _FpgaAddr1
0000c558     315 (0000c540)     _myFpgaDriver

0000c580     316 (0000c580)     _myScr

0000c5d6     317 (0000c5c0)     _FlagCapEnd
0000c5d8     317 (0000c5c0)     _ValCap5
0000c5da     317 (0000c5c0)     _ValCap
0000c5dc     317 (0000c5c0)     _myPhaseLock

0000c600     318 (0000c600)     _CpuTimer1
0000c608     318 (0000c600)     _CpuTimer2
0000c610     318 (0000c600)     _CpuTimer0

0033a854    cea1 (0033a840)     _auchCRCHi

0033a954    cea5 (0033a940)     _auchCRCLo

0033aa54    cea9 (0033aa40)     _PieVectTableInit

0033fff8    cfff (0033ffc0)     _CsmPwl

00380090    e002 (00380080)     _PartIdRegs


GLOBAL SYMBOLS: SORTED ALPHABETICALLY BY Name 

page  address   name                            
----  -------   ----                            
0     00338000  .text                           
0     0033a713  C$$EXIT                         
0     0033a3a4  FS$$DIV                         
0     00339103  _ADCINT_ISR                     
0     00339b63  _ADC_ISR                        
0     00380080  _ADC_cal                        
0     00338748  _ActuatorChangeState            
0     0033874d  _ActuatorGetOutputPhase         
0     00338739  _ActuatorInit                   
1     00000b00  _AdcMirror                      
1     00007100  _AdcRegs                        
0     00339924  _Arm_StChangeCB                 
1     0000c048  _COPRD                          
0     00338287  _CalRMS                         
0     0033864b  _CalRMSCmd                      
0     00338f77  _CanAutoRecData                 
0     00338e50  _CanChangeState                 
0     00338d13  _CanInit                        
0     00338f83  _CanScan                        
0     00338eb0  _CanSendData                    
0     00338f52  _CanSendDataWithPtc             
0     00338f45  _CanSendDataWithPtc2            
0     0033a152  _CanbInt0_ISR                   
0     0033a181  _CanbInt1_ISR                   
0     00338e88  _ChangeAutoSendState            
0     003384cb  _ChangeSampleState              
0     00339365  _ComChangeState                 
1     0000c4c0  _ComCnt                         
0     00339345  _ComInit                        
0     0033a5d4  _ConfigCpuTimer                 
0     00338183  _Control                        
0     00338141  _ControlSystemInit              
1     0000c610  _CpuTimer0                      
1     00000c00  _CpuTimer0Regs                  
0     0033a7cb  _CpuTimer0_ISR                  
1     0000c600  _CpuTimer1                      
1     00000c08  _CpuTimer1Regs                  
0     00339c5d  _CpuTimer1_ISR                  
1     0000c608  _CpuTimer2                      
1     00000c10  _CpuTimer2Regs                  
1     0033fff8  _CsmPwl                         
1     00000ae0  _CsmRegs                        
0     0033a029  _CsmUnlock                      
1     0000c04c  _CurPhase                       
0     00339031  _DATALOG_ISR                    
1     0000c00a  _DC_SoftH_Target                
1     0000c002  _DC_SoftL_Target                
1     0000c003  _DC_Target                      
0     00339225  _DINTCH1_ISR                    
0     0033922f  _DINTCH2_ISR                    
0     00339239  _DINTCH3_ISR                    
0     00339243  _DINTCH4_ISR                    
0     0033924d  _DINTCH5_ISR                    
0     00339257  _DINTCH6_ISR                    
0     0000801b  _DSP28x_usDelay                 
1     0000c054  _DeltaPh                        
1     00000880  _DevEmuRegs                     
0     00339f75  _DisableDog                     
1     00001000  _DmaRegs                        
0     003392b1  _ECAN0INTA_ISR                  
0     003392c5  _ECAN0INTB_ISR                  
0     003392bb  _ECAN1INTA_ISR                  
0     003392cf  _ECAN1INTB_ISR                  
0     00339199  _ECAP1_INT_ISR                  
0     003391a3  _ECAP2_INT_ISR                  
0     003391ad  _ECAP3_INT_ISR                  
0     003391b7  _ECAP4_INT_ISR                  
0     003391c1  _ECAP5_INT_ISR                  
0     003391cb  _ECAP6_INT_ISR                  
1     00006040  _ECanaLAMRegs                   
1     000060c0  _ECanaMOTORegs                  
1     00006080  _ECanaMOTSRegs                  
1     00006100  _ECanaMboxes                    
1     00006000  _ECanaRegs                      
1     00006240  _ECanbLAMRegs                   
1     000062c0  _ECanbMOTORegs                  
1     00006280  _ECanbMOTSRegs                  
1     00006300  _ECanbMboxes                    
1     00006200  _ECanbRegs                      
1     00006a00  _ECap1Regs                      
1     00006a20  _ECap2Regs                      
0     0033a05a  _ECap2_ISR                      
1     00006a40  _ECap3Regs                      
1     00006a60  _ECap4Regs                      
1     00006a80  _ECap5Regs                      
0     0033a0d8  _ECap5_ISR                      
1     00006aa0  _ECap6Regs                      
0     00339045  _EMUINT_ISR                     
0     0033915d  _EPWM1_INT_ISR                  
0     00339121  _EPWM1_TZINT_ISR                
0     00339167  _EPWM2_INT_ISR                  
0     0033912b  _EPWM2_TZINT_ISR                
0     00339171  _EPWM3_INT_ISR                  
0     00339135  _EPWM3_TZINT_ISR                
0     0033917b  _EPWM4_INT_ISR                  
0     0033913f  _EPWM4_TZINT_ISR                
0     00339185  _EPWM5_INT_ISR                  
0     00339149  _EPWM5_TZINT_ISR                
0     0033918f  _EPWM6_INT_ISR                  
0     00339153  _EPWM6_TZINT_ISR                
1     00006800  _EPwm1Regs                      
1     00006840  _EPwm2Regs                      
1     00006880  _EPwm3Regs                      
1     000068c0  _EPwm4Regs                      
1     00006900  _EPwm5Regs                      
1     00006940  _EPwm6Regs                      
0     003391d5  _EQEP1_INT_ISR                  
0     003391df  _EQEP2_INT_ISR                  
1     00006b00  _EQep1Regs                      
1     00006b40  _EQep2Regs                      
0     0033a75b  _EnableInterrupts               
0     00339ba3  _Epwm1_ISR                      
0     0033996a  _FDInvSwitchOn                  
0     00339986  _FDRecInputSW                   
0     0033994e  _FDSpwmOutEnable                
1     0000c006  _FIRST_START                    
0     00338cd0  _FaultHandlingScan              
1     0000c5d6  _FlagCapEnd                     
1     00000a80  _FlashRegs                      
0     003394b3  _Float2Uint16                   
1     0000c554  _FpgaAddr0                      
1     0000c556  _FpgaAddr1                      
0     0033987b  _FpgaDriverChangeState          
0     003397ff  _FpgaDriverInit                 
0     003398a6  _FpgaDriverScan                 
1     0000c552  _FpgaIntFlag                    
1     0000c4ba  _FrameEnd                       
1     00006f80  _GpioCtrlRegs                   
1     00006fc0  _GpioDataRegs                   
1     00006fe0  _GpioIntRegs                    
0     00339261  _I2CINT1A_ISR                   
0     0033926b  _I2CINT2A_ISR                   
1     00007900  _I2caRegs                       
0     00339059  _ILLEGAL_ISR                    
0     0033901d  _INT13_ISR                      
0     00339027  _INT14_ISR                      
1     0000c008  _I_KiEnable                     
0     0033a812  _InitAdc                        
0     0033a599  _InitCpuTimers                  
0     00339e30  _InitECan                       
0     00339f33  _InitECanGpio                   
0     00339e35  _InitECana                      
0     00339f38  _InitECanaGpio                  
0     00339eb4  _InitECanb                      
0     00339f4e  _InitECanbGpio                  
0     00008000  _InitFlash                      
0     00339fce  _InitPeripheralClocks           
0     0033a73c  _InitPieCtrl                    
0     0033a666  _InitPieVectTable               
0     00339f7d  _InitPll                        
0     00339f62  _InitSysCtrl                    
0     00338926  _InsFaultDetAndHandScan         
0     00338b3c  _InsFaultHandling               
0     003398f2  _InvRun_StChangeCB              
0     00338154  _IsAddControl                   
1     0000c016  _Kd                             
1     0000c02c  _Kd1                            
1     0000c038  _Kdo                            
1     0000c012  _Ki                             
1     0000c034  _Ki1                            
1     0000c02a  _Ki2                            
1     0000c04a  _KiTs                           
1     0000c007  _Ki_Enable                      
1     0000c036  _Kio                            
1     0000c024  _Kp                             
1     0000c02e  _Kp1                            
1     0000c040  _Kpo                            
0     00339315  _LUF_ISR                        
0     0033930b  _LVF_ISR                        
0     00339211  _MRINTA_ISR                     
0     003391fd  _MRINTB_ISR                     
0     0033921b  _MXINTA_ISR                     
0     00339207  _MXINTB_ISR                     
1     00005000  _McbspaRegs                     
1     00005040  _McbspbRegs                     
0     0033a826  _MemCopy                        
0     0033904f  _NMI_ISR                        
0     00339904  _NeedTurnToBP_StChangeCB        
1     0000c01c  _OUT0                           
0     00338b09  _OtherFaultDetScan              
1     0000c046  _OutPerStep                     
1     0000c028  _PID                            
0     0033881f  _PID_change                     
0     0033931f  _PIE_RESERVED                   
0     00339e2f  _PLCalOverFlowCallback          
0     00339e2e  _PLCapOverFlowCallback          
1     00380090  _PartIdRegs                     
0     00339d99  _PhaseLockChangeState           
0     00339dde  _PhaseLockCmd                   
0     00339d17  _PhaseLockInit                  
0     00339e06  _PhaseLockScan                  
1     0000c044  _PhasePerStep                   
1     00000ce0  _PieCtrlRegs                    
1     00000d00  _PieVectTable                   
0     0033aa54  _PieVectTableInit               
0     00339a7c  _RS232ChangeState               
0     003399be  _RS232Init                      
0     00339b20  _RS232MB03Return                
0     00339b2d  _RS232Scan                      
0     00339ac1  _RS232SendData                  
0     0033968b  _RS485ChangeState               
0     003395c1  _RS485Init                      
0     00339735  _RS485MB03Return                
0     00339742  _RS485MB06Return                
0     0033974d  _RS485MB16Return                
0     00339758  _RS485Scan                      
0     003396d0  _RS485SendData                  
0     0033903b  _RTOSINT_ISR                    
0     0032001f  _RamfuncsLoadEnd                
0     00320000  _RamfuncsLoadStart              
0     00008000  _RamfuncsRunStart               
0     003398df  _ReadEndCB                      
0     003398d9  _ReadFpgaRegs                   
0     003398e1  _RecSW_StChangeCB               
1     0000c4b3  _RemainSendNum                  
1     0000c4b4  _RemainSendNum485               
1     0000c00e  _RemainStep                     
0     0033a84a  _ResetHardwarePool              
0     00338b3d  _RmsFaultDetectScan             
0     00339ada  _Rs232SendRemain                
0     003396ef  _Rs485SendRemain                
0     0033835e  _SACInit                        
0     00338512  _SAC_Scan                       
0     00339289  _SCIRXINTA_ISR                  
0     0033929d  _SCIRXINTB_ISR                  
0     00339275  _SCIRXINTC_ISR                  
0     00339293  _SCITXINTA_ISR                  
0     003392a7  _SCITXINTB_ISR                  
0     0033927f  _SCITXINTC_ISR                  
0     0033a3a2  _SCRRSCC                        
0     003390db  _SEQ1INT_ISR                    
0     003390e5  _SEQ2INT_ISR                    
1     0000c056  _SNumRec                        
1     0000c009  _SOFT_START                     
0     003391e9  _SPIRXINTA_ISR                  
0     003391f3  _SPITXINTA_ISR                  
1     0000c00b  _SampleN                        
1     0000c04e  _SamplePhase                    
1     00007050  _SciaRegs                       
1     00007750  _ScibRegs                       
0     0033a4ea  _ScibRx_ISR                     
0     0033a4a9  _ScibTx_ISR                     
1     00007770  _ScicRegs                       
0     0033a562  _ScicRx_ISR                     
0     0033a521  _ScicTx_ISR                     
0     0033a350  _ScrChangeState                 
0     0033a314  _ScrInit                        
0     00339f6b  _ServiceDog                     
0     0033866f  _SoftStartRun                   
1     00007040  _SpiaRegs                       
1     00007010  _SysCtrlRegs                    
1     0000c01a  _T                              
1     0000c004  _TIMER1_num                     
0     0033910d  _TINT0_ISR                      
1     0000c000  _Target                         
1     0000c026  _Td                             
0     00339914  _TempHigh_StChangeCB            
1     0000c018  _Ti                             
0     0033a25a  _TickChangeState                
1     0000c3ee  _TickEnd                        
0     0033a240  _TickInit                       
0     0033a27f  _TickScanCallback               
1     0000c4b2  _TxBufferPtr                    
1     0000c4b5  _TxBufferPtr485                 
1     0000c2c0  _UA                             
1     0000c180  _UAi                            
1     0000c020  _UDC                            
0     003390bd  _USER10_ISR                     
0     003390c7  _USER11_ISR                     
0     003390d1  _USER12_ISR                     
0     00339063  _USER1_ISR                      
0     0033906d  _USER2_ISR                      
0     00339077  _USER3_ISR                      
0     00339081  _USER4_ISR                      
0     0033908b  _USER5_ISR                      
0     00339095  _USER6_ISR                      
0     0033909f  _USER7_ISR                      
0     003390a9  _USER8_ISR                      
0     003390b3  _USER9_ISR                      
1     0000c080  _UaFifo                         
1     0000c050  _UaPh                           
1     0000c005  _UaPtr                          
1     0000c052  _UaSa                           
0     003394d3  _Unit16toFloat                  
0     00338cd2  _UseCan                         
0     00338000  _UseControlSystem               
0     003397d4  _UseFpgaDriver                  
0     00339cf8  _UsePhaseLock                   
0     003399a1  _UseRS232                       
0     003395a2  _UseRS485                       
0     0033a2fc  _UseScr                         
0     0033a22f  _UseSystemTick                  
0     00339333  _UsemyCommunication             
0     0033889a  _UsemyFaultDetect               
1     0000c5da  _ValCap                         
1     0000c5d8  _ValCap5                        
0     00339518  _VerifyFrame                    
0     00339117  _WAKEINT_ISR                    
0     00339380  _Write06Buf                     
0     003393e8  _Write16Buf                     
0     00339450  _Write2Buf                      
0     003390ef  _XINT1_ISR                      
0     003390f9  _XINT2_ISR                      
0     003392d9  _XINT3_ISR                      
0     003392e3  _XINT4_ISR                      
0     003392ed  _XINT5_ISR                      
0     003392f7  _XINT6_ISR                      
0     00339301  _XINT7_ISR                      
1     00007070  _XIntruptRegs                   
0     0033a7fd  _Xint3_ISR                      
1     00000b20  _XintfRegs                      
1     00000700  __STACK_END                     
abs   00000300  __STACK_SIZE                    
1     0000c4ae  ___TI_cleanup_ptr               
1     0000c4b0  ___TI_dtors_ptr                 
1     0000c4ac  ___TI_enable_exit_profile_output
abs   ffffffff  ___TI_pprof_out_hndl            
abs   ffffffff  ___TI_prof_data_size            
abs   ffffffff  ___TI_prof_data_start           
abs   ffffffff  ___binit__                      
abs   ffffffff  ___c_args__                     
0     0033ab54  ___cinit__                      
0     0033a854  ___etext__                      
abs   ffffffff  ___pinit__                      
0     00338000  ___text__                       
0     0033a7e4  __args_main                     
1     0000c4b6  __lock                          
0     0033a841  __nop                           
0     0033a83d  __register_lock                 
0     0033a839  __register_unlock               
1     00000400  __stack                         
0     0033a853  __system_post_cinit             
0     0033a851  __system_pre_init               
1     0000c4b8  __unlock                        
0     0033a713  _abort                          
0     0033a854  _auchCRCHi                      
0     0033a954  _auchCRCLo                      
0     0033a6bd  _c_int00                        
0     0033a789  _copy_in                        
0     003394f3  _crc16                          
1     0000c03e  _ek                             
1     0000c032  _ek1                            
1     0000c030  _ek2                            
1     0000c03c  _ek_sum                         
1     0000c4bb  _errno                          
0     0033a715  _exit                           
1     0000c00d  _iCalRMS                        
1     0000c00c  _iCalRMS1                       
0     0033a42c  _main                           
0     0033a7ad  _memcpy                         
1     0000c001  _muxian_count                   
1     0000c400  _myCommunication                
1     0000c0c0  _myControlSystem                
1     0000c500  _myFaultDetect                  
1     0000c558  _myFpgaDriver                   
1     0000c3ff  _myHardwarePool                 
1     0000c3fe  _myHardwarePool2                
1     0000c5dc  _myPhaseLock                    
1     0000c580  _myScr                          
1     0000c3f4  _mySystemTick                   
0     00339329  _rsvd_ISR                       
0     0033877e  _scr_number_switch              
0     0033a60e  _sin                            
0     0033a60e  _sinf                           
0     003387ee  _soft_start                     
0     0033a764  _sqrt                           
0     0033a764  _sqrtf                          
abs   ffffffff  binit                           
0     0033ab54  cinit                           
0     0033fff6  code_start                      
0     0033a854  etext                           
abs   ffffffff  pinit                           


GLOBAL SYMBOLS: SORTED BY Symbol Address 

page  address   name                            
----  -------   ----                            
0     00008000  _InitFlash                      
0     00008000  _RamfuncsRunStart               
0     0000801b  _DSP28x_usDelay                 
0     00320000  _RamfuncsLoadStart              
0     0032001f  _RamfuncsLoadEnd                
0     00338000  .text                           
0     00338000  _UseControlSystem               
0     00338000  ___text__                       
0     00338141  _ControlSystemInit              
0     00338154  _IsAddControl                   
0     00338183  _Control                        
0     00338287  _CalRMS                         
0     0033835e  _SACInit                        
0     003384cb  _ChangeSampleState              
0     00338512  _SAC_Scan                       
0     0033864b  _CalRMSCmd                      
0     0033866f  _SoftStartRun                   
0     00338739  _ActuatorInit                   
0     00338748  _ActuatorChangeState            
0     0033874d  _ActuatorGetOutputPhase         
0     0033877e  _scr_number_switch              
0     003387ee  _soft_start                     
0     0033881f  _PID_change                     
0     0033889a  _UsemyFaultDetect               
0     00338926  _InsFaultDetAndHandScan         
0     00338b09  _OtherFaultDetScan              
0     00338b3c  _InsFaultHandling               
0     00338b3d  _RmsFaultDetectScan             
0     00338cd0  _FaultHandlingScan              
0     00338cd2  _UseCan                         
0     00338d13  _CanInit                        
0     00338e50  _CanChangeState                 
0     00338e88  _ChangeAutoSendState            
0     00338eb0  _CanSendData                    
0     00338f45  _CanSendDataWithPtc2            
0     00338f52  _CanSendDataWithPtc             
0     00338f77  _CanAutoRecData                 
0     00338f83  _CanScan                        
0     0033901d  _INT13_ISR                      
0     00339027  _INT14_ISR                      
0     00339031  _DATALOG_ISR                    
0     0033903b  _RTOSINT_ISR                    
0     00339045  _EMUINT_ISR                     
0     0033904f  _NMI_ISR                        
0     00339059  _ILLEGAL_ISR                    
0     00339063  _USER1_ISR                      
0     0033906d  _USER2_ISR                      
0     00339077  _USER3_ISR                      
0     00339081  _USER4_ISR                      
0     0033908b  _USER5_ISR                      
0     00339095  _USER6_ISR                      
0     0033909f  _USER7_ISR                      
0     003390a9  _USER8_ISR                      
0     003390b3  _USER9_ISR                      
0     003390bd  _USER10_ISR                     
0     003390c7  _USER11_ISR                     
0     003390d1  _USER12_ISR                     
0     003390db  _SEQ1INT_ISR                    
0     003390e5  _SEQ2INT_ISR                    
0     003390ef  _XINT1_ISR                      
0     003390f9  _XINT2_ISR                      
0     00339103  _ADCINT_ISR                     
0     0033910d  _TINT0_ISR                      
0     00339117  _WAKEINT_ISR                    
0     00339121  _EPWM1_TZINT_ISR                
0     0033912b  _EPWM2_TZINT_ISR                
0     00339135  _EPWM3_TZINT_ISR                
0     0033913f  _EPWM4_TZINT_ISR                
0     00339149  _EPWM5_TZINT_ISR                
0     00339153  _EPWM6_TZINT_ISR                
0     0033915d  _EPWM1_INT_ISR                  
0     00339167  _EPWM2_INT_ISR                  
0     00339171  _EPWM3_INT_ISR                  
0     0033917b  _EPWM4_INT_ISR                  
0     00339185  _EPWM5_INT_ISR                  
0     0033918f  _EPWM6_INT_ISR                  
0     00339199  _ECAP1_INT_ISR                  
0     003391a3  _ECAP2_INT_ISR                  
0     003391ad  _ECAP3_INT_ISR                  
0     003391b7  _ECAP4_INT_ISR                  
0     003391c1  _ECAP5_INT_ISR                  
0     003391cb  _ECAP6_INT_ISR                  
0     003391d5  _EQEP1_INT_ISR                  
0     003391df  _EQEP2_INT_ISR                  
0     003391e9  _SPIRXINTA_ISR                  
0     003391f3  _SPITXINTA_ISR                  
0     003391fd  _MRINTB_ISR                     
0     00339207  _MXINTB_ISR                     
0     00339211  _MRINTA_ISR                     
0     0033921b  _MXINTA_ISR                     
0     00339225  _DINTCH1_ISR                    
0     0033922f  _DINTCH2_ISR                    
0     00339239  _DINTCH3_ISR                    
0     00339243  _DINTCH4_ISR                    
0     0033924d  _DINTCH5_ISR                    
0     00339257  _DINTCH6_ISR                    
0     00339261  _I2CINT1A_ISR                   
0     0033926b  _I2CINT2A_ISR                   
0     00339275  _SCIRXINTC_ISR                  
0     0033927f  _SCITXINTC_ISR                  
0     00339289  _SCIRXINTA_ISR                  
0     00339293  _SCITXINTA_ISR                  
0     0033929d  _SCIRXINTB_ISR                  
0     003392a7  _SCITXINTB_ISR                  
0     003392b1  _ECAN0INTA_ISR                  
0     003392bb  _ECAN1INTA_ISR                  
0     003392c5  _ECAN0INTB_ISR                  
0     003392cf  _ECAN1INTB_ISR                  
0     003392d9  _XINT3_ISR                      
0     003392e3  _XINT4_ISR                      
0     003392ed  _XINT5_ISR                      
0     003392f7  _XINT6_ISR                      
0     00339301  _XINT7_ISR                      
0     0033930b  _LVF_ISR                        
0     00339315  _LUF_ISR                        
0     0033931f  _PIE_RESERVED                   
0     00339329  _rsvd_ISR                       
0     00339333  _UsemyCommunication             
0     00339345  _ComInit                        
0     00339365  _ComChangeState                 
0     00339380  _Write06Buf                     
0     003393e8  _Write16Buf                     
0     00339450  _Write2Buf                      
0     003394b3  _Float2Uint16                   
0     003394d3  _Unit16toFloat                  
0     003394f3  _crc16                          
0     00339518  _VerifyFrame                    
0     003395a2  _UseRS485                       
0     003395c1  _RS485Init                      
0     0033968b  _RS485ChangeState               
0     003396d0  _RS485SendData                  
0     003396ef  _Rs485SendRemain                
0     00339735  _RS485MB03Return                
0     00339742  _RS485MB06Return                
0     0033974d  _RS485MB16Return                
0     00339758  _RS485Scan                      
0     003397d4  _UseFpgaDriver                  
0     003397ff  _FpgaDriverInit                 
0     0033987b  _FpgaDriverChangeState          
0     003398a6  _FpgaDriverScan                 
0     003398d9  _ReadFpgaRegs                   
0     003398df  _ReadEndCB                      
0     003398e1  _RecSW_StChangeCB               
0     003398f2  _InvRun_StChangeCB              
0     00339904  _NeedTurnToBP_StChangeCB        
0     00339914  _TempHigh_StChangeCB            
0     00339924  _Arm_StChangeCB                 
0     0033994e  _FDSpwmOutEnable                
0     0033996a  _FDInvSwitchOn                  
0     00339986  _FDRecInputSW                   
0     003399a1  _UseRS232                       
0     003399be  _RS232Init                      
0     00339a7c  _RS232ChangeState               
0     00339ac1  _RS232SendData                  
0     00339ada  _Rs232SendRemain                
0     00339b20  _RS232MB03Return                
0     00339b2d  _RS232Scan                      
0     00339b63  _ADC_ISR                        
0     00339ba3  _Epwm1_ISR                      
0     00339c5d  _CpuTimer1_ISR                  
0     00339cf8  _UsePhaseLock                   
0     00339d17  _PhaseLockInit                  
0     00339d99  _PhaseLockChangeState           
0     00339dde  _PhaseLockCmd                   
0     00339e06  _PhaseLockScan                  
0     00339e2e  _PLCapOverFlowCallback          
0     00339e2f  _PLCalOverFlowCallback          
0     00339e30  _InitECan                       
0     00339e35  _InitECana                      
0     00339eb4  _InitECanb                      
0     00339f33  _InitECanGpio                   
0     00339f38  _InitECanaGpio                  
0     00339f4e  _InitECanbGpio                  
0     00339f62  _InitSysCtrl                    
0     00339f6b  _ServiceDog                     
0     00339f75  _DisableDog                     
0     00339f7d  _InitPll                        
0     00339fce  _InitPeripheralClocks           
0     0033a029  _CsmUnlock                      
0     0033a05a  _ECap2_ISR                      
0     0033a0d8  _ECap5_ISR                      
0     0033a152  _CanbInt0_ISR                   
0     0033a181  _CanbInt1_ISR                   
0     0033a22f  _UseSystemTick                  
0     0033a240  _TickInit                       
0     0033a25a  _TickChangeState                
0     0033a27f  _TickScanCallback               
0     0033a2fc  _UseScr                         
0     0033a314  _ScrInit                        
0     0033a350  _ScrChangeState                 
0     0033a3a2  _SCRRSCC                        
0     0033a3a4  FS$$DIV                         
0     0033a42c  _main                           
0     0033a4a9  _ScibTx_ISR                     
0     0033a4ea  _ScibRx_ISR                     
0     0033a521  _ScicTx_ISR                     
0     0033a562  _ScicRx_ISR                     
0     0033a599  _InitCpuTimers                  
0     0033a5d4  _ConfigCpuTimer                 
0     0033a60e  _sin                            
0     0033a60e  _sinf                           
0     0033a666  _InitPieVectTable               
0     0033a6bd  _c_int00                        
0     0033a713  C$$EXIT                         
0     0033a713  _abort                          
0     0033a715  _exit                           
0     0033a73c  _InitPieCtrl                    
0     0033a75b  _EnableInterrupts               
0     0033a764  _sqrt                           
0     0033a764  _sqrtf                          
0     0033a789  _copy_in                        
0     0033a7ad  _memcpy                         
0     0033a7cb  _CpuTimer0_ISR                  
0     0033a7e4  __args_main                     
0     0033a7fd  _Xint3_ISR                      
0     0033a812  _InitAdc                        
0     0033a826  _MemCopy                        
0     0033a839  __register_unlock               
0     0033a83d  __register_lock                 
0     0033a841  __nop                           
0     0033a84a  _ResetHardwarePool              
0     0033a851  __system_pre_init               
0     0033a853  __system_post_cinit             
0     0033a854  ___etext__                      
0     0033a854  _auchCRCHi                      
0     0033a854  etext                           
0     0033a954  _auchCRCLo                      
0     0033aa54  _PieVectTableInit               
0     0033ab54  ___cinit__                      
0     0033ab54  cinit                           
0     0033fff6  code_start                      
0     00380080  _ADC_cal                        
1     00000400  __stack                         
1     00000700  __STACK_END                     
1     00000880  _DevEmuRegs                     
1     00000a80  _FlashRegs                      
1     00000ae0  _CsmRegs                        
1     00000b00  _AdcMirror                      
1     00000b20  _XintfRegs                      
1     00000c00  _CpuTimer0Regs                  
1     00000c08  _CpuTimer1Regs                  
1     00000c10  _CpuTimer2Regs                  
1     00000ce0  _PieCtrlRegs                    
1     00000d00  _PieVectTable                   
1     00001000  _DmaRegs                        
1     00005000  _McbspaRegs                     
1     00005040  _McbspbRegs                     
1     00006000  _ECanaRegs                      
1     00006040  _ECanaLAMRegs                   
1     00006080  _ECanaMOTSRegs                  
1     000060c0  _ECanaMOTORegs                  
1     00006100  _ECanaMboxes                    
1     00006200  _ECanbRegs                      
1     00006240  _ECanbLAMRegs                   
1     00006280  _ECanbMOTSRegs                  
1     000062c0  _ECanbMOTORegs                  
1     00006300  _ECanbMboxes                    
1     00006800  _EPwm1Regs                      
1     00006840  _EPwm2Regs                      
1     00006880  _EPwm3Regs                      
1     000068c0  _EPwm4Regs                      
1     00006900  _EPwm5Regs                      
1     00006940  _EPwm6Regs                      
1     00006a00  _ECap1Regs                      
1     00006a20  _ECap2Regs                      
1     00006a40  _ECap3Regs                      
1     00006a60  _ECap4Regs                      
1     00006a80  _ECap5Regs                      
1     00006aa0  _ECap6Regs                      
1     00006b00  _EQep1Regs                      
1     00006b40  _EQep2Regs                      
1     00006f80  _GpioCtrlRegs                   
1     00006fc0  _GpioDataRegs                   
1     00006fe0  _GpioIntRegs                    
1     00007010  _SysCtrlRegs                    
1     00007040  _SpiaRegs                       
1     00007050  _SciaRegs                       
1     00007070  _XIntruptRegs                   
1     00007100  _AdcRegs                        
1     00007750  _ScibRegs                       
1     00007770  _ScicRegs                       
1     00007900  _I2caRegs                       
1     0000c000  _Target                         
1     0000c001  _muxian_count                   
1     0000c002  _DC_SoftL_Target                
1     0000c003  _DC_Target                      
1     0000c004  _TIMER1_num                     
1     0000c005  _UaPtr                          
1     0000c006  _FIRST_START                    
1     0000c007  _Ki_Enable                      
1     0000c008  _I_KiEnable                     
1     0000c009  _SOFT_START                     
1     0000c00a  _DC_SoftH_Target                
1     0000c00b  _SampleN                        
1     0000c00c  _iCalRMS1                       
1     0000c00d  _iCalRMS                        
1     0000c00e  _RemainStep                     
1     0000c012  _Ki                             
1     0000c016  _Kd                             
1     0000c018  _Ti                             
1     0000c01a  _T                              
1     0000c01c  _OUT0                           
1     0000c020  _UDC                            
1     0000c024  _Kp                             
1     0000c026  _Td                             
1     0000c028  _PID                            
1     0000c02a  _Ki2                            
1     0000c02c  _Kd1                            
1     0000c02e  _Kp1                            
1     0000c030  _ek2                            
1     0000c032  _ek1                            
1     0000c034  _Ki1                            
1     0000c036  _Kio                            
1     0000c038  _Kdo                            
1     0000c03c  _ek_sum                         
1     0000c03e  _ek                             
1     0000c040  _Kpo                            
1     0000c044  _PhasePerStep                   
1     0000c046  _OutPerStep                     
1     0000c048  _COPRD                          
1     0000c04a  _KiTs                           
1     0000c04c  _CurPhase                       
1     0000c04e  _SamplePhase                    
1     0000c050  _UaPh                           
1     0000c052  _UaSa                           
1     0000c054  _DeltaPh                        
1     0000c056  _SNumRec                        
1     0000c080  _UaFifo                         
1     0000c0c0  _myControlSystem                
1     0000c180  _UAi                            
1     0000c2c0  _UA                             
1     0000c3ee  _TickEnd                        
1     0000c3f4  _mySystemTick                   
1     0000c3fe  _myHardwarePool2                
1     0000c3ff  _myHardwarePool                 
1     0000c400  _myCommunication                
1     0000c4ac  ___TI_enable_exit_profile_output
1     0000c4ae  ___TI_cleanup_ptr               
1     0000c4b0  ___TI_dtors_ptr                 
1     0000c4b2  _TxBufferPtr                    
1     0000c4b3  _RemainSendNum                  
1     0000c4b4  _RemainSendNum485               
1     0000c4b5  _TxBufferPtr485                 
1     0000c4b6  __lock                          
1     0000c4b8  __unlock                        
1     0000c4ba  _FrameEnd                       
1     0000c4bb  _errno                          
1     0000c4c0  _ComCnt                         
1     0000c500  _myFaultDetect                  
1     0000c552  _FpgaIntFlag                    
1     0000c554  _FpgaAddr0                      
1     0000c556  _FpgaAddr1                      
1     0000c558  _myFpgaDriver                   
1     0000c580  _myScr                          
1     0000c5d6  _FlagCapEnd                     
1     0000c5d8  _ValCap5                        
1     0000c5da  _ValCap                         
1     0000c5dc  _myPhaseLock                    
1     0000c600  _CpuTimer1                      
1     0000c608  _CpuTimer2                      
1     0000c610  _CpuTimer0                      
1     0033fff8  _CsmPwl                         
1     00380090  _PartIdRegs                     
abs   00000300  __STACK_SIZE                    
abs   ffffffff  ___TI_pprof_out_hndl            
abs   ffffffff  ___TI_prof_data_size            
abs   ffffffff  ___TI_prof_data_start           
abs   ffffffff  ___binit__                      
abs   ffffffff  ___c_args__                     
abs   ffffffff  ___pinit__                      
abs   ffffffff  binit                           
abs   ffffffff  pinit                           

[372 symbols]
