###############################################################################
#                                                                             #
# IAR ELF Linker V6.10.1.52143/W32 for ARM              31/Oct/2018  16:10:15 #
# Copyright 2007-2010 IAR Systems AB.                                         #
#                                                                             #
#    Output file  =  F:\ÑÐ·¢\107BMSÖ÷¿ØÆ÷\2zu128\1ÍÏ2V1.1\RTOS-MODBSU-TCP-IP\ #
#                    STM32_EVAL\Debug\Exe\RTOS demo.out                       #
#    Map file     =  F:\ÑÐ·¢\107BMSÖ÷¿ØÆ÷\2zu128\1ÍÏ2V1.1\RTOS-MODBSU-TCP-IP\ #
#                    STM32_EVAL\Debug\List\RTOS demo.map                      #
#    Command line =  F:\ÑÐ·¢\107BMSÖ÷¿ØÆ÷\2zu128\1ÍÏ2V1.1\RTOS-MODBSU-TCP-IP\ #
#                    STM32_EVAL\Debug\Obj\24cxx.o                             #
#                    F:\ÑÐ·¢\107BMSÖ÷¿ØÆ÷\2zu128\1ÍÏ2V1.1\RTOS-MODBSU-TCP-IP\ #
#                    STM32_EVAL\Debug\Obj\DIPswitch.o                         #
#                    F:\ÑÐ·¢\107BMSÖ÷¿ØÆ÷\2zu128\1ÍÏ2V1.1\RTOS-MODBSU-TCP-IP\ #
#                    STM32_EVAL\Debug\Obj\RS485.o                             #
#                    F:\ÑÐ·¢\107BMSÖ÷¿ØÆ÷\2zu128\1ÍÏ2V1.1\RTOS-MODBSU-TCP-IP\ #
#                    STM32_EVAL\Debug\Obj\RTC_Time.o                          #
#                    F:\ÑÐ·¢\107BMSÖ÷¿ØÆ÷\2zu128\1ÍÏ2V1.1\RTOS-MODBSU-TCP-IP\ #
#                    STM32_EVAL\Debug\Obj\UART5.o                             #
#                    F:\ÑÐ·¢\107BMSÖ÷¿ØÆ÷\2zu128\1ÍÏ2V1.1\RTOS-MODBSU-TCP-IP\ #
#                    STM32_EVAL\Debug\Obj\USART1.o                            #
#                    F:\ÑÐ·¢\107BMSÖ÷¿ØÆ÷\2zu128\1ÍÏ2V1.1\RTOS-MODBSU-TCP-IP\ #
#                    STM32_EVAL\Debug\Obj\USART2.o                            #
#                    F:\ÑÐ·¢\107BMSÖ÷¿ØÆ÷\2zu128\1ÍÏ2V1.1\RTOS-MODBSU-TCP-IP\ #
#                    STM32_EVAL\Debug\Obj\USART3.o                            #
#                    F:\ÑÐ·¢\107BMSÖ÷¿ØÆ÷\2zu128\1ÍÏ2V1.1\RTOS-MODBSU-TCP-IP\ #
#                    STM32_EVAL\Debug\Obj\app.o F:\ÑÐ·¢\107BMSÖ÷¿ØÆ÷\2zu128\1 #
#                    ÍÏ2V1.1\RTOS-MODBSU-TCP-IP\STM32_EVAL\Debug\Obj\bms.o    #
#                    F:\ÑÐ·¢\107BMSÖ÷¿ØÆ÷\2zu128\1ÍÏ2V1.1\RTOS-MODBSU-TCP-IP\ #
#                    STM32_EVAL\Debug\Obj\core_cm3.o                          #
#                    F:\ÑÐ·¢\107BMSÖ÷¿ØÆ÷\2zu128\1ÍÏ2V1.1\RTOS-MODBSU-TCP-IP\ #
#                    STM32_EVAL\Debug\Obj\cpu_a.o                             #
#                    F:\ÑÐ·¢\107BMSÖ÷¿ØÆ÷\2zu128\1ÍÏ2V1.1\RTOS-MODBSU-TCP-IP\ #
#                    STM32_EVAL\Debug\Obj\cpu_c.o                             #
#                    F:\ÑÐ·¢\107BMSÖ÷¿ØÆ÷\2zu128\1ÍÏ2V1.1\RTOS-MODBSU-TCP-IP\ #
#                    STM32_EVAL\Debug\Obj\cr4_fft_1024_stm32.o                #
#                    F:\ÑÐ·¢\107BMSÖ÷¿ØÆ÷\2zu128\1ÍÏ2V1.1\RTOS-MODBSU-TCP-IP\ #
#                    STM32_EVAL\Debug\Obj\cr4_fft_256_stm32.o                 #
#                    F:\ÑÐ·¢\107BMSÖ÷¿ØÆ÷\2zu128\1ÍÏ2V1.1\RTOS-MODBSU-TCP-IP\ #
#                    STM32_EVAL\Debug\Obj\cr4_fft_64_stm32.o                  #
#                    F:\ÑÐ·¢\107BMSÖ÷¿ØÆ÷\2zu128\1ÍÏ2V1.1\RTOS-MODBSU-TCP-IP\ #
#                    STM32_EVAL\Debug\Obj\ethernetif.o                        #
#                    F:\ÑÐ·¢\107BMSÖ÷¿ØÆ÷\2zu128\1ÍÏ2V1.1\RTOS-MODBSU-TCP-IP\ #
#                    STM32_EVAL\Debug\Obj\gpio_control.o                      #
#                    F:\ÑÐ·¢\107BMSÖ÷¿ØÆ÷\2zu128\1ÍÏ2V1.1\RTOS-MODBSU-TCP-IP\ #
#                    STM32_EVAL\Debug\Obj\lib_ascii.o                         #
#                    F:\ÑÐ·¢\107BMSÖ÷¿ØÆ÷\2zu128\1ÍÏ2V1.1\RTOS-MODBSU-TCP-IP\ #
#                    STM32_EVAL\Debug\Obj\lib_mem.o                           #
#                    F:\ÑÐ·¢\107BMSÖ÷¿ØÆ÷\2zu128\1ÍÏ2V1.1\RTOS-MODBSU-TCP-IP\ #
#                    STM32_EVAL\Debug\Obj\lib_mem_a.o                         #
#                    F:\ÑÐ·¢\107BMSÖ÷¿ØÆ÷\2zu128\1ÍÏ2V1.1\RTOS-MODBSU-TCP-IP\ #
#                    STM32_EVAL\Debug\Obj\lib_str.o                           #
#                    F:\ÑÐ·¢\107BMSÖ÷¿ØÆ÷\2zu128\1ÍÏ2V1.1\RTOS-MODBSU-TCP-IP\ #
#                    STM32_EVAL\Debug\Obj\mb.o F:\ÑÐ·¢\107BMSÖ÷¿ØÆ÷\2zu128\1Í #
#                    Ï2V1.1\RTOS-MODBSU-TCP-IP\STM32_EVAL\Debug\Obj\mbfunccoi #
#                    ls.o F:\ÑÐ·¢\107BMSÖ÷¿ØÆ÷\2zu128\1ÍÏ2V1.1\RTOS-MODBSU-TC #
#                    P-IP\STM32_EVAL\Debug\Obj\mbfuncdiag.o                   #
#                    F:\ÑÐ·¢\107BMSÖ÷¿ØÆ÷\2zu128\1ÍÏ2V1.1\RTOS-MODBSU-TCP-IP\ #
#                    STM32_EVAL\Debug\Obj\mbfuncdisc.o                        #
#                    F:\ÑÐ·¢\107BMSÖ÷¿ØÆ÷\2zu128\1ÍÏ2V1.1\RTOS-MODBSU-TCP-IP\ #
#                    STM32_EVAL\Debug\Obj\mbfuncholding.o                     #
#                    F:\ÑÐ·¢\107BMSÖ÷¿ØÆ÷\2zu128\1ÍÏ2V1.1\RTOS-MODBSU-TCP-IP\ #
#                    STM32_EVAL\Debug\Obj\mbfuncinput.o                       #
#                    F:\ÑÐ·¢\107BMSÖ÷¿ØÆ÷\2zu128\1ÍÏ2V1.1\RTOS-MODBSU-TCP-IP\ #
#                    STM32_EVAL\Debug\Obj\mbfuncother.o                       #
#                    F:\ÑÐ·¢\107BMSÖ÷¿ØÆ÷\2zu128\1ÍÏ2V1.1\RTOS-MODBSU-TCP-IP\ #
#                    STM32_EVAL\Debug\Obj\mbtcp.o                             #
#                    F:\ÑÐ·¢\107BMSÖ÷¿ØÆ÷\2zu128\1ÍÏ2V1.1\RTOS-MODBSU-TCP-IP\ #
#                    STM32_EVAL\Debug\Obj\mbutils.o                           #
#                    F:\ÑÐ·¢\107BMSÖ÷¿ØÆ÷\2zu128\1ÍÏ2V1.1\RTOS-MODBSU-TCP-IP\ #
#                    STM32_EVAL\Debug\Obj\misc.o                              #
#                    F:\ÑÐ·¢\107BMSÖ÷¿ØÆ÷\2zu128\1ÍÏ2V1.1\RTOS-MODBSU-TCP-IP\ #
#                    STM32_EVAL\Debug\Obj\myiic.o                             #
#                    F:\ÑÐ·¢\107BMSÖ÷¿ØÆ÷\2zu128\1ÍÏ2V1.1\RTOS-MODBSU-TCP-IP\ #
#                    STM32_EVAL\Debug\Obj\net.o F:\ÑÐ·¢\107BMSÖ÷¿ØÆ÷\2zu128\1 #
#                    ÍÏ2V1.1\RTOS-MODBSU-TCP-IP\STM32_EVAL\Debug\Obj\net_arp. #
#                    o F:\ÑÐ·¢\107BMSÖ÷¿ØÆ÷\2zu128\1ÍÏ2V1.1\RTOS-MODBSU-TCP-I #
#                    P\STM32_EVAL\Debug\Obj\net_ascii.o                       #
#                    F:\ÑÐ·¢\107BMSÖ÷¿ØÆ÷\2zu128\1ÍÏ2V1.1\RTOS-MODBSU-TCP-IP\ #
#                    STM32_EVAL\Debug\Obj\net_bsd.o                           #
#                    F:\ÑÐ·¢\107BMSÖ÷¿ØÆ÷\2zu128\1ÍÏ2V1.1\RTOS-MODBSU-TCP-IP\ #
#                    STM32_EVAL\Debug\Obj\net_bsp.o                           #
#                    F:\ÑÐ·¢\107BMSÖ÷¿ØÆ÷\2zu128\1ÍÏ2V1.1\RTOS-MODBSU-TCP-IP\ #
#                    STM32_EVAL\Debug\Obj\net_buf.o                           #
#                    F:\ÑÐ·¢\107BMSÖ÷¿ØÆ÷\2zu128\1ÍÏ2V1.1\RTOS-MODBSU-TCP-IP\ #
#                    STM32_EVAL\Debug\Obj\net_conn.o                          #
#                    F:\ÑÐ·¢\107BMSÖ÷¿ØÆ÷\2zu128\1ÍÏ2V1.1\RTOS-MODBSU-TCP-IP\ #
#                    STM32_EVAL\Debug\Obj\net_ctr.o                           #
#                    F:\ÑÐ·¢\107BMSÖ÷¿ØÆ÷\2zu128\1ÍÏ2V1.1\RTOS-MODBSU-TCP-IP\ #
#                    STM32_EVAL\Debug\Obj\net_dbg.o                           #
#                    F:\ÑÐ·¢\107BMSÖ÷¿ØÆ÷\2zu128\1ÍÏ2V1.1\RTOS-MODBSU-TCP-IP\ #
#                    STM32_EVAL\Debug\Obj\net_err.o                           #
#                    F:\ÑÐ·¢\107BMSÖ÷¿ØÆ÷\2zu128\1ÍÏ2V1.1\RTOS-MODBSU-TCP-IP\ #
#                    STM32_EVAL\Debug\Obj\net_icmp.o                          #
#                    F:\ÑÐ·¢\107BMSÖ÷¿ØÆ÷\2zu128\1ÍÏ2V1.1\RTOS-MODBSU-TCP-IP\ #
#                    STM32_EVAL\Debug\Obj\net_if.o                            #
#                    F:\ÑÐ·¢\107BMSÖ÷¿ØÆ÷\2zu128\1ÍÏ2V1.1\RTOS-MODBSU-TCP-IP\ #
#                    STM32_EVAL\Debug\Obj\net_if_pkt.o                        #
#                    F:\ÑÐ·¢\107BMSÖ÷¿ØÆ÷\2zu128\1ÍÏ2V1.1\RTOS-MODBSU-TCP-IP\ #
#                    STM32_EVAL\Debug\Obj\net_ip.o                            #
#                    F:\ÑÐ·¢\107BMSÖ÷¿ØÆ÷\2zu128\1ÍÏ2V1.1\RTOS-MODBSU-TCP-IP\ #
#                    STM32_EVAL\Debug\Obj\net_nic.o                           #
#                    F:\ÑÐ·¢\107BMSÖ÷¿ØÆ÷\2zu128\1ÍÏ2V1.1\RTOS-MODBSU-TCP-IP\ #
#                    STM32_EVAL\Debug\Obj\net_os.o                            #
#                    F:\ÑÐ·¢\107BMSÖ÷¿ØÆ÷\2zu128\1ÍÏ2V1.1\RTOS-MODBSU-TCP-IP\ #
#                    STM32_EVAL\Debug\Obj\net_sock.o                          #
#                    F:\ÑÐ·¢\107BMSÖ÷¿ØÆ÷\2zu128\1ÍÏ2V1.1\RTOS-MODBSU-TCP-IP\ #
#                    STM32_EVAL\Debug\Obj\net_stat.o                          #
#                    F:\ÑÐ·¢\107BMSÖ÷¿ØÆ÷\2zu128\1ÍÏ2V1.1\RTOS-MODBSU-TCP-IP\ #
#                    STM32_EVAL\Debug\Obj\net_tcp.o                           #
#                    F:\ÑÐ·¢\107BMSÖ÷¿ØÆ÷\2zu128\1ÍÏ2V1.1\RTOS-MODBSU-TCP-IP\ #
#                    STM32_EVAL\Debug\Obj\net_tmr.o                           #
#                    F:\ÑÐ·¢\107BMSÖ÷¿ØÆ÷\2zu128\1ÍÏ2V1.1\RTOS-MODBSU-TCP-IP\ #
#                    STM32_EVAL\Debug\Obj\net_udp.o                           #
#                    F:\ÑÐ·¢\107BMSÖ÷¿ØÆ÷\2zu128\1ÍÏ2V1.1\RTOS-MODBSU-TCP-IP\ #
#                    STM32_EVAL\Debug\Obj\net_util.o                          #
#                    F:\ÑÐ·¢\107BMSÖ÷¿ØÆ÷\2zu128\1ÍÏ2V1.1\RTOS-MODBSU-TCP-IP\ #
#                    STM32_EVAL\Debug\Obj\net_util_a.o                        #
#                    F:\ÑÐ·¢\107BMSÖ÷¿ØÆ÷\2zu128\1ÍÏ2V1.1\RTOS-MODBSU-TCP-IP\ #
#                    STM32_EVAL\Debug\Obj\os_core.o                           #
#                    F:\ÑÐ·¢\107BMSÖ÷¿ØÆ÷\2zu128\1ÍÏ2V1.1\RTOS-MODBSU-TCP-IP\ #
#                    STM32_EVAL\Debug\Obj\os_cpu_a.o                          #
#                    F:\ÑÐ·¢\107BMSÖ÷¿ØÆ÷\2zu128\1ÍÏ2V1.1\RTOS-MODBSU-TCP-IP\ #
#                    STM32_EVAL\Debug\Obj\os_cpu_c.o                          #
#                    F:\ÑÐ·¢\107BMSÖ÷¿ØÆ÷\2zu128\1ÍÏ2V1.1\RTOS-MODBSU-TCP-IP\ #
#                    STM32_EVAL\Debug\Obj\os_dbg.o                            #
#                    F:\ÑÐ·¢\107BMSÖ÷¿ØÆ÷\2zu128\1ÍÏ2V1.1\RTOS-MODBSU-TCP-IP\ #
#                    STM32_EVAL\Debug\Obj\os_flag.o                           #
#                    F:\ÑÐ·¢\107BMSÖ÷¿ØÆ÷\2zu128\1ÍÏ2V1.1\RTOS-MODBSU-TCP-IP\ #
#                    STM32_EVAL\Debug\Obj\os_mbox.o                           #
#                    F:\ÑÐ·¢\107BMSÖ÷¿ØÆ÷\2zu128\1ÍÏ2V1.1\RTOS-MODBSU-TCP-IP\ #
#                    STM32_EVAL\Debug\Obj\os_mem.o                            #
#                    F:\ÑÐ·¢\107BMSÖ÷¿ØÆ÷\2zu128\1ÍÏ2V1.1\RTOS-MODBSU-TCP-IP\ #
#                    STM32_EVAL\Debug\Obj\os_mutex.o                          #
#                    F:\ÑÐ·¢\107BMSÖ÷¿ØÆ÷\2zu128\1ÍÏ2V1.1\RTOS-MODBSU-TCP-IP\ #
#                    STM32_EVAL\Debug\Obj\os_q.o                              #
#                    F:\ÑÐ·¢\107BMSÖ÷¿ØÆ÷\2zu128\1ÍÏ2V1.1\RTOS-MODBSU-TCP-IP\ #
#                    STM32_EVAL\Debug\Obj\os_sem.o                            #
#                    F:\ÑÐ·¢\107BMSÖ÷¿ØÆ÷\2zu128\1ÍÏ2V1.1\RTOS-MODBSU-TCP-IP\ #
#                    STM32_EVAL\Debug\Obj\os_task.o                           #
#                    F:\ÑÐ·¢\107BMSÖ÷¿ØÆ÷\2zu128\1ÍÏ2V1.1\RTOS-MODBSU-TCP-IP\ #
#                    STM32_EVAL\Debug\Obj\os_time.o                           #
#                    F:\ÑÐ·¢\107BMSÖ÷¿ØÆ÷\2zu128\1ÍÏ2V1.1\RTOS-MODBSU-TCP-IP\ #
#                    STM32_EVAL\Debug\Obj\os_tmr.o                            #
#                    F:\ÑÐ·¢\107BMSÖ÷¿ØÆ÷\2zu128\1ÍÏ2V1.1\RTOS-MODBSU-TCP-IP\ #
#                    STM32_EVAL\Debug\Obj\portarch.o                          #
#                    F:\ÑÐ·¢\107BMSÖ÷¿ØÆ÷\2zu128\1ÍÏ2V1.1\RTOS-MODBSU-TCP-IP\ #
#                    STM32_EVAL\Debug\Obj\portevent.o                         #
#                    F:\ÑÐ·¢\107BMSÖ÷¿ØÆ÷\2zu128\1ÍÏ2V1.1\RTOS-MODBSU-TCP-IP\ #
#                    STM32_EVAL\Debug\Obj\porttcp.o                           #
#                    F:\ÑÐ·¢\107BMSÖ÷¿ØÆ÷\2zu128\1ÍÏ2V1.1\RTOS-MODBSU-TCP-IP\ #
#                    STM32_EVAL\Debug\Obj\startup_stm32f10x_cl.o              #
#                    F:\ÑÐ·¢\107BMSÖ÷¿ØÆ÷\2zu128\1ÍÏ2V1.1\RTOS-MODBSU-TCP-IP\ #
#                    STM32_EVAL\Debug\Obj\stm32_dsp.o                         #
#                    F:\ÑÐ·¢\107BMSÖ÷¿ØÆ÷\2zu128\1ÍÏ2V1.1\RTOS-MODBSU-TCP-IP\ #
#                    STM32_EVAL\Debug\Obj\stm32_eth.o                         #
#                    F:\ÑÐ·¢\107BMSÖ÷¿ØÆ÷\2zu128\1ÍÏ2V1.1\RTOS-MODBSU-TCP-IP\ #
#                    STM32_EVAL\Debug\Obj\stm32_eval.o                        #
#                    F:\ÑÐ·¢\107BMSÖ÷¿ØÆ÷\2zu128\1ÍÏ2V1.1\RTOS-MODBSU-TCP-IP\ #
#                    STM32_EVAL\Debug\Obj\stm32f107.o                         #
#                    F:\ÑÐ·¢\107BMSÖ÷¿ØÆ÷\2zu128\1ÍÏ2V1.1\RTOS-MODBSU-TCP-IP\ #
#                    STM32_EVAL\Debug\Obj\stm32f10x_adc.o                     #
#                    F:\ÑÐ·¢\107BMSÖ÷¿ØÆ÷\2zu128\1ÍÏ2V1.1\RTOS-MODBSU-TCP-IP\ #
#                    STM32_EVAL\Debug\Obj\stm32f10x_bkp.o                     #
#                    F:\ÑÐ·¢\107BMSÖ÷¿ØÆ÷\2zu128\1ÍÏ2V1.1\RTOS-MODBSU-TCP-IP\ #
#                    STM32_EVAL\Debug\Obj\stm32f10x_exti.o                    #
#                    F:\ÑÐ·¢\107BMSÖ÷¿ØÆ÷\2zu128\1ÍÏ2V1.1\RTOS-MODBSU-TCP-IP\ #
#                    STM32_EVAL\Debug\Obj\stm32f10x_flash.o                   #
#                    F:\ÑÐ·¢\107BMSÖ÷¿ØÆ÷\2zu128\1ÍÏ2V1.1\RTOS-MODBSU-TCP-IP\ #
#                    STM32_EVAL\Debug\Obj\stm32f10x_gpio.o                    #
#                    F:\ÑÐ·¢\107BMSÖ÷¿ØÆ÷\2zu128\1ÍÏ2V1.1\RTOS-MODBSU-TCP-IP\ #
#                    STM32_EVAL\Debug\Obj\stm32f10x_i2c.o                     #
#                    F:\ÑÐ·¢\107BMSÖ÷¿ØÆ÷\2zu128\1ÍÏ2V1.1\RTOS-MODBSU-TCP-IP\ #
#                    STM32_EVAL\Debug\Obj\stm32f10x_it.o                      #
#                    F:\ÑÐ·¢\107BMSÖ÷¿ØÆ÷\2zu128\1ÍÏ2V1.1\RTOS-MODBSU-TCP-IP\ #
#                    STM32_EVAL\Debug\Obj\stm32f10x_pwr.o                     #
#                    F:\ÑÐ·¢\107BMSÖ÷¿ØÆ÷\2zu128\1ÍÏ2V1.1\RTOS-MODBSU-TCP-IP\ #
#                    STM32_EVAL\Debug\Obj\stm32f10x_rcc.o                     #
#                    F:\ÑÐ·¢\107BMSÖ÷¿ØÆ÷\2zu128\1ÍÏ2V1.1\RTOS-MODBSU-TCP-IP\ #
#                    STM32_EVAL\Debug\Obj\stm32f10x_rtc.o                     #
#                    F:\ÑÐ·¢\107BMSÖ÷¿ØÆ÷\2zu128\1ÍÏ2V1.1\RTOS-MODBSU-TCP-IP\ #
#                    STM32_EVAL\Debug\Obj\stm32f10x_spi.o                     #
#                    F:\ÑÐ·¢\107BMSÖ÷¿ØÆ÷\2zu128\1ÍÏ2V1.1\RTOS-MODBSU-TCP-IP\ #
#                    STM32_EVAL\Debug\Obj\stm32f10x_tim.o                     #
#                    F:\ÑÐ·¢\107BMSÖ÷¿ØÆ÷\2zu128\1ÍÏ2V1.1\RTOS-MODBSU-TCP-IP\ #
#                    STM32_EVAL\Debug\Obj\stm32f10x_usart.o                   #
#                    F:\ÑÐ·¢\107BMSÖ÷¿ØÆ÷\2zu128\1ÍÏ2V1.1\RTOS-MODBSU-TCP-IP\ #
#                    STM32_EVAL\Debug\Obj\system_stm32f10x.o -o               #
#                    "F:\ÑÐ·¢\107BMSÖ÷¿ØÆ÷\2zu128\1ÍÏ2V1.1\RTOS-MODBSU-TCP-IP #
#                    \STM32_EVAL\Debug\Exe\RTOS demo.out" --map               #
#                    "F:\ÑÐ·¢\107BMSÖ÷¿ØÆ÷\2zu128\1ÍÏ2V1.1\RTOS-MODBSU-TCP-IP #
#                    \STM32_EVAL\Debug\List\RTOS demo.map" --config           #
#                    F:\ÑÐ·¢\107BMSÖ÷¿ØÆ÷\2zu128\1ÍÏ2V1.1\RTOS-MODBSU-TCP-IP\ #
#                    STM32_EVAL\stm32f10x_flash.icf --semihosting --entry     #
#                    __iar_program_start                                      #
#                                                                             #
#                                                                             #
###############################################################################

*******************************************************************************
*** RUNTIME MODEL ATTRIBUTES
***

CppFlavor       = *
__SystemLibrary = DLib


*******************************************************************************
*** PLACEMENT SUMMARY
***

"A1":  place at 0x08000000 { ro section .intvec };
"P1":  place in [from 0x08000000 to 0x0803ffff] { ro };
"P2":  place in [from 0x20000000 to 0x2000ffff] { rw, block CSTACK, block HEAP };

  Section            Kind        Address    Size  Object
  -------            ----        -------    ----  ------
"A1":                                      0x150
  .intvec            ro code  0x08000000   0x150  startup_stm32f10x_cl.o [1]
                            - 0x08000150   0x150

"P1":                                     0xdae4
  .text              ro code  0x08000150  0x1354  USART1.o [1]
  .text              ro code  0x080014a4   0x12e  stm32f10x_usart.o [1]
  .text              ro code  0x080015d2    0x22  zero_init3.o [5]
  .text              ro code  0x080015f4    0xa4  os_time.o [1]
  .text              ro code  0x08001698    0x34  sprintf.o [3]
  .text              ro code  0x080016cc   0xccc  24cxx.o [1]
  .text              ro code  0x08002398    0x30  I32ToFlt.o [4]
  .text              ro code  0x080023c8    0xd8  FltMul.o [4]
  .text              ro code  0x080024a0   0x180  stm32f10x_rcc.o [1]
  CODE               ro code  0x08002620    0xa0  os_cpu_a.o [1]
  .text              ro code  0x080026c0   0x690  os_core.o [1]
  .text              ro code  0x08002d50   0xd16  xprintffull.o [3]
  .text              ro code  0x08003a66     0xa  xsprout.o [3]
  .text              ro code  0x08003a70   0x228  myiic.o [1]
  .text              ro code  0x08003c98    0x24  FltCmpGe.o [4]
  .text              ro code  0x08003cbc    0x24  FltCmpLe.o [4]
  .text              ro code  0x08003ce0    0xec  os_cpu_c.o [1]
  .text              ro code  0x08003dcc     0x6  ABImemclr.o [5]
  .rodata            const    0x08003dd2     0x2  os_dbg.o [1]
  .text              ro code  0x08003dd4    0x4c  os_flag.o [1]
  .text              ro code  0x08003e20    0x34  os_q.o [1]
  .text              ro code  0x08003e54   0x204  os_task.o [1]
  .text              ro code  0x08004058     0x2  os_dbg.o [1]
  .rodata            const    0x0800405a     0x2  os_dbg.o [1]
  .text              ro code  0x0800405c    0x16  strchr.o [5]
  .rodata            const    0x08004072     0x2  os_dbg.o [1]
  .text              ro code  0x08004074    0x58  memchr.o [5]
  .text              ro code  0x080040cc    0x36  strlen.o [5]
  .rodata            const    0x08004102     0x2  os_dbg.o [1]
  .text              ro code  0x08004104   0x12e  I64DivMod.o [5]
  .rodata            const    0x08004232     0x2  os_dbg.o [1]
  .text              ro code  0x08004234    0x44  xdnorm.o [4]
  .text              ro code  0x08004278    0x70  ABImemcpy.o [5]
  .text              ro code  0x080042e8    0x2e  DblCmpLe.o [4]
  .rodata            const    0x08004316     0x2  os_dbg.o [1]
  .text              ro code  0x08004318    0x2e  DblCmpGe.o [4]
  .rodata            const    0x08004346     0x2  os_dbg.o [1]
  .text              ro code  0x08004348   0x118  xdscale.o [4]
  .text              ro code  0x08004460    0x56  DblToI32.o [4]
  .rodata            const    0x080044b6     0x2  os_dbg.o [1]
  .text              ro code  0x080044b8    0x2e  I32ToDbl.o [4]
  .rodata            const    0x080044e6     0x2  os_dbg.o [1]
  .text              ro code  0x080044e8   0x17e  DblSub.o [4]
  .rodata            const    0x08004666     0x2  os_dbg.o [1]
  .text              ro code  0x08004668   0x1a2  DblMul.o [4]
  .rodata            const    0x0800480a     0x2  os_dbg.o [1]
  .text              ro code  0x0800480c   0x246  DblDiv.o [4]
  .text              ro code  0x08004a52     0xe  div.o [3]
  .text              ro code  0x08004a60    0xe4  stm32f10x_gpio.o [1]
  .text              ro code  0x08004b44  0x11c6  app.o [1]
  .rodata            const    0x08005d0a     0x2  os_dbg.o [1]
  .text              ro code  0x08005d0c    0x1c  stm32_eval.o [1]
  .text              ro code  0x08005d28    0x66  ABImemset.o [5]
  .rodata            const    0x08005d8e     0x2  os_dbg.o [1]
  .text              ro code  0x08005d90     0x2  I64DivZer.o [5]
  .rodata            const    0x08005d92     0x2  os_dbg.o [1]
  .text              ro code  0x08005d94    0xe6  DblAdd.o [4]
  .rodata            const    0x08005e7a     0x2  os_dbg.o [1]
  .text              ro code  0x08005e7c   0x1e0  stm32f107.o [1]
  .text              ro code  0x0800605c   0x128  stm32_dsp.o [1]
  .text              ro code  0x08006184   0x720  bms.o [1]
  .text              ro code  0x080068a4    0x82  FltAdd.o [4]
  .rodata            const    0x08006926     0x2  os_dbg.o [1]
  .text              ro code  0x08006928    0xfc  FltDiv.o [4]
  .text              ro code  0x08006a24    0x24  FltToU32.o [4]
  .text              ro code  0x08006a48    0xe2  FltSub.o [4]
  .rodata            const    0x08006b2a     0x2  os_dbg.o [1]
  .text              ro code  0x08006b2c   0x734  UART5.o [1]
  .text              ro code  0x08007260    0xdc  RTC_Time.o [1]
  .text              ro code  0x0800733c    0x4e  FltToDbl.o [4]
  .rodata            const    0x0800738a     0x2  os_dbg.o [1]
  .text              ro code  0x0800738c    0xd4  DIPswitch.o [1]
  .text              ro code  0x08007460   0xd6c  USART2.o [1]
  .text              ro code  0x080081cc   0xd70  USART3.o [1]
  .text              ro code  0x08008f3c    0x90  DblToFlt.o [4]
  .text              ro code  0x08008fcc    0x2c  stm32f10x_exti.o [1]
  .text              ro code  0x08008ff8   0x194  stm32_eth.o [1]
  CODE               ro code  0x0800918c    0x2a  cpu_a.o [1]
  .rodata            const    0x080091b6     0x2  os_dbg.o [1]
  .text              ro code  0x080091b8   0x114  system_stm32f10x.o [1]
  .text              ro code  0x080092cc   0x40e  RS485.o [1]
  .rodata            const    0x080096da     0x2  os_dbg.o [1]
  .text              ro code  0x080096dc    0xc0  gpio_control.o [1]
  .text              ro code  0x0800979c   0x11a  stm32f10x_adc.o [1]
  .rodata            const    0x080098b6     0x2  os_dbg.o [1]
  .text              ro code  0x080098b8    0x8c  misc.o [1]
  .text              ro code  0x08009944    0xf0  sqrt.o [4]
  .text              ro code  0x08009a34   0x2ce  cr4_fft_64_stm32.o [1]
  .rodata            const    0x08009d02     0x2  os_dbg.o [1]
  .text              ro code  0x08009d04   0x2cc  powf.o [4]
  .text              ro code  0x08009fd0     0xc  stm32f10x_pwr.o [1]
  .text              ro code  0x08009fdc    0x48  stm32f10x_bkp.o [1]
  .text              ro code  0x0800a024    0x94  stm32f10x_rtc.o [1]
  .text              ro code  0x0800a0b8    0xb6  localtim.o [3]
  .rodata            const    0x0800a16e     0x2  os_dbg.o [1]
  .text              ro code  0x0800a170     0xc  iarEdom.o [5]
  .text              ro code  0x0800a17c    0x28  xfdnorm.o [4]
  .text              ro code  0x0800a1a4    0x50  xfdint.o [4]
  .text              ro code  0x0800a1f4    0x1c  FltCmpEq.o [4]
  .text              ro code  0x0800a210     0xc  errno.o [3]
  .text              ro code  0x0800a21c    0x30  xflog.o [4]
  .text              ro code  0x0800a24c    0x44  FltToS32.o [4]
  .text              ro code  0x0800a290   0x1d4  xfexp.o [4]
  .text              ro code  0x0800a464     0x2  xtls.o [3]
  .rodata            const    0x0800a466     0x2  os_dbg.o [1]
  .text              ro code  0x0800a468    0x2c  setlocale.o [3]
  .text              ro code  0x0800a494     0xa  getzone.o [3]
  .text              ro code  0x0800a49e    0x42  xgettime.o [3]
  .text              ro code  0x0800a4e0    0x88  xstol.o [3]
  .text              ro code  0x0800a568   0x150  xttotm.o [3]
  .text              ro code  0x0800a6b8    0x2c  xfdtest.o [4]
  .text              ro code  0x0800a6e4    0xc0  xfdscale.o [4]
  .text              ro code  0x0800a7a4   0x178  xstoul.o [3]
  .text              ro code  0x0800a91c   0x130  xisdst.o [3]
  .text              ro code  0x0800aa4c   0x124  xgetdst.o [3]
  .text              ro code  0x0800ab70  0x12e8  dlmalloc.o [3]
  .text              ro code  0x0800be58     0xa  abort.o [3]
  .rodata            const    0x0800be62     0x2  os_dbg.o [1]
  .text              ro code  0x0800be64    0x28  xgetmemchunk.o [3]
  .text              ro code  0x0800be8c    0x90  xsyslock.o [3]
  .text              ro code  0x0800bf1c    0x14  exit.o [6]
  .text              ro code  0x0800bf30     0x8  xmtx.o [3]
  .text              ro code  0x0800bf38    0x30  iarttio.o [6]
  .text              ro code  0x0800bf68     0x8  XShttio.o [3]
  .text              ro code  0x0800bf70  0x11e0  cr4_fft_1024_stm32.o [1]
  .text              ro code  0x0800d150   0x5de  cr4_fft_256_stm32.o [1]
  .text              ro code  0x0800d72e    0xa8  packbits_init3.o [5]
  .rodata            const    0x0800d7d6     0x2  os_dbg.o [1]
  .text              ro code  0x0800d7d8    0x9c  ethernetif.o [1]
  .text              ro code  0x0800d874    0x5c  net_nic.o [1]
  .text              ro code  0x0800d8d0    0x4c  net_os.o [1]
  .text              ro code  0x0800d91c    0x52  os_sem.o [1]
  .rodata            const    0x0800d96e     0x2  os_dbg.o [1]
  .text              ro code  0x0800d970    0x2c  data_init3.o [5]
  .iar.init_table    const    0x0800d99c    0x2c  - Linker created -
  .text              ro code  0x0800d9c8    0x20  stm32f10x_it.o [1]
  .text              ro code  0x0800d9e8    0x16  cmain.o [5]
  .text              ro code  0x0800d9fe     0x4  low_level_init.o [3]
  .text              ro code  0x0800da02     0x8  exit.o [3]
  .rodata            const    0x0800da0a     0x2  os_dbg.o [1]
  .text              ro code  0x0800da0c     0xe  cexit.o [5]
  .text              ro code  0x0800da1a     0xc  cstartup_M.o [5]
  .rodata            const    0x0800da26     0x2  os_dbg.o [1]
  .rodata            const    0x0800da28     0x4  os_dbg.o [1]
  .text              ro code  0x0800da2c     0x4  startup_stm32f10x_cl.o [1]
  .text              ro code  0x0800da30     0x4  startup_stm32f10x_cl.o [1]
  .text              ro code  0x0800da34     0x4  startup_stm32f10x_cl.o [1]
  .text              ro code  0x0800da38     0x4  startup_stm32f10x_cl.o [1]
  .text              ro code  0x0800da3c     0x4  startup_stm32f10x_cl.o [1]
  .text              ro code  0x0800da40     0x4  startup_stm32f10x_cl.o [1]
  .text              ro code  0x0800da44     0x4  startup_stm32f10x_cl.o [1]
  .text              ro code  0x0800da48     0x4  startup_stm32f10x_cl.o [1]
  .text              ro code  0x0800da4c     0x4  startup_stm32f10x_cl.o [1]
  .text              ro code  0x0800da50     0x4  startup_stm32f10x_cl.o [1]
  .text              ro code  0x0800da54     0x4  startup_stm32f10x_cl.o [1]
  .text              ro code  0x0800da58     0x4  startup_stm32f10x_cl.o [1]
  .text              ro code  0x0800da5c     0x4  startup_stm32f10x_cl.o [1]
  .text              ro code  0x0800da60     0x4  startup_stm32f10x_cl.o [1]
  .text              ro code  0x0800da64     0x4  startup_stm32f10x_cl.o [1]
  .text              ro code  0x0800da68     0x4  startup_stm32f10x_cl.o [1]
  .text              ro code  0x0800da6c     0x4  startup_stm32f10x_cl.o [1]
  .text              ro code  0x0800da70     0x4  startup_stm32f10x_cl.o [1]
  .text              ro code  0x0800da74     0x4  startup_stm32f10x_cl.o [1]
  .text              ro code  0x0800da78     0x4  startup_stm32f10x_cl.o [1]
  .text              ro code  0x0800da7c     0x4  startup_stm32f10x_cl.o [1]
  .text              ro code  0x0800da80     0x4  startup_stm32f10x_cl.o [1]
  .text              ro code  0x0800da84     0x4  startup_stm32f10x_cl.o [1]
  .text              ro code  0x0800da88     0x4  startup_stm32f10x_cl.o [1]
  .text              ro code  0x0800da8c     0x4  startup_stm32f10x_cl.o [1]
  .text              ro code  0x0800da90     0x4  startup_stm32f10x_cl.o [1]
  .text              ro code  0x0800da94     0x4  startup_stm32f10x_cl.o [1]
  .text              ro code  0x0800da98     0x4  startup_stm32f10x_cl.o [1]
  .text              ro code  0x0800da9c     0x4  startup_stm32f10x_cl.o [1]
  .text              ro code  0x0800daa0     0x4  startup_stm32f10x_cl.o [1]
  .text              ro code  0x0800daa4     0x4  startup_stm32f10x_cl.o [1]
  .text              ro code  0x0800daa8     0x4  startup_stm32f10x_cl.o [1]
  .text              ro code  0x0800daac     0x4  startup_stm32f10x_cl.o [1]
  .text              ro code  0x0800dab0     0x4  startup_stm32f10x_cl.o [1]
  .text              ro code  0x0800dab4     0x4  startup_stm32f10x_cl.o [1]
  .text              ro code  0x0800dab8     0x4  startup_stm32f10x_cl.o [1]
  .text              ro code  0x0800dabc     0x4  startup_stm32f10x_cl.o [1]
  .text              ro code  0x0800dac0     0x4  startup_stm32f10x_cl.o [1]
  .text              ro code  0x0800dac4     0x4  startup_stm32f10x_cl.o [1]
  .text              ro code  0x0800dac8     0x4  startup_stm32f10x_cl.o [1]
  .text              ro code  0x0800dacc     0x4  startup_stm32f10x_cl.o [1]
  .text              ro code  0x0800dad0     0x4  startup_stm32f10x_cl.o [1]
  .text              ro code  0x0800dad4     0x4  startup_stm32f10x_cl.o [1]
  .text              ro code  0x0800dad8     0x4  startup_stm32f10x_cl.o [1]
  .text              ro code  0x0800dadc     0x4  startup_stm32f10x_cl.o [1]
  .text              ro code  0x0800dae0     0x4  startup_stm32f10x_cl.o [1]
  .text              ro code  0x0800dae4     0x4  startup_stm32f10x_cl.o [1]
  .text              ro code  0x0800dae8     0x4  startup_stm32f10x_cl.o [1]
  .text              ro code  0x0800daec     0x4  startup_stm32f10x_cl.o [1]
  .text              ro code  0x0800daf0     0x4  startup_stm32f10x_cl.o [1]
  .text              ro code  0x0800daf4     0x4  startup_stm32f10x_cl.o [1]
  .text              ro code  0x0800daf8     0x4  startup_stm32f10x_cl.o [1]
  .text              ro code  0x0800dafc     0x4  startup_stm32f10x_cl.o [1]
  .text              ro code  0x0800db00     0x4  startup_stm32f10x_cl.o [1]
  .text              ro code  0x0800db04     0x4  startup_stm32f10x_cl.o [1]
  .text              ro code  0x0800db08     0x4  startup_stm32f10x_cl.o [1]
  .text              ro code  0x0800db0c     0x4  startup_stm32f10x_cl.o [1]
  .text              ro code  0x0800db10     0x4  startup_stm32f10x_cl.o [1]
  .text              ro code  0x0800db14     0x4  startup_stm32f10x_cl.o [1]
  .text              ro code  0x0800db18     0x4  startup_stm32f10x_cl.o [1]
  .text              ro code  0x0800db1c     0x4  startup_stm32f10x_cl.o [1]
  .text              ro code  0x0800db20     0x4  startup_stm32f10x_cl.o [1]
  .text              ro code  0x0800db24     0x4  startup_stm32f10x_cl.o [1]
  .text              ro code  0x0800db28     0x4  startup_stm32f10x_cl.o [1]
  .text              ro code  0x0800db2c     0x4  startup_stm32f10x_cl.o [1]
  .text              ro code  0x0800db30     0x4  startup_stm32f10x_cl.o [1]
  .text              ro code  0x0800db34     0x4  startup_stm32f10x_cl.o [1]
  .text              ro code  0x0800db38     0x4  startup_stm32f10x_cl.o [1]
  .text              ro code  0x0800db3c     0x4  startup_stm32f10x_cl.o [1]
  .text              ro code  0x0800db40     0x4  startup_stm32f10x_cl.o [1]
  .rodata            const    0x0800db44     0x2  os_dbg.o [1]
  .rodata            const    0x0800db46     0x2  os_dbg.o [1]
  .rodata            const    0x0800db48     0x2  os_dbg.o [1]
  .rodata            const    0x0800db4a     0x2  os_dbg.o [1]
  .rodata            const    0x0800db4c     0x2  os_dbg.o [1]
  .rodata            const    0x0800db4e     0x2  os_dbg.o [1]
  .rodata            const    0x0800db50     0x2  os_dbg.o [1]
  .rodata            const    0x0800db52     0x2  os_dbg.o [1]
  .rodata            const    0x0800db54     0x2  os_dbg.o [1]
  .rodata            const    0x0800db56     0x2  os_dbg.o [1]
  .rodata            const    0x0800db58     0x2  os_dbg.o [1]
  .rodata            const    0x0800db5a     0x2  os_dbg.o [1]
  .rodata            const    0x0800db5c     0x2  os_dbg.o [1]
  .rodata            const    0x0800db5e     0x2  os_dbg.o [1]
  .rodata            const    0x0800db60     0x2  os_dbg.o [1]
  .text              ro code  0x0800db64     0x0  cstart_clearlocks.o [5]
  Initializer bytes  ro data  0x0800db64    0xcf  <for P2 s0>
                            - 0x0800dc33  0xdae3

"P2", part 1 of 3:                         0x1e0
  P2 s0                       0x20000000   0x1de  <Init block>
    .data            inited   0x20000000   0x180  stm32_dsp.o [1]
    .data            inited   0x20000180    0x14  portarch.o [1]
    .data            inited   0x20000194    0x14  portarch.o [1]
    .data            inited   0x200001a8    0x14  portarch.o [1]
    .data            inited   0x200001bc    0x14  stm32f10x_rcc.o [1]
    .data            inited   0x200001d0     0x8  XShttio.o [3]
    .data            inited   0x200001d8     0x2  USART1.o [1]
    .data            inited   0x200001da     0x2  USART2.o [1]
    .data            inited   0x200001dc     0x2  USART3.o [1]
                            - 0x200001de   0x1de

"P2", part 2 of 3:                        0x8d88
  .bss               zero     0x200001e0  0x3c0c  ethernetif.o [1]
  .bss               zero     0x20003dec  0x18a0  os_core.o [1]
  .bss               zero     0x2000568c  0x1838  portarch.o [1]
  .bss               zero     0x20006ec4   0xc18  app.o [1]
  .bss               zero     0x20007adc   0x404  net_os.o [1]
  .bss               zero     0x20007ee0   0x400  app.o [1]
  .bss               zero     0x200082e0   0x1d4  dlmalloc.o [3]
  .bss               zero     0x200084b4   0x140  portarch.o [1]
  .bss               zero     0x200085f4   0x100  stm32_dsp.o [1]
  .bss               zero     0x200086f4   0x100  stm32_dsp.o [1]
  .bss               zero     0x200087f4    0xc8  USART1.o [1]
  .bss               zero     0x200088bc    0xc8  USART2.o [1]
  .bss               zero     0x20008984    0xc8  USART3.o [1]
  .bss               zero     0x20008a4c    0x8c  os_core.o [1]
  .bss               zero     0x20008ad8    0x80  os_core.o [1]
  .bss               zero     0x20008b58    0x68  RS485.o [1]
  .bss               zero     0x20008bc0    0x68  RS485.o [1]
  .bss               zero     0x20008c28    0x68  USART1.o [1]
  .bss               zero     0x20008c90    0x68  USART2.o [1]
  .bss               zero     0x20008cf8    0x68  USART3.o [1]
  .bss               zero     0x20008d60    0x60  os_core.o [1]
  .bss               zero     0x20008dc0    0x36  app.o [1]
  .bss               zero     0x20008df6     0x1  app.o [1]
  .bss               zero     0x20008df8    0x30  USART1.o [1]
  __DLIB_PERTHREAD   zero     0x20008e28    0x2c  xttotm.o [3]
  .bss               zero     0x20008e54    0x20  USART2.o [1]
  .bss               zero     0x20008e74    0x20  USART3.o [1]
  .bss               zero     0x20008e94    0x1c  bms.o [1]
  .bss               zero     0x20008eb0    0x18  UART5.o [1]
  .bss               zero     0x20008ec8    0x18  dlmalloc.o [3]
  .bss               zero     0x20008ee0    0x18  xsyslock.o [3]
  .bss               zero     0x20008ef8    0x14  net_nic.o [1]
  .bss               zero     0x20008f0c    0x14  stm32_eval.o [1]
  .bss               zero     0x20008f20     0xc  net.o [1]
  .bss               zero     0x20008f2c     0x8  stm32_eth.o [1]
  .bss               zero     0x20008f34     0x8  stm32_eth.o [1]
  __DLIB_PERTHREAD   zero     0x20008f3c     0x8  localtim.o [3]
  __DLIB_PERTHREAD   zero     0x20008f44     0x8  setlocale.o [3]
  __DLIB_PERTHREAD   zero     0x20008f4c     0x8  xisdst.o [3]
  .bss               zero     0x20008f54     0x4  os_core.o [1]
  .bss               zero     0x20008f58     0x4  os_core.o [1]
  .bss               zero     0x20008f5c     0x4  xgetmemchunk.o [3]
  __DLIB_PERTHREAD   zero     0x20008f60     0x4  errno.o [3]
                            - 0x20008f64  0x8d84

"P2", part 3 of 3:                        0x1400
  CSTACK                      0x20008f68  0x1200  <Block>
    CSTACK           uninit   0x20008f68  0x1200  <Block tail>
  HEAP                        0x2000a168   0x200  <Block>
    HEAP             uninit   0x2000a168   0x200  <Block tail>
                            - 0x2000a368  0x1400


*******************************************************************************
*** INIT TABLE
***

          Address     Size
          -------     ----
Zero (__iar_zero_init3)
    1 destination range, total size 0x8d84:
          0x200001e0  0x8d84

Copy/packbits (__iar_packbits_init3)
    1 source range, total size 0xcf (43% of destination):
          0x0800db64    0xcf
    1 destination range, total size 0x1de:
          0x20000000   0x1de


*******************************************************************************
*** MODULE SUMMARY
***

    Module                  ro code  ro data  rw data
    ------                  -------  -------  -------
F:\ÑÐ·¢\107BMSÖ÷¿ØÆ÷\2zu128\1ÍÏ2V1.1\RTOS-MODBSU-TCP-IP\STM32_EVAL\Debug\Obj: [1]
    24cxx.o                   3 276
    DIPswitch.o                 212
    RS485.o                   1 038               208
    RTC_Time.o                  220
    UART5.o                   1 844                24
    USART1.o                  4 948        1      354
    USART2.o                  3 436        1      338
    USART3.o                  3 440        1      338
    app.o                     4 550             4 175
    bms.o                     1 824                28
    cpu_a.o                      42
    cr4_fft_1024_stm32.o      4 576
    cr4_fft_256_stm32.o       1 502
    cr4_fft_64_stm32.o          718
    ethernetif.o                156            15 372
    gpio_control.o              192
    misc.o                      140
    myiic.o                     552
    net.o                                          12
    net_nic.o                    92                20
    net_os.o                     76             1 028
    os_core.o                 1 680             6 676
    os_cpu_a.o                  160
    os_cpu_c.o                  236
    os_dbg.o                      2       92
    os_flag.o                    76
    os_q.o                       52
    os_sem.o                     82
    os_task.o                   516
    os_time.o                   164
    portarch.o                            26    6 580
    startup_stm32f10x_cl.o      616
    stm32_dsp.o                 296      166      896
    stm32_eth.o                 404                16
    stm32_eval.o                 28                20
    stm32f107.o                 480
    stm32f10x_adc.o             282
    stm32f10x_bkp.o              72
    stm32f10x_exti.o             44
    stm32f10x_gpio.o            228
    stm32f10x_it.o               32
    stm32f10x_pwr.o              12
    stm32f10x_rcc.o             384        8       20
    stm32f10x_rtc.o             148
    stm32f10x_usart.o           302
    system_stm32f10x.o          276
    -------------------------------------------------
    Total:                   39 406      295   36 105

command line: [2]
    -------------------------------------------------
    Total:

dl7M_tln.a: [3]
    XShttio.o                     8        4        8
    abort.o                      10
    div.o                        14
    dlmalloc.o                4 840               492
    errno.o                      12                 4
    exit.o                        8
    getzone.o                    10
    localtim.o                  182                 8
    low_level_init.o              4
    setlocale.o                  44                 8
    sprintf.o                    52
    xgetdst.o                   292
    xgetmemchunk.o               40                 4
    xgettime.o                   66
    xisdst.o                    304                 8
    xmtx.o                        8
    xprintffull.o             3 350
    xsprout.o                    10
    xstol.o                     136
    xstoul.o                    376
    xsyslock.o                  144                24
    xtls.o                        2
    xttotm.o                    336                44
    -------------------------------------------------
    Total:                   10 248        4      600

m7M_tl.a: [4]
    DblAdd.o                    230
    DblCmpGe.o                   46
    DblCmpLe.o                   46
    DblDiv.o                    582
    DblMul.o                    418
    DblSub.o                    382
    DblToFlt.o                  144
    DblToI32.o                   86
    FltAdd.o                    130
    FltCmpEq.o                   28
    FltCmpGe.o                   36
    FltCmpLe.o                   36
    FltDiv.o                    252
    FltMul.o                    216
    FltSub.o                    226
    FltToDbl.o                   78
    FltToS32.o                   68
    FltToU32.o                   36
    I32ToDbl.o                   46
    I32ToFlt.o                   48
    powf.o                      716
    sqrt.o                      240
    xdnorm.o                     68
    xdscale.o                   280
    xfdint.o                     80
    xfdnorm.o                    40
    xfdscale.o                  192
    xfdtest.o                    44
    xfexp.o                     468
    xflog.o                      48
    -------------------------------------------------
    Total:                    5 310

rt7M_tl.a: [5]
    ABImemclr.o                   6
    ABImemcpy.o                 112
    ABImemset.o                 102
    I64DivMod.o                 302
    I64DivZer.o                   2
    cexit.o                      14
    cmain.o                      22
    cstart_clearlocks.o
    cstartup_M.o                 12
    data_init3.o                 44
    iarEdom.o                    12
    memchr.o                     88
    packbits_init3.o            168
    strchr.o                     22
    strlen.o                     54
    zero_init3.o                 34
    -------------------------------------------------
    Total:                      994

shb_l.a: [6]
    exit.o                       20
    iarttio.o                    48
    -------------------------------------------------
    Total:                       68

    Gaps                          2                 1
    Linker created                        44    5 120
-----------------------------------------------------
    Grand Total:             56 028      343   41 826


*******************************************************************************
*** ENTRY LIST
***

Entry                      Address    Size  Type      Object
-----                      -------    ----  ----      ------
?main                   0x0800d9e9          Code  Gb  cmain.o [5]
ADC1_2_IRQHandler       0x0800da99          Code  Wk  startup_stm32f10x_cl.o [1]
ADCPrescTable           0x200001cc     0x4  Data  Lc  stm32f10x_rcc.o [1]
ADC_Cmd                 0x080097d9    0x12  Code  Gb  stm32f10x_adc.o [1]
ADC_Configuration       0x08005ed1    0x88  Code  Gb  stm32f107.o [1]
ADC_GetCalibrationStatus
                        0x08009807     0x6  Code  Gb  stm32f10x_adc.o [1]
ADC_GetConversionValue  0x08009899     0x6  Code  Gb  stm32f10x_adc.o [1]
ADC_GetFlagStatus       0x080098a9     0x6  Code  Gb  stm32f10x_adc.o [1]
ADC_GetResetCalibrationStatus
                        0x080097f5     0x8  Code  Gb  stm32f10x_adc.o [1]
ADC_Init                0x0800979d    0x3c  Code  Gb  stm32f10x_adc.o [1]
ADC_RegularChannelConfig
                        0x08009825    0x74  Code  Gb  stm32f10x_adc.o [1]
ADC_ResetCalibration    0x080097eb     0xa  Code  Gb  stm32f10x_adc.o [1]
ADC_SoftwareStartConvCmd
                        0x08009813    0x12  Code  Gb  stm32f10x_adc.o [1]
ADC_StartCalibration    0x080097fd     0xa  Code  Gb  stm32f10x_adc.o [1]
APBAHBPrescTable        0x200001bc    0x10  Data  Lc  stm32f10x_rcc.o [1]
AT24CXX_Check           0x0800179d    0x48  Code  Gb  24cxx.o [1]
AT24CXX_Check_R         0x08002163    0xd2  Code  Gb  24cxx.o [1]
AT24CXX_Check_R2        0x08002235    0xd2  Code  Gb  24cxx.o [1]
AT24CXX_ReadLenByte     0x0800177d    0x20  Code  Gb  24cxx.o [1]
AT24CXX_ReadOneByte     0x080016d7    0x40  Code  Gb  24cxx.o [1]
AT24CXX_Read_Setdata    0x080017e5   0x54e  Code  Gb  24cxx.o [1]
AT24CXX_Reset_Alldata   0x08001d33   0x430  Code  Gb  24cxx.o [1]
AT24CXX_Reset_Rdata     0x08002331    0x68  Code  Gb  24cxx.o [1]
AT24CXX_WriteLenByte    0x08001753    0x2a  Code  Gb  24cxx.o [1]
AT24CXX_WriteOneByte    0x08001717    0x3c  Code  Gb  24cxx.o [1]
AppTaskALARMStk         0x200076dc   0x400  Data  Lc  app.o [1]
AppTaskModbusStk        0x20006edc   0x800  Data  Lc  app.o [1]
AppTaskStartStk         0x20007ee0   0x400  Data  Lc  app.o [1]
App_TCBInitHook         0x08005d07     0x2  Code  Gb  app.o [1]
App_TaskALARM           0x08005bed    0x86  Code  Lc  app.o [1]
App_TaskCreateHook      0x08005cff     0x2  Code  Gb  app.o [1]
App_TaskIdleHook        0x08005d01     0x2  Code  Gb  app.o [1]
App_TaskModbus          0x080059d9   0x20e  Code  Lc  app.o [1]
App_TaskStart           0x08004b91   0xdf8  Code  Lc  app.o [1]
App_TaskStatHook        0x08005d03     0x2  Code  Gb  app.o [1]
App_TaskSwHook          0x08005d05     0x2  Code  Gb  app.o [1]
App_TimeTickHook        0x08005d09     0x2  Code  Gb  app.o [1]
BKP_DeInit              0x08009fdd    0x12  Code  Gb  stm32f10x_bkp.o [1]
BKP_ReadBackupRegister  0x0800a007    0x18  Code  Gb  stm32f10x_bkp.o [1]
BKP_WriteBackupRegister
                        0x08009fef    0x18  Code  Gb  stm32f10x_bkp.o [1]
BSP_CPU_ClkFreq         0x08005d11     0xe  Code  Gb  stm32_eval.o [1]
BSP_IntDisAll           0x08005d0d     0x4  Code  Gb  stm32_eval.o [1]
BusFault_Handler        0x0800d9cf     0x2  Code  Gb  stm32f10x_it.o [1]
CAN1_RX0_IRQHandler     0x0800daa1          Code  Wk  startup_stm32f10x_cl.o [1]
CAN1_RX1_IRQHandler     0x0800daa5          Code  Wk  startup_stm32f10x_cl.o [1]
CAN1_SCE_IRQHandler     0x0800daa9          Code  Wk  startup_stm32f10x_cl.o [1]
CAN1_TX_IRQHandler      0x0800da9d          Code  Wk  startup_stm32f10x_cl.o [1]
CAN2_RX0_IRQHandler     0x0800db35          Code  Wk  startup_stm32f10x_cl.o [1]
CAN2_RX1_IRQHandler     0x0800db39          Code  Wk  startup_stm32f10x_cl.o [1]
CAN2_SCE_IRQHandler     0x0800db3d          Code  Wk  startup_stm32f10x_cl.o [1]
CAN2_TX_IRQHandler      0x0800db31          Code  Wk  startup_stm32f10x_cl.o [1]
CPU_CntLeadZeros        0x080091a3          Code  Gb  cpu_a.o [1]
CPU_IntDis              0x0800918d          Code  Gb  cpu_a.o [1]
CPU_IntEn               0x08009191          Code  Gb  cpu_a.o [1]
CPU_RevBits             0x080091a9          Code  Gb  cpu_a.o [1]
CPU_SR_Restore          0x0800919d          Code  Gb  cpu_a.o [1]
CPU_SR_Save             0x08009195          Code  Gb  cpu_a.o [1]
CPU_WaitForExcept       0x080091b3          Code  Gb  cpu_a.o [1]
CPU_WaitForInt          0x080091af          Code  Gb  cpu_a.o [1]
CSTACK$$Base            0x20008f68           --   Gb  - Linker created -
CSTACK$$Limit           0x2000a168           --   Gb  - Linker created -
DIPswitch               0x080073d5    0x80  Code  Gb  DIPswitch.o [1]
DIPswitch_Init          0x0800738d    0x48  Code  Gb  DIPswitch.o [1]
DMA1_Channel1_IRQHandler
                        0x0800da7d          Code  Wk  startup_stm32f10x_cl.o [1]
DMA1_Channel2_IRQHandler
                        0x0800da81          Code  Wk  startup_stm32f10x_cl.o [1]
DMA1_Channel3_IRQHandler
                        0x0800da85          Code  Wk  startup_stm32f10x_cl.o [1]
DMA1_Channel4_IRQHandler
                        0x0800da89          Code  Wk  startup_stm32f10x_cl.o [1]
DMA1_Channel5_IRQHandler
                        0x0800da8d          Code  Wk  startup_stm32f10x_cl.o [1]
DMA1_Channel6_IRQHandler
                        0x0800da91          Code  Wk  startup_stm32f10x_cl.o [1]
DMA1_Channel7_IRQHandler
                        0x0800da95          Code  Wk  startup_stm32f10x_cl.o [1]
DMA2_Channel1_IRQHandler
                        0x0800db15          Code  Wk  startup_stm32f10x_cl.o [1]
DMA2_Channel2_IRQHandler
                        0x0800db19          Code  Wk  startup_stm32f10x_cl.o [1]
DMA2_Channel3_IRQHandler
                        0x0800db1d          Code  Wk  startup_stm32f10x_cl.o [1]
DMA2_Channel4_IRQHandler
                        0x0800db21          Code  Wk  startup_stm32f10x_cl.o [1]
DMA2_Channel5_IRQHandler
                        0x0800db25          Code  Wk  startup_stm32f10x_cl.o [1]
DMAPTPRxDescToGet       0x20008f38     0x4  Data  Gb  stm32_eth.o [1]
DMAPTPTxDescToSet       0x20008f30     0x4  Data  Gb  stm32_eth.o [1]
DMARxDescToGet          0x20008f34     0x4  Data  Gb  stm32_eth.o [1]
DMARxDscrTab            0x200001ec    0x50  Data  Gb  ethernetif.o [1]
DMATxDescToSet          0x20008f2c     0x4  Data  Gb  stm32_eth.o [1]
DMATxDscrTab            0x2000023c    0x50  Data  Gb  ethernetif.o [1]
DSP_main                0x080060f9    0x7c  Code  Gb  stm32_dsp.o [1]
DebugMon_Handler        0x0800d9d3     0x2  Code  Gb  stm32f10x_it.o [1]
ETH_DMAClearITPendingBit
                        0x08009133          Code  Gb  stm32_eth.o [1]
ETH_DMAReceptionCmd     0x08009151    0x16  Code  Gb  stm32_eth.o [1]
ETH_DMARxDescChainInit  0x080090d3    0x44  Code  Gb  stm32_eth.o [1]
ETH_DMARxDescReceiveITConfig
                        0x08009121    0x12  Code  Gb  stm32_eth.o [1]
ETH_DMATransmissionCmd  0x0800913b    0x16  Code  Gb  stm32_eth.o [1]
ETH_DMATxDescChainInit  0x08009099    0x3a  Code  Gb  stm32_eth.o [1]
ETH_GetDMATxDesc        0x0800d83b    0x28  Code  Gb  ethernetif.o [1]
ETH_MACReceptionCmd     0x08009083    0x16  Code  Gb  stm32_eth.o [1]
ETH_MACTransmissionCmd  0x0800906d    0x16  Code  Gb  stm32_eth.o [1]
ETH_ReadPHYRegister     0x08009021    0x4c  Code  Gb  stm32_eth.o [1]
ETH_Start               0x08008ff9    0x28  Code  Gb  stm32_eth.o [1]
ETH_WKUP_IRQHandler     0x0800d9d5     0x2  Code  Gb  stm32f10x_it.o [1]
EXTI0_IRQHandler        0x0800da69          Code  Wk  startup_stm32f10x_cl.o [1]
EXTI15_10_IRQHandler    0x0800daf1          Code  Wk  startup_stm32f10x_cl.o [1]
EXTI1_IRQHandler        0x0800da6d          Code  Wk  startup_stm32f10x_cl.o [1]
EXTI2_IRQHandler        0x0800da71          Code  Wk  startup_stm32f10x_cl.o [1]
EXTI3_IRQHandler        0x0800da75          Code  Wk  startup_stm32f10x_cl.o [1]
EXTI4_IRQHandler        0x0800da79          Code  Wk  startup_stm32f10x_cl.o [1]
EXTI9_5_IRQHandler      0x08005cdd    0x22  Code  Gb  app.o [1]
EXTI_ClearITPendingBit  0x08008fe9          Code  Gb  stm32f10x_exti.o [1]
EXTI_GetITStatus        0x08008fd5    0x14  Code  Gb  stm32f10x_exti.o [1]
Ethernet_Configuration  0x08005ecf     0x2  Code  Gb  stm32f107.o [1]
FLASH_IRQHandler        0x0800da61          Code  Wk  startup_stm32f10x_cl.o [1]
FUN_READ_DATA           0x08006199   0x234  Code  Gb  bms.o [1]
FUN_Read_T              0x0800660b   0x244  Code  Gb  bms.o [1]
FUN_Read_V              0x080063d3   0x238  Code  Gb  bms.o [1]
FUN_SEND_CMD            0x08006185    0x14  Code  Gb  bms.o [1]
FUN_SEND_JUNHENG_V      0x08006881    0x1e  Code  Gb  bms.o [1]
GPIO_Init               0x08004a61    0xc2  Code  Gb  stm32f10x_gpio.o [1]
GPIO_ReadInputDataBit   0x08004b23     0x4  Code  Gb  stm32f10x_gpio.o [1]
GPIO_ResetBits          0x08004b37     0x4  Code  Gb  stm32f10x_gpio.o [1]
GPIO_SetBits            0x08004b33     0x4  Code  Gb  stm32f10x_gpio.o [1]
GPIO_WriteBit           0x08004b3b     0xa  Code  Gb  stm32f10x_gpio.o [1]
GW                      0x200001a8    0x14  Data  Gb  portarch.o [1]
GW_ADDR                 0x20008e24     0x4  Data  Gb  USART1.o [1]
Get_Adc                 0x08005f59    0x2e  Code  Gb  stm32f107.o [1]
Get_Adc_Average         0x08005f91    0x20  Code  Gb  stm32f107.o [1]
Get_Rdata               0x20006ec8     0x1  Data  Gb  app.o [1]
HEAP$$Base              0x2000a168           --   Gb  - Linker created -
HEAP$$Limit             0x2000a368           --   Gb  - Linker created -
HardFault_Handler       0x0800d9cb     0x2  Code  Gb  stm32f10x_it.o [1]
Hardware_Watchdog_init  0x080096dd    0x30  Code  Gb  gpio_control.o [1]
Hardware_reset          0x0800976f    0x20  Code  Gb  gpio_control.o [1]
I2C1_ER_IRQHandler      0x0800dad1          Code  Wk  startup_stm32f10x_cl.o [1]
I2C1_EV_IRQHandler      0x0800dacd          Code  Wk  startup_stm32f10x_cl.o [1]
I2C2_ER_IRQHandler      0x0800dad9          Code  Wk  startup_stm32f10x_cl.o [1]
I2C2_EV_IRQHandler      0x0800dad5          Code  Wk  startup_stm32f10x_cl.o [1]
IIC_Ack                 0x08003b71    0x26  Code  Gb  myiic.o [1]
IIC_Init                0x08003a71    0x32  Code  Gb  myiic.o [1]
IIC_NAck                0x08003b97    0x24  Code  Gb  myiic.o [1]
IIC_Read_Byte           0x08003c3b    0x58  Code  Gb  myiic.o [1]
IIC_Send_Byte           0x08003bdb    0x60  Code  Gb  myiic.o [1]
IIC_Start               0x08003aa3    0x36  Code  Gb  myiic.o [1]
IIC_Stop                0x08003ad9    0x44  Code  Gb  myiic.o [1]
IIC_Wait_Ack            0x08003b1d    0x54  Code  Gb  myiic.o [1]
IP                      0x20000180    0x14  Data  Gb  portarch.o [1]
IP_ADDR                 0x20008e1c     0x4  Data  Gb  USART1.o [1]
LOW_LEVEL_Init          0x0800d7d9    0x62  Code  Gb  ethernetif.o [1]
MemManage_Handler       0x0800d9cd     0x2  Code  Gb  stm32f10x_it.o [1]
NETMASK                 0x20000194    0x14  Data  Gb  portarch.o [1]
NETMASK_ADDR            0x20008e20     0x4  Data  Gb  USART1.o [1]
NMI_Handler             0x0800d9c9     0x2  Code  Gb  stm32f10x_it.o [1]
NVIC_Configuration      0x08005fb1    0xac  Code  Gb  stm32f107.o [1]
NVIC_Init               0x080098c3    0x5a  Code  Gb  misc.o [1]
NVIC_PriorityGroupConfig
                        0x080098b9     0xa  Code  Gb  misc.o [1]
NVIC_SetVectorTable     0x0800991d     0xc  Code  Gb  misc.o [1]
NetNIC_ConnStatus       0x20008ef8     0x1  Data  Gb  net_nic.o [1]
NetNIC_ErrRxPktDiscardedCtr
                        0x20008f04     0x4  Data  Gb  net_nic.o [1]
NetNIC_ErrTxPktDiscardedCtr
                        0x20008f08     0x4  Data  Gb  net_nic.o [1]
NetNIC_ISR_Handler      0x0800d875    0x32  Code  Gb  net_nic.o [1]
NetNIC_RxPktDiscard     0x0800d8a7    0x24  Code  Gb  net_nic.o [1]
NetNIC_StatRxPktCtr     0x20008efc     0x4  Data  Gb  net_nic.o [1]
NetNIC_StatTxPktCtr     0x20008f00     0x4  Data  Gb  net_nic.o [1]
NetOS_IF_RxQ_SignalPtr  0x20007adc     0x4  Data  Lc  net_os.o [1]
NetOS_IF_RxTaskSignal   0x0800d8d1    0x42  Code  Gb  net_os.o [1]
NetOS_IF_RxTaskStk      0x20007ae0   0x400  Data  Lc  net_os.o [1]
Net_InitDone            0x20008f20     0x1  Data  Gb  net.o [1]
Net_RxPktCtr            0x20008f24     0x4  Data  Gb  net.o [1]
Net_TxSuspendCtr        0x20008f28     0x4  Data  Gb  net.o [1]
OSCPUUsage              0x20003dec     0x1  Data  Gb  os_core.o [1]
OSCtxSw                 0x0800264b          Code  Gb  os_cpu_a.o [1]
OSCtxSwCtr              0x20003dfc     0x4  Data  Gb  os_core.o [1]
OSDataSize              0x0800db60     0x2  Data  Gb  os_dbg.o [1]
OSDebugEn               0x08003dd2     0x2  Data  Gb  os_dbg.o [1]
OSDebugInit             0x08004059     0x2  Code  Gb  os_dbg.o [1]
OSEndiannessTest        0x0800da28     0x4  Data  Gb  os_dbg.o [1]
OSEventEn               0x08004102     0x2  Data  Gb  os_dbg.o [1]
OSEventFreeList         0x20003e00     0x4  Data  Gb  os_core.o [1]
OSEventMax              0x0800405a     0x2  Data  Gb  os_dbg.o [1]
OSEventNameSize         0x08004072     0x2  Data  Gb  os_dbg.o [1]
OSEventSize             0x08004232     0x2  Data  Gb  os_dbg.o [1]
OSEventTbl              0x20003e24   0xc80  Data  Gb  os_core.o [1]
OSEventTblSize          0x08004316     0x2  Data  Gb  os_dbg.o [1]
OSFlagEn                0x08004346     0x2  Data  Gb  os_dbg.o [1]
OSFlagFreeList          0x20008f54     0x4  Data  Gb  os_core.o [1]
OSFlagGrpSize           0x080044b6     0x2  Data  Gb  os_dbg.o [1]
OSFlagMax               0x0800480a     0x2  Data  Gb  os_dbg.o [1]
OSFlagNameSize          0x08005d0a     0x2  Data  Gb  os_dbg.o [1]
OSFlagNodeSize          0x080044e6     0x2  Data  Gb  os_dbg.o [1]
OSFlagTbl               0x20008a4c    0x8c  Data  Gb  os_core.o [1]
OSFlagWidth             0x08004666     0x2  Data  Gb  os_dbg.o [1]
OSIdleCtr               0x20003e0c     0x4  Data  Gb  os_core.o [1]
OSIdleCtrMax            0x20003e04     0x4  Data  Gb  os_core.o [1]
OSIdleCtrRun            0x20003e08     0x4  Data  Gb  os_core.o [1]
OSInit                  0x080026c1   0x140  Code  Gb  os_core.o [1]
OSInitHookBegin         0x08003ce1     0x2  Code  Gb  os_cpu_c.o [1]
OSInitHookEnd           0x08003ce3     0x2  Code  Gb  os_cpu_c.o [1]
OSIntCtxSw              0x08002653          Code  Gb  os_cpu_a.o [1]
OSIntExit               0x08002801    0x50  Code  Gb  os_core.o [1]
OSIntNesting            0x20003dee     0x1  Data  Gb  os_core.o [1]
OSLockNesting           0x20003def     0x1  Data  Gb  os_core.o [1]
OSLowestPrio            0x08005d8e     0x2  Data  Gb  os_dbg.o [1]
OSMboxEn                0x08005d92     0x2  Data  Gb  os_dbg.o [1]
OSMemEn                 0x08005e7a     0x2  Data  Gb  os_dbg.o [1]
OSMemMax                0x08006926     0x2  Data  Gb  os_dbg.o [1]
OSMemNameSize           0x08006b2a     0x2  Data  Gb  os_dbg.o [1]
OSMemSize               0x0800738a     0x2  Data  Gb  os_dbg.o [1]
OSMemTblSize            0x080091b6     0x2  Data  Gb  os_dbg.o [1]
OSMutexEn               0x080096da     0x2  Data  Gb  os_dbg.o [1]
OSPrioCur               0x20003df0     0x1  Data  Gb  os_core.o [1]
OSPrioHighRdy           0x20003df1     0x1  Data  Gb  os_core.o [1]
OSPtrSize               0x080098b6     0x2  Data  Gb  os_dbg.o [1]
OSQEn                   0x08009d02     0x2  Data  Gb  os_dbg.o [1]
OSQFreeList             0x20008f58     0x4  Data  Gb  os_core.o [1]
OSQMax                  0x0800a16e     0x2  Data  Gb  os_dbg.o [1]
OSQSize                 0x0800a466     0x2  Data  Gb  os_dbg.o [1]
OSQTbl                  0x20008d60    0x60  Data  Gb  os_core.o [1]
OSRdyGrp                0x20003df2     0x1  Data  Gb  os_core.o [1]
OSRdyTbl                0x20003df8     0x4  Data  Gb  os_core.o [1]
OSRdyTblSize            0x0800be62     0x2  Data  Gb  os_dbg.o [1]
OSRunning               0x20003df3     0x1  Data  Gb  os_core.o [1]
OSSemEn                 0x0800d7d6     0x2  Data  Gb  os_dbg.o [1]
OSSemPost               0x0800d91d    0x52  Code  Gb  os_sem.o [1]
OSStart                 0x08002851    0x24  Code  Gb  os_core.o [1]
OSStartHighRdy          0x0800262f          Code  Gb  os_cpu_a.o [1]
OSStatInit              0x08002875    0x32  Code  Gb  os_core.o [1]
OSStatRdy               0x20003ded     0x1  Data  Gb  os_core.o [1]
OSStkWidth              0x0800d96e     0x2  Data  Gb  os_dbg.o [1]
OSTCBCur                0x20003e10     0x4  Data  Gb  os_core.o [1]
OSTCBFreeList           0x20003e14     0x4  Data  Gb  os_core.o [1]
OSTCBHighRdy            0x20003e18     0x4  Data  Gb  os_core.o [1]
OSTCBInitHook           0x08003d6d     0x4  Code  Gb  os_cpu_c.o [1]
OSTCBList               0x20003e1c     0x4  Data  Gb  os_core.o [1]
OSTCBPrioTbl            0x20008ad8    0x80  Data  Gb  os_core.o [1]
OSTCBPrioTblMax         0x0800db56     0x2  Data  Gb  os_dbg.o [1]
OSTCBSize               0x0800db58     0x2  Data  Gb  os_dbg.o [1]
OSTCBTbl                0x20004ea4   0x7e8  Data  Gb  os_core.o [1]
OSTaskCreateEn          0x0800da0a     0x2  Data  Gb  os_dbg.o [1]
OSTaskCreateExt         0x08003e55    0x9a  Code  Gb  os_task.o [1]
OSTaskCreateExtEn       0x0800da26     0x2  Data  Gb  os_dbg.o [1]
OSTaskCreateHook        0x08003ce5     0x4  Code  Gb  os_cpu_c.o [1]
OSTaskCtr               0x20003df4     0x1  Data  Gb  os_core.o [1]
OSTaskDelEn             0x0800db44     0x2  Data  Gb  os_dbg.o [1]
OSTaskIdleHook          0x08003ce9     0x4  Code  Gb  os_cpu_c.o [1]
OSTaskIdleStk           0x20004ca4   0x200  Data  Gb  os_core.o [1]
OSTaskIdleStkSize       0x0800db46     0x2  Data  Gb  os_dbg.o [1]
OSTaskMax               0x0800db4a     0x2  Data  Gb  os_dbg.o [1]
OSTaskNameSet           0x08003eef    0x64  Code  Gb  os_task.o [1]
OSTaskNameSize          0x0800db4c     0x2  Data  Gb  os_dbg.o [1]
OSTaskProfileEn         0x0800db48     0x2  Data  Gb  os_dbg.o [1]
OSTaskStatEn            0x0800db4e     0x2  Data  Gb  os_dbg.o [1]
OSTaskStatHook          0x08003ced     0x4  Code  Gb  os_cpu_c.o [1]
OSTaskStatStk           0x20004aa4   0x200  Data  Gb  os_core.o [1]
OSTaskStatStkChkEn      0x0800db52     0x2  Data  Gb  os_dbg.o [1]
OSTaskStatStkSize       0x0800db50     0x2  Data  Gb  os_dbg.o [1]
OSTaskStkChk            0x08003f53    0x5e  Code  Gb  os_task.o [1]
OSTaskStkInit           0x08003cf1    0x78  Code  Gb  os_cpu_c.o [1]
OSTaskSuspend           0x08003fb1    0x70  Code  Gb  os_task.o [1]
OSTaskSwHook            0x08003d69     0x4  Code  Gb  os_cpu_c.o [1]
OSTaskSwHookEn          0x0800db54     0x2  Data  Gb  os_dbg.o [1]
OSTickStepState         0x20003df5     0x1  Data  Gb  os_core.o [1]
OSTicksPerSec           0x0800db5a     0x2  Data  Gb  os_dbg.o [1]
OSTime                  0x20003e20     0x4  Data  Gb  os_core.o [1]
OSTimeDly               0x080015f5    0x3e  Code  Gb  os_time.o [1]
OSTimeDlyHMSM           0x08001633    0x56  Code  Gb  os_time.o [1]
OSTimeTick              0x080028a7    0x94  Code  Gb  os_core.o [1]
OSTimeTickHook          0x08003d71     0x4  Code  Gb  os_cpu_c.o [1]
OSTimeTickHookEn        0x0800db5c     0x2  Data  Gb  os_dbg.o [1]
OSUnMapTbl              0x08002c50   0x100  Data  Gb  os_core.o [1]
OSVersionNbr            0x0800db5e     0x2  Data  Gb  os_dbg.o [1]
OS_CPU_PendSVHandler    0x0800265b          Code  Gb  os_cpu_a.o [1]
OS_CPU_SR_Restore       0x08002629          Code  Gb  os_cpu_a.o [1]
OS_CPU_SR_Save          0x08002621          Code  Gb  os_cpu_a.o [1]
OS_CPU_SysTickClkFreq   0x08005d25     0x2  Code  Gb  stm32_eval.o [1]
OS_CPU_SysTickHandler   0x08003d75    0x1e  Code  Gb  os_cpu_c.o [1]
OS_CPU_SysTickInit      0x08003d93    0x2c  Code  Gb  os_cpu_c.o [1]
OS_EventTaskRdy         0x0800293b    0x68  Code  Gb  os_core.o [1]
OS_EventTaskRemove      0x080029a3    0x26  Code  Gb  os_core.o [1]
OS_EventTaskRemoveMulti
                        0x080029c9    0x34  Code  Gb  os_core.o [1]
OS_FlagInit             0x08003dd5    0x42  Code  Gb  os_flag.o [1]
OS_MemClr               0x080029fd    0x12  Code  Gb  os_core.o [1]
OS_QInit                0x08003e21    0x28  Code  Gb  os_q.o [1]
OS_Sched                0x08002a0f    0x40  Code  Gb  os_core.o [1]
OS_SchedNew             0x08002a4f    0x18  Code  Lc  os_core.o [1]
OS_StrCopy              0x08002a67    0x1c  Code  Gb  os_core.o [1]
OS_StrLen               0x08002a83    0x14  Code  Gb  os_core.o [1]
OS_TCBInit              0x08002b39    0xe8  Code  Gb  os_core.o [1]
OS_TaskIdle             0x08002a97    0x18  Code  Gb  os_core.o [1]
OS_TaskStat             0x08002aaf    0x56  Code  Gb  os_core.o [1]
OS_TaskStatStkChk       0x08002b05    0x34  Code  Gb  os_core.o [1]
OS_TaskStkClr           0x08004041    0x18  Code  Gb  os_task.o [1]
OTG_FS_IRQHandler       0x0800db41          Code  Wk  startup_stm32f10x_cl.o [1]
OTG_FS_WKUP_IRQHandler  0x0800daf9          Code  Wk  startup_stm32f10x_cl.o [1]
PVD_IRQHandler          0x0800da55          Code  Wk  startup_stm32f10x_cl.o [1]
PWR_BackupAccessCmd     0x08009fd1     0x6  Code  Gb  stm32f10x_pwr.o [1]
RCC_APB1PeriphClockCmd  0x080025a1    0x12  Code  Gb  stm32f10x_rcc.o [1]
RCC_APB2PeriphClockCmd  0x0800258f    0x12  Code  Gb  stm32f10x_rcc.o [1]
RCC_BackupResetCmd      0x080025b3     0x6  Code  Gb  stm32f10x_rcc.o [1]
RCC_ClearFlag           0x080025dd     0xc  Code  Gb  stm32f10x_rcc.o [1]
RCC_GetClocksFreq       0x080024dd    0xb2  Code  Gb  stm32f10x_rcc.o [1]
RCC_GetFlagStatus       0x080025b9    0x24  Code  Gb  stm32f10x_rcc.o [1]
RCC_IRQHandler          0x0800da65          Code  Wk  startup_stm32f10x_cl.o [1]
RCC_LSEConfig           0x080024bb    0x16  Code  Gb  stm32f10x_rcc.o [1]
RCC_RTCCLKCmd           0x080024d7     0x6  Code  Gb  stm32f10x_rcc.o [1]
RCC_RTCCLKConfig        0x080024d1     0x6  Code  Gb  stm32f10x_rcc.o [1]
RCC_SYSCLKConfig        0x080024a1     0xe  Code  Gb  stm32f10x_rcc.o [1]
RS485_Receive_Data      0x080095f5     0xa  Code  Gb  RS485.o [1]
RS485_Send_Data         0x080095c1    0x34  Code  Gb  RS485.o [1]
RS485_buff              0x20008b58    0x64  Data  Gb  RS485.o [1]
RS485_rec_counter       0x20008bbc     0x4  Data  Gb  RS485.o [1]
RTCAlarm_IRQHandler     0x0800daf5          Code  Wk  startup_stm32f10x_cl.o [1]
RTC_ClearITPendingBit   0x0800a0a1          Code  Gb  stm32f10x_rtc.o [1]
RTC_Config              0x080072b9    0x4c  Code  Gb  RTC_Time.o [1]
RTC_Configuration       0x08007261    0x58  Code  Gb  RTC_Time.o [1]
RTC_GetCounter          0x0800a037     0xc  Code  Gb  stm32f10x_rtc.o [1]
RTC_GetITStatus         0x0800a089    0x16  Code  Gb  stm32f10x_rtc.o [1]
RTC_IRQHandler          0x0800d9d7    0x12  Code  Gb  stm32f10x_it.o [1]
RTC_ITConfig            0x0800a025    0x12  Code  Gb  stm32f10x_rtc.o [1]
RTC_SetPrescaler        0x0800a043    0x14  Code  Gb  stm32f10x_rtc.o [1]
RTC_WaitForLastTask     0x0800a063     0xa  Code  Gb  stm32f10x_rtc.o [1]
RTC_WaitForSynchro      0x0800a06d    0x14  Code  Gb  stm32f10x_rtc.o [1]
ReadID                  0x080003f3    0x78  Code  Gb  USART1.o [1]
Region$$Table$$Base     0x0800d99c           --   Gb  - Linker created -
Region$$Table$$Limit    0x0800d9c8           --   Gb  - Linker created -
Reset_Rdata             0x20008df6     0x1  Data  Gb  app.o [1]
RxBuffer1               0x20008ea0     0xc  Data  Gb  bms.o [1]
Rx_Buff                 0x2000028c  0x1db0  Data  Gb  ethernetif.o [1]
SPI1_IRQHandler         0x0800dadd          Code  Wk  startup_stm32f10x_cl.o [1]
SPI2_IRQHandler         0x0800dae1          Code  Wk  startup_stm32f10x_cl.o [1]
SPI3_IRQHandler         0x0800db01          Code  Wk  startup_stm32f10x_cl.o [1]
SVCHandler              0x0800da41          Code  Wk  startup_stm32f10x_cl.o [1]
Start_Rdata1            0x20006ec9     0x1  Data  Gb  app.o [1]
Start_Rdata2            0x20006eca     0x1  Data  Gb  app.o [1]
SystemInit              0x080091b9    0xfa  Code  Gb  system_stm32f10x.o [1]
System_Setup            0x08005e7d    0x52  Code  Gb  stm32f107.o [1]
TAMPER_IRQHandler       0x0800da59          Code  Wk  startup_stm32f10x_cl.o [1]
TIM1_BRK_IRQHandler     0x0800dab1          Code  Wk  startup_stm32f10x_cl.o [1]
TIM1_CC_IRQHandler      0x0800dabd          Code  Wk  startup_stm32f10x_cl.o [1]
TIM1_TRG_COM_IRQHandler
                        0x0800dab9          Code  Wk  startup_stm32f10x_cl.o [1]
TIM1_UP_IRQHandler      0x0800dab5          Code  Wk  startup_stm32f10x_cl.o [1]
TIM2_IRQHandler         0x0800dac1          Code  Wk  startup_stm32f10x_cl.o [1]
TIM3_IRQHandler         0x0800dac5          Code  Wk  startup_stm32f10x_cl.o [1]
TIM4_IRQHandler         0x0800dac9          Code  Wk  startup_stm32f10x_cl.o [1]
TIM5_IRQHandler         0x0800dafd          Code  Wk  startup_stm32f10x_cl.o [1]
TIM6_IRQHandler         0x0800db0d          Code  Wk  startup_stm32f10x_cl.o [1]
TIM7_IRQHandler         0x0800db11          Code  Wk  startup_stm32f10x_cl.o [1]
Time_ConvUnixToCalendar
                        0x08007305    0x1e  Code  Gb  RTC_Time.o [1]
Time_GetCalendarTime    0x08007323    0x12  Code  Gb  RTC_Time.o [1]
TxBuffer1               0x20008e94     0xc  Data  Gb  bms.o [1]
Tx_Buff                 0x2000203c  0x1db0  Data  Gb  ethernetif.o [1]
UART4_IRQHandler        0x0800959b    0x26  Code  Gb  RS485.o [1]
UART5_IRQHandler        0x080095ff    0x26  Code  Gb  RS485.o [1]
UART5_READ_DATA         0x08006b41   0x23c  Code  Gb  UART5.o [1]
UART5_Read_T            0x08006fbf   0x248  Code  Gb  UART5.o [1]
UART5_Read_V            0x08006d83   0x23c  Code  Gb  UART5.o [1]
UART5_Receive_Data      0x08009699    0x10  Code  Gb  RS485.o [1]
UART5_RxBuffer          0x20008ebc     0xc  Data  Gb  UART5.o [1]
UART5_SEND_CMD          0x08006b2d    0x14  Code  Gb  UART5.o [1]
UART5_SEND_JUNHENG_V    0x0800723d    0x1e  Code  Gb  UART5.o [1]
UART5_Send_Data         0x08009655    0x3c  Code  Gb  RS485.o [1]
UART5_TxBuffer          0x20008eb0     0xc  Data  Gb  UART5.o [1]
UART5_buff              0x20008bc0    0x64  Data  Gb  RS485.o [1]
UART5_rec_counter       0x20008c24     0x4  Data  Gb  RS485.o [1]
USART1_IRQHandler       0x08000151    0x2a  Code  Gb  USART1.o [1]
USART1_Receive_Data     0x080001b7    0x3c  Code  Gb  USART1.o [1]
USART1_Send_Data        0x0800017b    0x3c  Code  Gb  USART1.o [1]
USART1_buff             0x20008c28    0x64  Data  Gb  USART1.o [1]
USART1_rec_counter      0x20008c8c     0x4  Data  Gb  USART1.o [1]
USART2_IRQHandler       0x08007461    0x2a  Code  Gb  USART2.o [1]
USART2_Receive_Data     0x080074dd    0x3c  Code  Gb  USART2.o [1]
USART2_Send_Data        0x0800748b    0x52  Code  Gb  USART2.o [1]
USART2_buff             0x20008c90    0x64  Data  Gb  USART2.o [1]
USART2_rec_counter      0x20008cf4     0x4  Data  Gb  USART2.o [1]
USART3_IRQHandler       0x080081cd    0x2a  Code  Gb  USART3.o [1]
USART3_Receive_Data     0x0800824d    0x3c  Code  Gb  USART3.o [1]
USART3_Send_Data        0x080081f7    0x56  Code  Gb  USART3.o [1]
USART3_buff             0x20008cf8    0x64  Data  Gb  USART3.o [1]
USART3_rec_counter      0x20008d5c     0x4  Data  Gb  USART3.o [1]
USART_ClearITPendingBit
                        0x080015c3     0xa  Code  Gb  stm32f10x_usart.o [1]
USART_Cmd               0x08001521    0x14  Code  Gb  stm32f10x_usart.o [1]
USART_Configuration     0x080092cd   0x2ce  Code  Gb  RS485.o [1]
USART_GetFlagStatus     0x08001577     0xe  Code  Gb  stm32f10x_usart.o [1]
USART_GetITStatus       0x08001585    0x3e  Code  Gb  stm32f10x_usart.o [1]
USART_ITConfig          0x08001535    0x32  Code  Gb  stm32f10x_usart.o [1]
USART_Init              0x080014a5    0x78  Code  Gb  stm32f10x_usart.o [1]
USART_RX_BUF            0x20008df8    0x20  Data  Gb  USART1.o [1]
USART_RX_BUF2           0x20008e54    0x20  Data  Gb  USART2.o [1]
USART_RX_BUF3           0x20008e74    0x20  Data  Gb  USART3.o [1]
USART_ReceiveData       0x0800156f     0x8  Code  Gb  stm32f10x_usart.o [1]
USART_SendData          0x08001567     0x8  Code  Gb  stm32f10x_usart.o [1]
USART_TX_BUF            0x200087f4    0xc8  Data  Gb  USART1.o [1]
USART_TX_BUF2           0x200088bc    0xc8  Data  Gb  USART2.o [1]
USART_TX_BUF3           0x20008984    0xc8  Data  Gb  USART3.o [1]
UsageFault_Handler      0x0800d9d1     0x2  Code  Gb  stm32f10x_it.o [1]
WWDG_IRQHandler         0x0800da51          Code  Wk  startup_stm32f10x_cl.o [1]
_Daysto                 0x0800a569    0x42  Code  Gb  xttotm.o [3]
_GenldDefault           0x080037a9   0x270  Code  Lc  xprintffull.o [3]
_Getdst                 0x0800aa7b    0xf6  Code  Gb  xgetdst.o [3]
_Gettime                0x0800a49f    0x42  Code  Gb  xgettime.o [3]
_Isdst                  0x0800a91d   0x130  Code  Gb  xisdst.o [3]
_IsdstStr               0x20008f48     0x4  Data  Gb  setlocale.o [3]
_Isdst_olddst           0x20008f4c     0x4  Data  Lc  xisdst.o [3]
_Isdst_rules            0x20008f50     0x4  Data  Gb  xisdst.o [3]
_LdtobDefault           0x0800339b   0x3fe  Code  Lc  xprintffull.o [3]
_LitobDefault           0x0800327d   0x11e  Code  Lc  xprintffull.o [3]
_Localtime_oldzone      0x20008f3c     0x4  Data  Lc  localtim.o [3]
_Localtime_tzoff        0x20008f40     0x4  Data  Lc  localtim.o [3]
_Printf                 0x08002d51   0x52c  Code  Gb  xprintffull.o [3]
_PutcharsDefault        0x08003a19    0x32  Code  Lc  xprintffull.o [3]
_SProut                 0x08003a67     0xa  Code  Gb  xsprout.o [3]
_Ttotm                  0x0800a5ab    0xd0  Code  Gb  xttotm.o [3]
_Ttotm_ts               0x20008e28    0x2c  Data  Lc  xttotm.o [3]
_Tzoff                  0x0800a0b9    0x94  Code  Gb  localtim.o [3]
_TzoneStr               0x20008f44     0x4  Data  Gb  setlocale.o [3]
__aeabi_cdcmple         0x080042e9          Code  Gb  DblCmpLe.o [4]
__aeabi_cdrcmple        0x08004319          Code  Gb  DblCmpGe.o [4]
__aeabi_cfcmpeq         0x0800a1f5          Code  Gb  FltCmpEq.o [4]
__aeabi_cfcmple         0x08003cbd          Code  Gb  FltCmpLe.o [4]
__aeabi_cfrcmple        0x08003c99          Code  Gb  FltCmpGe.o [4]
__aeabi_d2f             0x08008f3d          Code  Gb  DblToFlt.o [4]
__aeabi_d2iz            0x08004461          Code  Gb  DblToI32.o [4]
__aeabi_d2uiz           0x0800448d          Code  Gb  DblToI32.o [4]
__aeabi_dadd            0x08005d95          Code  Gb  DblAdd.o [4]
__aeabi_ddiv            0x0800480d          Code  Gb  DblDiv.o [4]
__aeabi_dmul            0x08004669          Code  Gb  DblMul.o [4]
__aeabi_dsub            0x080044e9          Code  Gb  DblSub.o [4]
__aeabi_errno_addr      0x0800a211     0x6  Code  Gb  errno.o [3]
__aeabi_f2d             0x0800733d          Code  Gb  FltToDbl.o [4]
__aeabi_f2iz            0x0800a24d          Code  Gb  FltToS32.o [4]
__aeabi_f2uiz           0x08006a25          Code  Gb  FltToU32.o [4]
__aeabi_fadd            0x080068a5          Code  Gb  FltAdd.o [4]
__aeabi_fdiv            0x08006929          Code  Gb  FltDiv.o [4]
__aeabi_fmul            0x080023c9          Code  Gb  FltMul.o [4]
__aeabi_fsub            0x08006a49          Code  Gb  FltSub.o [4]
__aeabi_i2d             0x080044b9          Code  Gb  I32ToDbl.o [4]
__aeabi_i2f             0x08002399          Code  Gb  I32ToFlt.o [4]
__aeabi_ldiv0           0x08005d91          Code  Gb  I64DivZer.o [5]
__aeabi_ldivmod         0x08004105          Code  Gb  I64DivMod.o [5]
__aeabi_memclr          0x08003dcd          Code  Gb  ABImemclr.o [5]
__aeabi_memcpy          0x08004279          Code  Gb  ABImemcpy.o [5]
__aeabi_memcpy4         0x08004293          Code  Gb  ABImemcpy.o [5]
__aeabi_memcpy8         0x08004293          Code  Gb  ABImemcpy.o [5]
__aeabi_memset          0x08005d29          Code  Gb  ABImemset.o [5]
__aeabi_ui2d            0x080044cd          Code  Gb  I32ToDbl.o [4]
__aeabi_ui2f            0x080023ad          Code  Gb  I32ToFlt.o [4]
__aeabi_uldivmod        0x08004119          Code  Gb  I64DivMod.o [5]
__cexit_clearlocks      0x0800da0f          Code  Gb  cexit.o [5]
__cmain                 0x0800d9e9          Code  Gb  cmain.o [5]
__cstart_clearlocks     0x0800db65          Code  Gb  cstart_clearlocks.o [5]
__data_GetMemChunk      0x0800be65    0x28  Code  Gb  xgetmemchunk.o [3]
__exit                  0x0800bf1d    0x14  Code  Gb  exit.o [6]
__getzone               0x0800a495     0x6  Code  Gb  getzone.o [3]
__iar_Dnorm             0x08004235    0x44  Code  Gb  xdnorm.o [4]
__iar_Dscale            0x08004349   0x118  Code  Gb  xdscale.o [4]
__iar_Errno             0x20008f60     0x4  Data  Gb  errno.o [3]
__iar_FDint             0x0800a1a5    0x50  Code  Gb  xfdint.o [4]
__iar_FDnorm            0x0800a17d    0x28  Code  Gb  xfdnorm.o [4]
__iar_FDscale           0x0800a6e5    0xc0  Code  Gb  xfdscale.o [4]
__iar_FDtest            0x0800a6b9    0x2c  Code  Gb  xfdtest.o [4]
__iar_FExp              0x0800a291   0x1d4  Code  Gb  xfexp.o [4]
__iar_FLogpoly          0x0800a21d    0x22  Code  Gb  xflog.o [4]
__iar_FPowXpExp2        0x08009d05   0x2b2  Code  Lc  powf.o [4]
__iar_Locksyslock       0x0800bebd    0x44  Code  Gb  xsyslock.o [3]
__iar_Memchr            0x08004075          Code  Gb  memchr.o [5]
__iar_Memset            0x08005d29          Code  Gb  ABImemset.o [5]
__iar_Memset_word       0x08005d31          Code  Gb  ABImemset.o [5]
__iar_Stolx             0x0800a4e1    0x88  Code  Gb  xstol.o [3]
__iar_Stoulx            0x0800a7a5   0x126  Code  Gb  xstoul.o [3]
__iar_Strchr            0x0800405d          Code  Gb  strchr.o [5]
__iar_TzoneStr_init     0x0800a469    0x24  Code  Gb  setlocale.o [3]
__iar_Unlocksyslock     0x0800bf01    0x16  Code  Gb  xsyslock.o [3]
__iar_clearlocks        0x0800be8d    0x30  Code  Gb  xsyslock.o [3]
__iar_close_ttio        0x0800bf39    0x2e  Code  Gb  iarttio.o [6]
__iar_d2uiz             0x08004497          Code  Gb  DblToI32.o [4]
__iar_dadd              0x08005da7          Code  Gb  DblAdd.o [4]
__iar_data_init3        0x0800d971    0x2c  Code  Gb  data_init3.o [5]
__iar_dlfree            0x0800b9d3   0x47e  Code  Gb  dlmalloc.o [3]
__iar_dlib_perthread_access
                        0x0800a465     0x2  Code  Gb  xtls.o [3]
__iar_dlmalloc          0x0800b783   0x250  Code  Gb  dlmalloc.o [3]
__iar_dsub              0x080044fb          Code  Gb  DblSub.o [4]
__iar_dsubStart         0x0800450d          Code  Gb  DblSub.o [4]
__iar_edom              0x0800a171          Code  Gb  iarEdom.o [5]
__iar_fadd              0x080068b3          Code  Gb  FltAdd.o [4]
__iar_fsub              0x08006a57          Code  Gb  FltSub.o [4]
__iar_fsubStart         0x08006a65          Code  Gb  FltSub.o [4]
__iar_lookup_ttioh      0x0800bf69     0x8  Code  Gb  XShttio.o [3]
__iar_packbits_init3    0x0800d72f    0xa8  Code  Gb  packbits_init3.o [5]
__iar_program_start     0x0800da1b          Code  Gb  cstartup_M.o [5]
__iar_sqrt              0x08009945          Code  Gb  sqrt.o [4]
__iar_system_Mtxdst     0x0800bf33     0x2  Code  Gb  xmtx.o [3]
__iar_system_Mtxinit    0x0800bf31     0x2  Code  Gb  xmtx.o [3]
__iar_system_Mtxlock    0x0800bf35     0x2  Code  Gb  xmtx.o [3]
__iar_system_Mtxunlock  0x0800bf37     0x2  Code  Gb  xmtx.o [3]
__iar_ttio_handles      0x200001d0     0x8  Data  Lc  XShttio.o [3]
__iar_ui2d              0x080044cf          Code  Gb  I32ToDbl.o [4]
__iar_ui2f              0x080023af          Code  Gb  I32ToFlt.o [4]
__iar_zero_init3        0x080015d3    0x22  Code  Gb  zero_init3.o [5]
__low_level_init        0x0800d9ff     0x4  Code  Gb  low_level_init.o [3]
__vector_table          0x08000000          Data  Gb  startup_stm32f10x_cl.o [1]
_call_main              0x0800d9f5          Code  Gb  cmain.o [5]
_exit                   0x0800da0d          Code  Gb  cexit.o [5]
_gm_                    0x200082e0   0x1d4  Data  Lc  dlmalloc.o [3]
_main                   0x0800d9fb          Code  Gb  cmain.o [5]
abort                   0x0800be59     0xa  Code  Gb  abort.o [3]
adcx                    0x20008df4     0x2  Data  Gb  app.o [1]
add_segment             0x0800aee7   0x1f2  Code  Lc  dlmalloc.o [3]
addard                  0x200001d8     0x1  Data  Gb  USART1.o [1]
auchCRCHi               0x08000b2c   0x100  Data  Gb  USART1.o [1]
auchCRCHi2              0x08007fcc   0x100  Data  Gb  USART2.o [1]
auchCRCHi3              0x08008d3c   0x100  Data  Gb  USART3.o [1]
auchCRCLo               0x08000c2c   0x100  Data  Gb  USART1.o [1]
auchCRCLo2              0x080080cc   0x100  Data  Gb  USART2.o [1]
auchCRCLo3              0x08008e3c   0x100  Data  Gb  USART3.o [1]
buzzer_Init             0x0800970d    0x2a  Code  Gb  gpio_control.o [1]
checkComm0Modbus        0x080004fb   0x5fc  Code  Gb  USART1.o [1]
checkComm2Modbus        0x0800773b    0xfe  Code  Gb  USART2.o [1]
checkComm3Modbus        0x080084ab    0xfe  Code  Gb  USART3.o [1]
cr4_fft_1024_stm32      0x0800bf71          Code  Gb  cr4_fft_1024_stm32.o [1]
cr4_fft_256_stm32       0x0800d151          Code  Gb  cr4_fft_256_stm32.o [1]
cr4_fft_64_stm32        0x08009a35          Code  Gb  cr4_fft_64_stm32.o [1]
crc16                   0x080001f3    0x2e  Code  Gb  USART1.o [1]
crc16_USART2            0x08007519    0x2e  Code  Gb  USART2.o [1]
crc16_USART3            0x08008289    0x2e  Code  Gb  USART3.o [1]
delay_us                0x080016cd     0xa  Code  Gb  24cxx.o [1]
digits                  0x0800a8cc    0x28  Data  Lc  xstoul.o [3]
div                     0x08004a53     0xe  Code  Gb  div.o [3]
exit                    0x0800da03     0x8  Code  Gb  exit.o [3]
frame_rx                0x200001e0     0xc  Data  Gb  ethernetif.o [1]
get_R_I_flag            0x20006ec5     0x1  Data  Gb  app.o [1]
get_R_I_flag2           0x20006ec7     0x1  Data  Gb  app.o [1]
get_R_T_flag            0x20006ec4     0x1  Data  Gb  app.o [1]
get_R_T_flag2           0x20006ec6     0x1  Data  Gb  app.o [1]
getint                  0x0800aa4d    0x2e  Code  Lc  xgetdst.o [3]
hour                    0x20008df0     0x2  Data  Gb  app.o [1]
hour2                   0x20008df2     0x2  Data  Gb  app.o [1]
init_mparams            0x0800ab71    0x34  Code  Lc  dlmalloc.o [3]
init_ok                 0x20008e18     0x1  Data  Gb  USART1.o [1]
init_top                0x0800aba5    0x3c  Code  Lc  dlmalloc.o [3]
lBUFIN                  0x20000080   0x100  Data  Gb  stm32_dsp.o [1]
lBUFMAG                 0x200086f4   0x100  Data  Gb  stm32_dsp.o [1]
lBUFOUT                 0x200085f4   0x100  Data  Gb  stm32_dsp.o [1]
lmos                    0x0800a688    0x18  Data  Lc  xttotm.o [3]
localAddr               0x200001dc     0x1  Data  Gb  USART3.o [1]
localAddr2              0x200001da     0x1  Data  Gb  USART2.o [1]
localtime               0x0800a155    0x1a  Code  Gb  localtim.o [3]
main                    0x08004b45    0x46  Code  Gb  app.o [1]
memchr                  0x08004075          Code  Gb  memchr.o [5]
mos                     0x0800a6a0    0x18  Data  Lc  xttotm.o [3]
mparams                 0x20008ec8    0x18  Data  Lc  dlmalloc.o [3]
mtx                     0x20008ee4    0x14  Data  Lc  xsyslock.o [3]
mytest                  0x20006ecc     0x4  Data  Gb  app.o [1]
ndigs                   0x0800a8f4    0x28  Data  Lc  xstoul.o [3]
powerMag                0x0800605d    0x9c  Code  Gb  stm32_dsp.o [1]
powf                    0x08009fcd     0x4  Code  Gb  powf.o [4]
prepend_alloc           0x0800abe1   0x306  Code  Lc  dlmalloc.o [3]
presetID                0x08000385    0x6e  Code  Gb  USART1.o [1]
presetMultipleRegisters
                        0x0800046b    0x90  Code  Gb  USART1.o [1]
presetMultipleRegisters2
                        0x080076ab    0x90  Code  Gb  USART2.o [1]
presetMultipleRegisters3
                        0x0800841b    0x90  Code  Gb  USART3.o [1]
presetSingleRegister    0x08000319    0x6c  Code  Gb  USART1.o [1]
presetSingleRegister2   0x0800763f    0x6c  Code  Gb  USART2.o [1]
presetSingleRegister3   0x080083af    0x6c  Code  Gb  USART3.o [1]
readRegisters           0x08000221    0x5c  Code  Gb  USART1.o [1]
readRegisters04         0x0800027d    0x5a  Code  Gb  USART1.o [1]
readRegisters04_USART2  0x080075a3    0x5a  Code  Gb  USART2.o [1]
readRegisters04_USART3  0x08008313    0x5a  Code  Gb  USART3.o [1]
readRegisters2          0x08007547    0x5c  Code  Gb  USART2.o [1]
readRegisters3          0x080082b7    0x5c  Code  Gb  USART3.o [1]
real                    0x20000000    0x80  Data  Gb  stm32_dsp.o [1]
relay_Init              0x0800973f    0x30  Code  Gb  gpio_control.o [1]
rerror_flag             0x20008eac     0x4  Data  Gb  bms.o [1]
sendCount               0x200001d9     0x1  Data  Gb  USART1.o [1]
sendCount_USART2        0x200001db     0x1  Data  Gb  USART2.o [1]
sendCount_USART3        0x200001dd     0x1  Data  Gb  USART3.o [1]
setRegisterVal          0x08000d2d   0x748  Code  Gb  USART1.o [1]
setRegisterVal2         0x08007839   0x748  Code  Gb  USART2.o [1]
setRegisterVal3         0x080085a9   0x748  Code  Gb  USART3.o [1]
sprintf                 0x08001699    0x34  Code  Gb  sprintf.o [3]
sqrt                    0x08009945          Code  Gb  sqrt.o [4]
sqrtl                   0x08009945          Code  Gb  sqrt.o [4]
strchr                  0x0800405d          Code  Gb  strchr.o [5]
strlen                  0x080040cd          Code  Gb  strlen.o [5]
sys_alloc               0x0800b0d9   0x140  Code  Lc  dlmalloc.o [3]
syslock_o               0x20008ee0     0x4  Data  Lc  xsyslock.o [3]
time_now                0x20008dc0    0x2c  Data  Gb  app.o [1]
tmalloc_large           0x0800b225   0x374  Code  Lc  dlmalloc.o [3]
tmalloc_small           0x0800b599   0x1e4  Code  Lc  dlmalloc.o [3]
u32_buf1                0x20006ed0     0x4  Data  Gb  app.o [1]
u32_buf2                0x20006ed4     0x4  Data  Gb  app.o [1]
u32_buf3                0x20006ed8     0x4  Data  Gb  app.o [1]
u32_to_float            0x20008dec     0x4  Data  Gb  app.o [1]
usRegHoldingBuf         0x200084b4   0x140  Data  Gb  portarch.o [1]
usRegInputBuf           0x2000568c  0x1838  Data  Gb  portarch.o [1]


[1] = F:\ÑÐ·¢\107BMSÖ÷¿ØÆ÷\2zu128\1ÍÏ2V1.1\RTOS-MODBSU-TCP-IP\STM32_EVAL\Debug\Obj
[2] = command line
[3] = dl7M_tln.a
[4] = m7M_tl.a
[5] = rt7M_tl.a
[6] = shb_l.a

  56 028 bytes of readonly  code memory
     343 bytes of readonly  data memory
  41 826 bytes of readwrite data memory

Errors: none
Warnings: none
