******************************************************************************
             TMS320C2000 Linker PC v16.9.1                     
******************************************************************************
>> Linked Thu Aug 02 16:40:17 2018

OUTPUT FILE NAME:   <UPSSCR2.0.out>
ENTRY POINT SYMBOL: "_c_int00"  address: 0033a6b8


MEMORY CONFIGURATION

         name            origin    length      used     unused   attr    fill
----------------------  --------  ---------  --------  --------  ----  --------
PAGE 0:
  ZONE0                 00004000   00001000  00000000  00001000  RWIX
  RAML0                 00008000   00001000  0000001f  00000fe1  RWIX
  RAML1                 00009000   00003000  00000000  00003000  RWIX
  RAML2                 0000c000   00001000  00000000  00001000  RWIX
  RAML3                 0000d000   00001000  00000000  00001000  RWIX
  ZONE6                 00100000   00100000  00000000  00100000  RWIX
  ZONE7A                00200000   0000fc00  00000000  0000fc00  RWIX
  FLASHH                00300000   00008000  00000000  00008000  RWIX
  FLASHG                00308000   00008000  00000000  00008000  RWIX
  FLASHF                00310000   00008000  00000000  00008000  RWIX
  FLASHE                00318000   00008000  00000000  00008000  RWIX
  FLASHD                00320000   00008000  0000001f  00007fe1  RWIX
  FLASHC                00328000   00008000  00000000  00008000  RWIX
  FLASHA                00338000   00007f80  00002cb8  000052c8  RWIX
  CSM_RSVD              0033ff80   00000076  00000000  00000076  RWIX
  BEGIN                 0033fff6   00000002  00000002  00000000  RWIX
  CSM_PWL               0033fff8   00000008  00000000  00000008  RWIX
  ADC_CAL               00380080   00000009  00000007  00000002  RWIX
  OTP                   00380400   00000400  00000000  00000400  RWIX
  IQTABLES              003fe000   00000b50  00000000  00000b50  RWIX
  IQTABLES2             003feb50   0000008c  00000000  0000008c  RWIX
  FPUTABLES             003febdc   000006a0  00000000  000006a0  RWIX
  ROM                   003ff27c   00000d44  00000000  00000d44  RWIX
  RESET                 003fffc0   00000002  00000000  00000002  RWIX
  VECTORS               003fffc2   0000003e  00000000  0000003e  RWIX

PAGE 1:
  BOOT_RSVD             00000000   00000050  00000000  00000050  RWIX
  RAMM0                 00000050   000003b0  00000000  000003b0  RWIX
  RAMM1                 00000400   00000400  00000300  00000100  RWIX
  DEV_EMU               00000880   00000180  000000d0  000000b0  RWIX
  FLASH_REGS            00000a80   00000060  00000008  00000058  RWIX
  CSM                   00000ae0   00000010  00000010  00000000  RWIX
  ADC_MIRROR            00000b00   00000010  00000010  00000000  RWIX
  XINTF                 00000b20   00000020  0000001e  00000002  RWIX
  CPU_TIMER0            00000c00   00000008  00000008  00000000  RWIX
  CPU_TIMER1            00000c08   00000008  00000008  00000000  RWIX
  CPU_TIMER2            00000c10   00000008  00000008  00000000  RWIX
  PIE_CTRL              00000ce0   00000020  0000001a  00000006  RWIX
  PIE_VECT              00000d00   00000100  00000100  00000000  RWIX
  DMA                   00001000   00000200  000000e0  00000120  RWIX
  MCBSPA                00005000   00000040  00000025  0000001b  RWIX
  MCBSPB                00005040   00000040  00000025  0000001b  RWIX
  ECANA                 00006000   00000040  00000034  0000000c  RWIX
  ECANA_LAM             00006040   00000040  00000040  00000000  RWIX
  ECANA_MOTS            00006080   00000040  00000040  00000000  RWIX
  ECANA_MOTO            000060c0   00000040  00000040  00000000  RWIX
  ECANA_MBOX            00006100   00000100  00000100  00000000  RWIX
  ECANB                 00006200   00000040  00000034  0000000c  RWIX
  ECANB_LAM             00006240   00000040  00000040  00000000  RWIX
  ECANB_MOTS            00006280   00000040  00000040  00000000  RWIX
  ECANB_MOTO            000062c0   00000040  00000040  00000000  RWIX
  ECANB_MBOX            00006300   00000100  00000100  00000000  RWIX
  EPWM1                 00006800   00000022  00000022  00000000  RWIX
  EPWM2                 00006840   00000022  00000022  00000000  RWIX
  EPWM3                 00006880   00000022  00000022  00000000  RWIX
  EPWM4                 000068c0   00000022  00000022  00000000  RWIX
  EPWM5                 00006900   00000022  00000022  00000000  RWIX
  EPWM6                 00006940   00000022  00000022  00000000  RWIX
  ECAP1                 00006a00   00000020  00000020  00000000  RWIX
  ECAP2                 00006a20   00000020  00000020  00000000  RWIX
  ECAP3                 00006a40   00000020  00000020  00000000  RWIX
  ECAP4                 00006a60   00000020  00000020  00000000  RWIX
  ECAP5                 00006a80   00000020  00000020  00000000  RWIX
  ECAP6                 00006aa0   00000020  00000020  00000000  RWIX
  EQEP1                 00006b00   00000040  00000040  00000000  RWIX
  EQEP2                 00006b40   00000040  00000040  00000000  RWIX
  GPIOCTRL              00006f80   00000040  0000002e  00000012  RWIX
  GPIODAT               00006fc0   00000020  00000020  00000000  RWIX
  GPIOINT               00006fe0   00000020  0000000a  00000016  RWIX
  SYSTEM                00007010   00000020  00000020  00000000  RWIX
  SPIA                  00007040   00000010  00000010  00000000  RWIX
  SCIA                  00007050   00000010  00000010  00000000  RWIX
  XINTRUPT              00007070   00000010  00000010  00000000  RWIX
  ADC                   00007100   00000020  0000001e  00000002  RWIX
  SCIB                  00007750   00000010  00000010  00000000  RWIX
  SCIC                  00007770   00000010  00000010  00000000  RWIX
  I2CA                  00007900   00000040  00000022  0000001e  RWIX
  RAML4                 0000c000   00001000  000005d8  00000a28  RWIX
  RAML5                 0000d000   00001000  00000000  00001000  RWIX
  RAML6                 0000e000   00001000  00000000  00001000  RWIX
  RAML7                 0000f000   00001000  00000000  00001000  RWIX
  ZONE7B                0020fc00   00000400  00000000  00000400  RWIX
  FLASHB                00330000   00008000  00000000  00008000  RWIX
  CSM_PWL               0033fff8   00000008  00000008  00000000  RWIX
  PARTID                00380090   00000001  00000001  00000000  RWIX


SECTION ALLOCATION MAP

 output                                  attributes/
section   page    origin      length       input sections
--------  ----  ----------  ----------   ----------------
ramfuncs   0    00320000    0000001f     RUN ADDR = 00008000
                  00320000    0000001b     DSP2833x_SysCtrl.obj (ramfuncs)
                  0032001b    00000004     DSP2833x_usDelay.obj (ramfuncs)

.text      0    00338000    0000284f     
                  00338000    00000897     SampleAndControl.obj (.text)
                  00338897    0000043b     FaultDetect.obj (.text)
                  00338cd2    00000335     Can.obj (.text)
                  00339007    00000316     DSP2833x_DefaultIsr.obj (.text:retain)
                  0033931d    0000026f     communication.obj (.text)
                  0033958c    00000232     RS485.obj (.text)
                  003397be    000001cd     FpgaDriver.obj (.text)
                  0033998b    000001c2     RS232.obj (.text)
                  00339b4d    00000157     PhaseLock.obj (.text)
                  00339ca4    00000154     PhaseLock.obj (.text:retain)
                  00339df8    0000013b     SampleAndControl.obj (.text:retain)
                  00339f33    00000132     DSP2833x_ECan.obj (.text)
                  0033a065    000000f8     DSP2833x_SysCtrl.obj (.text)
                  0033a15d    000000dd     Can.obj (.text:retain)
                  0033a23a    000000cd     SystemTick.obj (.text)
                  0033a307    000000a4     Scr.obj (.text)
                  0033a3ab    00000088     rts2800_fpu32.lib : fs_div28.obj (.text)
                  0033a433    00000078     RS232.obj (.text:retain)
                  0033a4ab    00000078     RS485.obj (.text:retain)
                  0033a523    00000075     DSP2833x_CpuTimers.obj (.text)
                  0033a598    00000071     main.obj (.text)
                  0033a609    00000058     rts2800_fpu32.lib : s_sinf.obj (.text)
                  0033a661    00000057     DSP2833x_PieVect.obj (.text)
                  0033a6b8    00000056     rts2800_fpu32.lib : boot28.obj (.text)
                  0033a70e    00000029                       : exit.obj (.text)
                  0033a737    00000028     DSP2833x_PieCtrl.obj (.text)
                  0033a75f    00000001     rts2800_fpu32.lib : startup.obj (.text)
                  0033a760    00000025                       : e_sqrtf.obj (.text)
                  0033a785    00000024                       : cpy_tbl.obj (.text)
                  0033a7a9    0000001e                       : memcpy.obj (.text)
                  0033a7c7    00000019     SystemTick.obj (.text:retain)
                  0033a7e0    00000019     rts2800_fpu32.lib : args_main.obj (.text)
                  0033a7f9    00000015     FpgaDriver.obj (.text:retain)
                  0033a80e    00000014     DSP2833x_Adc.obj (.text)
                  0033a822    00000013     DSP2833x_MemCopy.obj (.text)
                  0033a835    00000009     rts2800_fpu32.lib : _lock.obj (.text)
                  0033a83e    00000008     DSP2833x_CodeStartBranch.obj (.text)
                  0033a846    00000007     GlobalDefine.obj (.text)
                  0033a84d    00000002     rts2800_fpu32.lib : pre_init.obj (.text)

.econst    0    0033a850    00000300     
                  0033a850    00000100     communication.obj (.econst:.string:_auchCRCHi)
                  0033a950    00000100     communication.obj (.econst:.string:_auchCRCLo)
                  0033aa50    00000100     DSP2833x_PieVect.obj (.econst:_PieVectTableInit)

.cinit     0    0033ab50    00000169     
                  0033ab50    000000e1     SampleAndControl.obj (.cinit)
                  0033ac31    0000002c     PhaseLock.obj (.cinit)
                  0033ac5d    0000001c     SystemTick.obj (.cinit)
                  0033ac79    0000000e     FpgaDriver.obj (.cinit)
                  0033ac87    0000000e     rts2800_fpu32.lib : exit.obj (.cinit)
                  0033ac95    00000008     RS232.obj (.cinit)
                  0033ac9d    00000008     RS485.obj (.cinit)
                  0033aca5    00000005     rts2800_fpu32.lib : _lock.obj (.cinit:__lock)
                  0033acaa    00000005                       : _lock.obj (.cinit:__unlock)
                  0033acaf    00000004     Can.obj (.cinit)
                  0033acb3    00000004     rts2800_fpu32.lib : errno.obj (.cinit)
                  0033acb7    00000002     --HOLE-- [fill = 0]

codestart 
*          0    0033fff6    00000002     
                  0033fff6    00000002     DSP2833x_CodeStartBranch.obj (codestart)

.adc_cal   0    00380080    00000007     NOLOAD SECTION
                  00380080    00000007     DSP2833x_ADC_cal.obj (.adc_cal)

.stack     1    00000400    00000300     UNINITIALIZED
                  00000400    00000300     --HOLE--

DevEmuRegsFile 
*          1    00000880    000000d0     UNINITIALIZED
                  00000880    000000d0     DSP2833x_GlobalVariableDefs.obj (DevEmuRegsFile)

FlashRegsFile 
*          1    00000a80    00000008     UNINITIALIZED
                  00000a80    00000008     DSP2833x_GlobalVariableDefs.obj (FlashRegsFile)

CsmRegsFile 
*          1    00000ae0    00000010     UNINITIALIZED
                  00000ae0    00000010     DSP2833x_GlobalVariableDefs.obj (CsmRegsFile)

AdcMirrorFile 
*          1    00000b00    00000010     UNINITIALIZED
                  00000b00    00000010     DSP2833x_GlobalVariableDefs.obj (AdcMirrorFile)

XintfRegsFile 
*          1    00000b20    0000001e     UNINITIALIZED
                  00000b20    0000001e     DSP2833x_GlobalVariableDefs.obj (XintfRegsFile)

CpuTimer0RegsFile 
*          1    00000c00    00000008     UNINITIALIZED
                  00000c00    00000008     DSP2833x_GlobalVariableDefs.obj (CpuTimer0RegsFile)

CpuTimer1RegsFile 
*          1    00000c08    00000008     UNINITIALIZED
                  00000c08    00000008     DSP2833x_GlobalVariableDefs.obj (CpuTimer1RegsFile)

CpuTimer2RegsFile 
*          1    00000c10    00000008     UNINITIALIZED
                  00000c10    00000008     DSP2833x_GlobalVariableDefs.obj (CpuTimer2RegsFile)

PieCtrlRegsFile 
*          1    00000ce0    0000001a     UNINITIALIZED
                  00000ce0    0000001a     DSP2833x_GlobalVariableDefs.obj (PieCtrlRegsFile)

PieVectTableFile 
*          1    00000d00    00000100     UNINITIALIZED
                  00000d00    00000100     DSP2833x_GlobalVariableDefs.obj (PieVectTableFile)

DmaRegsFile 
*          1    00001000    000000e0     UNINITIALIZED
                  00001000    000000e0     DSP2833x_GlobalVariableDefs.obj (DmaRegsFile)

McbspaRegsFile 
*          1    00005000    00000025     UNINITIALIZED
                  00005000    00000025     DSP2833x_GlobalVariableDefs.obj (McbspaRegsFile)

McbspbRegsFile 
*          1    00005040    00000025     UNINITIALIZED
                  00005040    00000025     DSP2833x_GlobalVariableDefs.obj (McbspbRegsFile)

ECanaRegsFile 
*          1    00006000    00000034     UNINITIALIZED
                  00006000    00000034     DSP2833x_GlobalVariableDefs.obj (ECanaRegsFile)

ECanaLAMRegsFile 
*          1    00006040    00000040     UNINITIALIZED
                  00006040    00000040     DSP2833x_GlobalVariableDefs.obj (ECanaLAMRegsFile)

ECanaMOTSRegsFile 
*          1    00006080    00000040     UNINITIALIZED
                  00006080    00000040     DSP2833x_GlobalVariableDefs.obj (ECanaMOTSRegsFile)

ECanaMOTORegsFile 
*          1    000060c0    00000040     UNINITIALIZED
                  000060c0    00000040     DSP2833x_GlobalVariableDefs.obj (ECanaMOTORegsFile)

ECanaMboxesFile 
*          1    00006100    00000100     UNINITIALIZED
                  00006100    00000100     DSP2833x_GlobalVariableDefs.obj (ECanaMboxesFile)

ECanbRegsFile 
*          1    00006200    00000034     UNINITIALIZED
                  00006200    00000034     DSP2833x_GlobalVariableDefs.obj (ECanbRegsFile)

ECanbLAMRegsFile 
*          1    00006240    00000040     UNINITIALIZED
                  00006240    00000040     DSP2833x_GlobalVariableDefs.obj (ECanbLAMRegsFile)

ECanbMOTSRegsFile 
*          1    00006280    00000040     UNINITIALIZED
                  00006280    00000040     DSP2833x_GlobalVariableDefs.obj (ECanbMOTSRegsFile)

ECanbMOTORegsFile 
*          1    000062c0    00000040     UNINITIALIZED
                  000062c0    00000040     DSP2833x_GlobalVariableDefs.obj (ECanbMOTORegsFile)

ECanbMboxesFile 
*          1    00006300    00000100     UNINITIALIZED
                  00006300    00000100     DSP2833x_GlobalVariableDefs.obj (ECanbMboxesFile)

EPwm1RegsFile 
*          1    00006800    00000022     UNINITIALIZED
                  00006800    00000022     DSP2833x_GlobalVariableDefs.obj (EPwm1RegsFile)

EPwm2RegsFile 
*          1    00006840    00000022     UNINITIALIZED
                  00006840    00000022     DSP2833x_GlobalVariableDefs.obj (EPwm2RegsFile)

EPwm3RegsFile 
*          1    00006880    00000022     UNINITIALIZED
                  00006880    00000022     DSP2833x_GlobalVariableDefs.obj (EPwm3RegsFile)

EPwm4RegsFile 
*          1    000068c0    00000022     UNINITIALIZED
                  000068c0    00000022     DSP2833x_GlobalVariableDefs.obj (EPwm4RegsFile)

EPwm5RegsFile 
*          1    00006900    00000022     UNINITIALIZED
                  00006900    00000022     DSP2833x_GlobalVariableDefs.obj (EPwm5RegsFile)

EPwm6RegsFile 
*          1    00006940    00000022     UNINITIALIZED
                  00006940    00000022     DSP2833x_GlobalVariableDefs.obj (EPwm6RegsFile)

ECap1RegsFile 
*          1    00006a00    00000020     UNINITIALIZED
                  00006a00    00000020     DSP2833x_GlobalVariableDefs.obj (ECap1RegsFile)

ECap2RegsFile 
*          1    00006a20    00000020     UNINITIALIZED
                  00006a20    00000020     DSP2833x_GlobalVariableDefs.obj (ECap2RegsFile)

ECap3RegsFile 
*          1    00006a40    00000020     UNINITIALIZED
                  00006a40    00000020     DSP2833x_GlobalVariableDefs.obj (ECap3RegsFile)

ECap4RegsFile 
*          1    00006a60    00000020     UNINITIALIZED
                  00006a60    00000020     DSP2833x_GlobalVariableDefs.obj (ECap4RegsFile)

ECap5RegsFile 
*          1    00006a80    00000020     UNINITIALIZED
                  00006a80    00000020     DSP2833x_GlobalVariableDefs.obj (ECap5RegsFile)

ECap6RegsFile 
*          1    00006aa0    00000020     UNINITIALIZED
                  00006aa0    00000020     DSP2833x_GlobalVariableDefs.obj (ECap6RegsFile)

EQep1RegsFile 
*          1    00006b00    00000040     UNINITIALIZED
                  00006b00    00000040     DSP2833x_GlobalVariableDefs.obj (EQep1RegsFile)

EQep2RegsFile 
*          1    00006b40    00000040     UNINITIALIZED
                  00006b40    00000040     DSP2833x_GlobalVariableDefs.obj (EQep2RegsFile)

GpioCtrlRegsFile 
*          1    00006f80    0000002e     UNINITIALIZED
                  00006f80    0000002e     DSP2833x_GlobalVariableDefs.obj (GpioCtrlRegsFile)

GpioDataRegsFile 
*          1    00006fc0    00000020     UNINITIALIZED
                  00006fc0    00000020     DSP2833x_GlobalVariableDefs.obj (GpioDataRegsFile)

GpioIntRegsFile 
*          1    00006fe0    0000000a     UNINITIALIZED
                  00006fe0    0000000a     DSP2833x_GlobalVariableDefs.obj (GpioIntRegsFile)

SysCtrlRegsFile 
*          1    00007010    00000020     UNINITIALIZED
                  00007010    00000020     DSP2833x_GlobalVariableDefs.obj (SysCtrlRegsFile)

SpiaRegsFile 
*          1    00007040    00000010     UNINITIALIZED
                  00007040    00000010     DSP2833x_GlobalVariableDefs.obj (SpiaRegsFile)

SciaRegsFile 
*          1    00007050    00000010     UNINITIALIZED
                  00007050    00000010     DSP2833x_GlobalVariableDefs.obj (SciaRegsFile)

XIntruptRegsFile 
*          1    00007070    00000010     UNINITIALIZED
                  00007070    00000010     DSP2833x_GlobalVariableDefs.obj (XIntruptRegsFile)

AdcRegsFile 
*          1    00007100    0000001e     UNINITIALIZED
                  00007100    0000001e     DSP2833x_GlobalVariableDefs.obj (AdcRegsFile)

ScibRegsFile 
*          1    00007750    00000010     UNINITIALIZED
                  00007750    00000010     DSP2833x_GlobalVariableDefs.obj (ScibRegsFile)

ScicRegsFile 
*          1    00007770    00000010     UNINITIALIZED
                  00007770    00000010     DSP2833x_GlobalVariableDefs.obj (ScicRegsFile)

I2caRegsFile 
*          1    00007900    00000022     UNINITIALIZED
                  00007900    00000022     DSP2833x_GlobalVariableDefs.obj (I2caRegsFile)

.ebss      1    0000c000    000005d8     UNINITIALIZED
                  0000c000    000003ec     SampleAndControl.obj (.ebss)
                  0000c3ec    00000012     SystemTick.obj (.ebss)
                  0000c3fe    00000002     GlobalDefine.obj (.ebss)
                  0000c400    000000ac     communication.obj (.ebss)
                  0000c4ac    00000006     rts2800_fpu32.lib : exit.obj (.ebss)
                  0000c4b2    00000002     RS232.obj (.ebss)
                  0000c4b4    00000002     RS485.obj (.ebss)
                  0000c4b6    00000002     rts2800_fpu32.lib : _lock.obj (.ebss:__lock)
                  0000c4b8    00000002                       : _lock.obj (.ebss:__unlock)
                  0000c4ba    00000001     Can.obj (.ebss)
                  0000c4bb    00000001     rts2800_fpu32.lib : errno.obj (.ebss)
                  0000c4bc    00000004     --HOLE--
                  0000c4c0    00000056     Scr.obj (.ebss)
                  0000c516    00000026     PhaseLock.obj (.ebss)
                  0000c53c    00000004     --HOLE--
                  0000c540    00000050     FaultDetect.obj (.ebss)
                  0000c590    00000024     FpgaDriver.obj (.ebss)
                  0000c5b4    0000000c     --HOLE--
                  0000c5c0    00000018     DSP2833x_CpuTimers.obj (.ebss)

CsmPwlFile 
*          1    0033fff8    00000008     UNINITIALIZED
                  0033fff8    00000008     DSP2833x_GlobalVariableDefs.obj (CsmPwlFile)

PartIdRegsFile 
*          1    00380090    00000001     UNINITIALIZED
                  00380090    00000001     DSP2833x_GlobalVariableDefs.obj (PartIdRegsFile)

.pinit     0    00338000    00000000     UNINITIALIZED

.reset     0    003fffc0    00000002     DSECT
                  003fffc0    00000002     rts2800_fpu32.lib : boot28.obj (.reset)

vectors    0    003fffc2    00000000     DSECT

MODULE SUMMARY

       Module                            code    initialized data   uninitialized data
       ------                            ----    ----------------   ------------------
    .\FpgaDriver\
       FpgaDriver.obj                    482     14                 36                
    +--+---------------------------------+-------+------------------+--------------------+
       Total:                            482     14                 36                
                                                                                      
    .\communication\
       communication.obj                 623     512                172               
       Can.obj                           1042    4                  1                 
       RS485.obj                         682     8                  2                 
       RS232.obj                         570     8                  2                 
    +--+---------------------------------+-------+------------------+--------------------+
       Total:                            2917    532                177               
                                                                                      
    .\myFiles\
       SampleAndControl.obj              2514    225                1004              
       FaultDetect.obj                   1083    0                  80                
       PhaseLock.obj                     683     44                 38                
       SystemTick.obj                    230     28                 18                
       Scr.obj                           164     0                  86                
       main.obj                          113     0                  0                 
       GlobalDefine.obj                  7       0                  2                 
    +--+---------------------------------+-------+------------------+--------------------+
       Total:                            4794    297                1228              
                                                                                      
    .\sources\
       DSP2833x_GlobalVariableDefs.obj   0       0                  2679              
       DSP2833x_DefaultIsr.obj           790     0                  0                 
       DSP2833x_PieVect.obj              87      256                0                 
       DSP2833x_ECan.obj                 306     0                  0                 
       DSP2833x_SysCtrl.obj              302     0                  0                 
       DSP2833x_CpuTimers.obj            117     0                  24                
       DSP2833x_PieCtrl.obj              40      0                  0                 
       DSP2833x_Adc.obj                  20      0                  0                 
       DSP2833x_MemCopy.obj              19      0                  0                 
       DSP2833x_CodeStartBranch.obj      10      0                  0                 
       DSP2833x_usDelay.obj              8       0                  0                 
       DSP2833x_ADC_cal.obj              7       0                  0                 
    +--+---------------------------------+-------+------------------+--------------------+
       Total:                            1706    256                2703              
                                                                                      
    E:\Development\ccs7\ccsv7\tools\compiler\ti-cgt-c2000_16.9.1.LTS\lib\rts2800_fpu32.lib
       fs_div28.obj                      136     0                  0                 
       s_sinf.obj                        88      0                  0                 
       boot28.obj                        86      0                  0                 
       exit.obj                          41      14                 6                 
       e_sqrtf.obj                       37      0                  0                 
       cpy_tbl.obj                       36      0                  0                 
       memcpy.obj                        30      0                  0                 
       args_main.obj                     25      0                  0                 
       _lock.obj                         9       10                 4                 
       errno.obj                         0       4                  1                 
       pre_init.obj                      2       0                  0                 
       startup.obj                       1       0                  0                 
    +--+---------------------------------+-------+------------------+--------------------+
       Total:                            491     28                 11                
                                                                                      
       Stack:                            0       0                  768               
    +--+---------------------------------+-------+------------------+--------------------+
       Grand Total:                      10390   1127               4923              


GLOBAL DATA SYMBOLS: SORTED BY DATA PAGE

address     data page           name
--------    ----------------    ----
00000400      10 (00000400)     __stack

00000880      22 (00000880)     _DevEmuRegs

00000a80      2a (00000a80)     _FlashRegs

00000ae0      2b (00000ac0)     _CsmRegs

00000b00      2c (00000b00)     _AdcMirror
00000b20      2c (00000b00)     _XintfRegs

00000c00      30 (00000c00)     _CpuTimer0Regs
00000c08      30 (00000c00)     _CpuTimer1Regs
00000c10      30 (00000c00)     _CpuTimer2Regs

00000ce0      33 (00000cc0)     _PieCtrlRegs

00000d00      34 (00000d00)     _PieVectTable

00001000      40 (00001000)     _DmaRegs

00005000     140 (00005000)     _McbspaRegs

00005040     141 (00005040)     _McbspbRegs

00006000     180 (00006000)     _ECanaRegs

00006040     181 (00006040)     _ECanaLAMRegs

00006080     182 (00006080)     _ECanaMOTSRegs

000060c0     183 (000060c0)     _ECanaMOTORegs

00006100     184 (00006100)     _ECanaMboxes

00006200     188 (00006200)     _ECanbRegs

00006240     189 (00006240)     _ECanbLAMRegs

00006280     18a (00006280)     _ECanbMOTSRegs

000062c0     18b (000062c0)     _ECanbMOTORegs

00006300     18c (00006300)     _ECanbMboxes

00006800     1a0 (00006800)     _EPwm1Regs

00006840     1a1 (00006840)     _EPwm2Regs

00006880     1a2 (00006880)     _EPwm3Regs

000068c0     1a3 (000068c0)     _EPwm4Regs

00006900     1a4 (00006900)     _EPwm5Regs

00006940     1a5 (00006940)     _EPwm6Regs

00006a00     1a8 (00006a00)     _ECap1Regs
00006a20     1a8 (00006a00)     _ECap2Regs

00006a40     1a9 (00006a40)     _ECap3Regs
00006a60     1a9 (00006a40)     _ECap4Regs

00006a80     1aa (00006a80)     _ECap5Regs
00006aa0     1aa (00006a80)     _ECap6Regs

00006b00     1ac (00006b00)     _EQep1Regs

00006b40     1ad (00006b40)     _EQep2Regs

00006f80     1be (00006f80)     _GpioCtrlRegs

00006fc0     1bf (00006fc0)     _GpioDataRegs
00006fe0     1bf (00006fc0)     _GpioIntRegs

00007010     1c0 (00007000)     _SysCtrlRegs

00007040     1c1 (00007040)     _SpiaRegs
00007050     1c1 (00007040)     _SciaRegs
00007070     1c1 (00007040)     _XIntruptRegs

00007100     1c4 (00007100)     _AdcRegs

00007750     1dd (00007740)     _ScibRegs
00007770     1dd (00007740)     _ScicRegs

00007900     1e4 (00007900)     _I2caRegs

0000c000     300 (0000c000)     _muxian_count
0000c001     300 (0000c000)     _DC_Target
0000c002     300 (0000c000)     _DC_SoftH_Target
0000c004     300 (0000c000)     _DC_SoftL_Target
0000c005     300 (0000c000)     _UaPtr
0000c006     300 (0000c000)     _RemainStep
0000c007     300 (0000c000)     _TIMER1_num
0000c008     300 (0000c000)     _Ki_Enable
0000c009     300 (0000c000)     _I_KiEnable
0000c00a     300 (0000c000)     _Target
0000c00b     300 (0000c000)     _SampleN
0000c00c     300 (0000c000)     _iCalRMS1
0000c00d     300 (0000c000)     _iCalRMS
0000c00e     300 (0000c000)     _SOFT_START
0000c010     300 (0000c000)     _OUT0
0000c014     300 (0000c000)     _T
0000c016     300 (0000c000)     _Td
0000c018     300 (0000c000)     _Ti
0000c01a     300 (0000c000)     _Kpo
0000c01c     300 (0000c000)     _UDC
0000c020     300 (0000c000)     _Kp
0000c024     300 (0000c000)     _Ki
0000c026     300 (0000c000)     _Kd
0000c028     300 (0000c000)     _Kd1
0000c02a     300 (0000c000)     _Ki2
0000c02c     300 (0000c000)     _ek
0000c02e     300 (0000c000)     _ek2
0000c030     300 (0000c000)     _ek1
0000c032     300 (0000c000)     _ek_sum
0000c034     300 (0000c000)     _Kdo
0000c036     300 (0000c000)     _Kio
0000c038     300 (0000c000)     _Kp1
0000c03a     300 (0000c000)     _Ki1

0000c040     301 (0000c040)     _PID
0000c042     301 (0000c040)     _PhasePerStep
0000c044     301 (0000c040)     _OutPerStep
0000c046     301 (0000c040)     _COPRD
0000c048     301 (0000c040)     _KiTs
0000c04a     301 (0000c040)     _CurPhase
0000c04c     301 (0000c040)     _SamplePhase
0000c04e     301 (0000c040)     _UaPh
0000c050     301 (0000c040)     _UaSa
0000c052     301 (0000c040)     _DeltaPh
0000c054     301 (0000c040)     _SNumRec

0000c080     302 (0000c080)     _UaFifo

0000c0c0     303 (0000c0c0)     _myControlSystem

0000c180     306 (0000c180)     _UAi

0000c2c0     30b (0000c2c0)     _UA

0000c3ee     30f (0000c3c0)     _TickEnd
0000c3f4     30f (0000c3c0)     _mySystemTick
0000c3fe     30f (0000c3c0)     _myHardwarePool2
0000c3ff     30f (0000c3c0)     _myHardwarePool

0000c400     310 (0000c400)     _myCommunication

0000c4ac     312 (0000c480)     ___TI_enable_exit_profile_output
0000c4ae     312 (0000c480)     ___TI_cleanup_ptr
0000c4b0     312 (0000c480)     ___TI_dtors_ptr
0000c4b2     312 (0000c480)     _TxBufferPtr
0000c4b3     312 (0000c480)     _RemainSendNum
0000c4b4     312 (0000c480)     _RemainSendNum485
0000c4b5     312 (0000c480)     _TxBufferPtr485
0000c4b6     312 (0000c480)     __lock
0000c4b8     312 (0000c480)     __unlock
0000c4ba     312 (0000c480)     _FrameEnd
0000c4bb     312 (0000c480)     _errno

0000c4c0     313 (0000c4c0)     _myScr

0000c516     314 (0000c500)     _FlagCapEnd
0000c518     314 (0000c500)     _ValCap
0000c51a     314 (0000c500)     _ValCap1
0000c51c     314 (0000c500)     _Phase_AB
0000c51e     314 (0000c500)     _Phase_A0
0000c520     314 (0000c500)     _Phase_B1
0000c522     314 (0000c500)     _AB
0000c524     314 (0000c500)     _Phase_A1
0000c526     314 (0000c500)     _Phase_B0
0000c528     314 (0000c500)     _myPhaseLock

0000c540     315 (0000c540)     _myFaultDetect

0000c590     316 (0000c580)     _FpgaIntFlag
0000c592     316 (0000c580)     _FpgaAddr0
0000c594     316 (0000c580)     _FpgaAddr1
0000c596     316 (0000c580)     _myFpgaDriver

0000c5c0     317 (0000c5c0)     _CpuTimer1
0000c5c8     317 (0000c5c0)     _CpuTimer2
0000c5d0     317 (0000c5c0)     _CpuTimer0

0033a850    cea1 (0033a840)     _auchCRCHi

0033a950    cea5 (0033a940)     _auchCRCLo

0033aa50    cea9 (0033aa40)     _PieVectTableInit

0033fff8    cfff (0033ffc0)     _CsmPwl

00380090    e002 (00380080)     _PartIdRegs


GLOBAL SYMBOLS: SORTED ALPHABETICALLY BY Name 

page  address   name                            
----  -------   ----                            
0     00338000  .text                           
0     0033a70e  C$$EXIT                         
0     0033a3ab  FS$$DIV                         
1     0000c522  _AB                             
0     003390ed  _ADCINT_ISR                     
0     00339df8  _ADC_ISR                        
0     00380080  _ADC_cal                        
0     00338751  _ActuatorChangeState            
0     00338756  _ActuatorGetOutputPhase         
0     00338732  _ActuatorInit                   
1     00000b00  _AdcMirror                      
1     00007100  _AdcRegs                        
0     0033990e  _Arm_StChangeCB                 
1     0000c046  _COPRD                          
0     00338287  _CalRMS                         
0     00338686  _CalRMSCmd                      
0     00338faa  _CanAutoRecData                 
0     00338e50  _CanChangeState                 
0     00338d13  _CanInit                        
0     00338fb6  _CanScan                        
0     00338eb0  _CanSendData                    
0     00338f67  _CanSendDataWithPtc             
0     00338f45  _CanSendDataWithPtc2            
0     0033a15d  _CanbInt0_ISR                   
0     0033a18c  _CanbInt1_ISR                   
0     00338e88  _ChangeAutoSendState            
0     003384cb  _ChangeSampleState              
0     0033934f  _ComChangeState                 
0     0033932f  _ComInit                        
0     0033a55e  _ConfigCpuTimer                 
0     00338183  _Control                        
0     00338141  _ControlSystemInit              
1     0000c5d0  _CpuTimer0                      
1     00000c00  _CpuTimer0Regs                  
0     0033a7c7  _CpuTimer0_ISR                  
1     0000c5c0  _CpuTimer1                      
1     00000c08  _CpuTimer1Regs                  
0     00339eeb  _CpuTimer1_ISR                  
1     0000c5c8  _CpuTimer2                      
1     00000c10  _CpuTimer2Regs                  
1     0033fff8  _CsmPwl                         
1     00000ae0  _CsmRegs                        
0     0033a12c  _CsmUnlock                      
1     0000c04a  _CurPhase                       
0     0033901b  _DATALOG_ISR                    
1     0000c002  _DC_SoftH_Target                
1     0000c004  _DC_SoftL_Target                
1     0000c001  _DC_Target                      
0     0033920f  _DINTCH1_ISR                    
0     00339219  _DINTCH2_ISR                    
0     00339223  _DINTCH3_ISR                    
0     0033922d  _DINTCH4_ISR                    
0     00339237  _DINTCH5_ISR                    
0     00339241  _DINTCH6_ISR                    
0     0000801b  _DSP28x_usDelay                 
1     0000c052  _DeltaPh                        
1     00000880  _DevEmuRegs                     
0     0033a078  _DisableDog                     
1     00001000  _DmaRegs                        
0     0033929b  _ECAN0INTA_ISR                  
0     003392af  _ECAN0INTB_ISR                  
0     003392a5  _ECAN1INTA_ISR                  
0     003392b9  _ECAN1INTB_ISR                  
0     00339183  _ECAP1_INT_ISR                  
0     0033918d  _ECAP2_INT_ISR                  
0     00339197  _ECAP3_INT_ISR                  
0     003391a1  _ECAP4_INT_ISR                  
0     003391ab  _ECAP5_INT_ISR                  
0     003391b5  _ECAP6_INT_ISR                  
1     00006040  _ECanaLAMRegs                   
1     000060c0  _ECanaMOTORegs                  
1     00006080  _ECanaMOTSRegs                  
1     00006100  _ECanaMboxes                    
1     00006000  _ECanaRegs                      
1     00006240  _ECanbLAMRegs                   
1     000062c0  _ECanbMOTORegs                  
1     00006280  _ECanbMOTSRegs                  
1     00006300  _ECanbMboxes                    
1     00006200  _ECanbRegs                      
1     00006a00  _ECap1Regs                      
0     00339d5f  _ECap1_ISR                      
1     00006a20  _ECap2Regs                      
0     00339ca4  _ECap2_ISR                      
1     00006a40  _ECap3Regs                      
1     00006a60  _ECap4Regs                      
1     00006a80  _ECap5Regs                      
1     00006aa0  _ECap6Regs                      
0     0033902f  _EMUINT_ISR                     
0     00339147  _EPWM1_INT_ISR                  
0     0033910b  _EPWM1_TZINT_ISR                
0     00339151  _EPWM2_INT_ISR                  
0     00339115  _EPWM2_TZINT_ISR                
0     0033915b  _EPWM3_INT_ISR                  
0     0033911f  _EPWM3_TZINT_ISR                
0     00339165  _EPWM4_INT_ISR                  
0     00339129  _EPWM4_TZINT_ISR                
0     0033916f  _EPWM5_INT_ISR                  
0     00339133  _EPWM5_TZINT_ISR                
0     00339179  _EPWM6_INT_ISR                  
0     0033913d  _EPWM6_TZINT_ISR                
1     00006800  _EPwm1Regs                      
1     00006840  _EPwm2Regs                      
1     00006880  _EPwm3Regs                      
1     000068c0  _EPwm4Regs                      
1     00006900  _EPwm5Regs                      
1     00006940  _EPwm6Regs                      
0     003391bf  _EQEP1_INT_ISR                  
0     003391c9  _EQEP2_INT_ISR                  
1     00006b00  _EQep1Regs                      
1     00006b40  _EQep2Regs                      
0     0033a756  _EnableInterrupts               
0     00339e31  _Epwm1_ISR                      
0     00339954  _FDInvSwitchOn                  
0     00339970  _FDRecInputSW                   
0     00339938  _FDSpwmOutEnable                
0     00338cd0  _FaultHandlingScan              
1     0000c516  _FlagCapEnd                     
1     00000a80  _FlashRegs                      
0     0033949d  _Float2Uint16                   
1     0000c592  _FpgaAddr0                      
1     0000c594  _FpgaAddr1                      
0     00339865  _FpgaDriverChangeState          
0     003397e9  _FpgaDriverInit                 
0     00339890  _FpgaDriverScan                 
1     0000c590  _FpgaIntFlag                    
1     0000c4ba  _FrameEnd                       
1     00006f80  _GpioCtrlRegs                   
1     00006fc0  _GpioDataRegs                   
1     00006fe0  _GpioIntRegs                    
0     0033924b  _I2CINT1A_ISR                   
0     00339255  _I2CINT2A_ISR                   
1     00007900  _I2caRegs                       
0     00339043  _ILLEGAL_ISR                    
0     00339007  _INT13_ISR                      
0     00339011  _INT14_ISR                      
1     0000c009  _I_KiEnable                     
0     0033a80e  _InitAdc                        
0     0033a523  _InitCpuTimers                  
0     00339f33  _InitECan                       
0     0033a036  _InitECanGpio                   
0     00339f38  _InitECana                      
0     0033a03b  _InitECanaGpio                  
0     00339fb7  _InitECanb                      
0     0033a051  _InitECanbGpio                  
0     00008000  _InitFlash                      
0     0033a0d1  _InitPeripheralClocks           
0     0033a737  _InitPieCtrl                    
0     0033a661  _InitPieVectTable               
0     0033a080  _InitPll                        
0     0033a065  _InitSysCtrl                    
0     0033891e  _InsFaultDetAndHandScan         
0     00338b01  _InsFaultHandling               
0     003398dc  _InvRun_StChangeCB              
0     00338154  _IsAddControl                   
1     0000c026  _Kd                             
1     0000c028  _Kd1                            
1     0000c034  _Kdo                            
1     0000c024  _Ki                             
1     0000c03a  _Ki1                            
1     0000c02a  _Ki2                            
1     0000c048  _KiTs                           
1     0000c008  _Ki_Enable                      
1     0000c036  _Kio                            
1     0000c020  _Kp                             
1     0000c038  _Kp1                            
1     0000c01a  _Kpo                            
0     003392ff  _LUF_ISR                        
0     003392f5  _LVF_ISR                        
0     003391fb  _MRINTA_ISR                     
0     003391e7  _MRINTB_ISR                     
0     00339205  _MXINTA_ISR                     
0     003391f1  _MXINTB_ISR                     
1     00005000  _McbspaRegs                     
1     00005040  _McbspbRegs                     
0     0033a822  _MemCopy                        
0     00339039  _NMI_ISR                        
0     003398ee  _NeedTurnToBP_StChangeCB        
1     0000c010  _OUT0                           
1     0000c044  _OutPerStep                     
1     0000c040  _PID                            
0     00338828  _PID_change                     
0     00339309  _PIE_RESERVED                   
0     00339ca3  _PLCalOverFlowCallback          
0     00339ca2  _PLCapOverFlowCallback          
1     00380090  _PartIdRegs                     
0     00339bee  _PhaseLockChangeState           
0     00339c33  _PhaseLockCmd                   
0     00339b6c  _PhaseLockInit                  
0     00339c5b  _PhaseLockScan                  
1     0000c042  _PhasePerStep                   
1     0000c51e  _Phase_A0                       
1     0000c524  _Phase_A1                       
1     0000c51c  _Phase_AB                       
1     0000c526  _Phase_B0                       
1     0000c520  _Phase_B1                       
1     00000ce0  _PieCtrlRegs                    
1     00000d00  _PieVectTable                   
0     0033aa50  _PieVectTableInit               
0     00339a66  _RS232ChangeState               
0     003399a8  _RS232Init                      
0     00339b0a  _RS232MB03Return                
0     00339b17  _RS232Scan                      
0     00339aab  _RS232SendData                  
0     00339675  _RS485ChangeState               
0     003395ab  _RS485Init                      
0     0033971f  _RS485MB03Return                
0     0033972c  _RS485MB06Return                
0     00339737  _RS485MB16Return                
0     00339742  _RS485Scan                      
0     003396ba  _RS485SendData                  
0     00339025  _RTOSINT_ISR                    
0     0032001f  _RamfuncsLoadEnd                
0     00320000  _RamfuncsLoadStart              
0     00008000  _RamfuncsRunStart               
0     003398c9  _ReadEndCB                      
0     003398c3  _ReadFpgaRegs                   
0     003398cb  _RecSW_StChangeCB               
1     0000c4b3  _RemainSendNum                  
1     0000c4b4  _RemainSendNum485               
1     0000c006  _RemainStep                     
0     0033a846  _ResetHardwarePool              
0     00338b02  _RmsFaultDetectScan             
0     00339ac4  _Rs232SendRemain                
0     003396d9  _Rs485SendRemain                
0     0033835e  _SACInit                        
0     00338512  _SAC_Scan                       
0     00339273  _SCIRXINTA_ISR                  
0     00339287  _SCIRXINTB_ISR                  
0     0033925f  _SCIRXINTC_ISR                  
0     0033927d  _SCITXINTA_ISR                  
0     00339291  _SCITXINTB_ISR                  
0     00339269  _SCITXINTC_ISR                  
0     0033a3a9  _SCRRSCC                        
0     003390c5  _SEQ1INT_ISR                    
0     003390cf  _SEQ2INT_ISR                    
1     0000c054  _SNumRec                        
1     0000c00e  _SOFT_START                     
0     003391d3  _SPIRXINTA_ISR                  
0     003391dd  _SPITXINTA_ISR                  
1     0000c00b  _SampleN                        
1     0000c04c  _SamplePhase                    
1     00007050  _SciaRegs                       
1     00007750  _ScibRegs                       
0     0033a474  _ScibRx_ISR                     
0     0033a433  _ScibTx_ISR                     
1     00007770  _ScicRegs                       
0     0033a4ec  _ScicRx_ISR                     
0     0033a4ab  _ScicTx_ISR                     
0     0033a35b  _ScrChangeState                 
0     0033a31f  _ScrInit                        
0     0033a06e  _ServiceDog                     
0     003386aa  _SoftStartRun                   
1     00007040  _SpiaRegs                       
1     00007010  _SysCtrlRegs                    
1     0000c014  _T                              
1     0000c007  _TIMER1_num                     
0     003390f7  _TINT0_ISR                      
1     0000c00a  _Target                         
1     0000c016  _Td                             
0     003398fe  _TempHigh_StChangeCB            
1     0000c018  _Ti                             
0     0033a265  _TickChangeState                
1     0000c3ee  _TickEnd                        
0     0033a24b  _TickInit                       
0     0033a28a  _TickScanCallback               
1     0000c4b2  _TxBufferPtr                    
1     0000c4b5  _TxBufferPtr485                 
1     0000c2c0  _UA                             
1     0000c180  _UAi                            
1     0000c01c  _UDC                            
0     003390a7  _USER10_ISR                     
0     003390b1  _USER11_ISR                     
0     003390bb  _USER12_ISR                     
0     0033904d  _USER1_ISR                      
0     00339057  _USER2_ISR                      
0     00339061  _USER3_ISR                      
0     0033906b  _USER4_ISR                      
0     00339075  _USER5_ISR                      
0     0033907f  _USER6_ISR                      
0     00339089  _USER7_ISR                      
0     00339093  _USER8_ISR                      
0     0033909d  _USER9_ISR                      
1     0000c080  _UaFifo                         
1     0000c04e  _UaPh                           
1     0000c005  _UaPtr                          
1     0000c050  _UaSa                           
0     003394bd  _Unit16toFloat                  
0     00338cd2  _UseCan                         
0     00338000  _UseControlSystem               
0     003397be  _UseFpgaDriver                  
0     00339b4d  _UsePhaseLock                   
0     0033998b  _UseRS232                       
0     0033958c  _UseRS485                       
0     0033a307  _UseScr                         
0     0033a23a  _UseSystemTick                  
0     0033931d  _UsemyCommunication             
0     00338897  _UsemyFaultDetect               
1     0000c518  _ValCap                         
1     0000c51a  _ValCap1                        
0     00339502  _VerifyFrame                    
0     00339101  _WAKEINT_ISR                    
0     0033936a  _Write06Buf                     
0     003393d2  _Write16Buf                     
0     0033943a  _Write2Buf                      
0     003390d9  _XINT1_ISR                      
0     003390e3  _XINT2_ISR                      
0     003392c3  _XINT3_ISR                      
0     003392cd  _XINT4_ISR                      
0     003392d7  _XINT5_ISR                      
0     003392e1  _XINT6_ISR                      
0     003392eb  _XINT7_ISR                      
1     00007070  _XIntruptRegs                   
0     0033a7f9  _Xint3_ISR                      
1     00000b20  _XintfRegs                      
1     00000700  __STACK_END                     
abs   00000300  __STACK_SIZE                    
1     0000c4ae  ___TI_cleanup_ptr               
1     0000c4b0  ___TI_dtors_ptr                 
1     0000c4ac  ___TI_enable_exit_profile_output
abs   ffffffff  ___TI_pprof_out_hndl            
abs   ffffffff  ___TI_prof_data_size            
abs   ffffffff  ___TI_prof_data_start           
abs   ffffffff  ___binit__                      
abs   ffffffff  ___c_args__                     
0     0033ab50  ___cinit__                      
0     0033a84f  ___etext__                      
abs   ffffffff  ___pinit__                      
0     00338000  ___text__                       
0     0033a7e0  __args_main                     
1     0000c4b6  __lock                          
0     0033a83d  __nop                           
0     0033a839  __register_lock                 
0     0033a835  __register_unlock               
1     00000400  __stack                         
0     0033a75f  __system_post_cinit             
0     0033a84d  __system_pre_init               
1     0000c4b8  __unlock                        
0     0033a70e  _abort                          
0     0033a850  _auchCRCHi                      
0     0033a950  _auchCRCLo                      
0     0033a6b8  _c_int00                        
0     0033a785  _copy_in                        
0     003394dd  _crc16                          
1     0000c02c  _ek                             
1     0000c030  _ek1                            
1     0000c02e  _ek2                            
1     0000c032  _ek_sum                         
1     0000c4bb  _errno                          
0     0033a710  _exit                           
1     0000c00d  _iCalRMS                        
1     0000c00c  _iCalRMS1                       
0     0033a598  _main                           
0     0033a7a9  _memcpy                         
1     0000c000  _muxian_count                   
1     0000c400  _myCommunication                
1     0000c0c0  _myControlSystem                
1     0000c540  _myFaultDetect                  
1     0000c596  _myFpgaDriver                   
1     0000c3ff  _myHardwarePool                 
1     0000c3fe  _myHardwarePool2                
1     0000c528  _myPhaseLock                    
1     0000c4c0  _myScr                          
1     0000c3f4  _mySystemTick                   
0     00339313  _rsvd_ISR                       
0     00338787  _scr_number_switch              
0     0033a609  _sin                            
0     0033a609  _sinf                           
0     003387f7  _soft_start                     
0     0033a760  _sqrt                           
0     0033a760  _sqrtf                          
abs   ffffffff  binit                           
0     0033ab50  cinit                           
0     0033fff6  code_start                      
0     0033a84f  etext                           
abs   ffffffff  pinit                           


GLOBAL SYMBOLS: SORTED BY Symbol Address 

page  address   name                            
----  -------   ----                            
0     00008000  _InitFlash                      
0     00008000  _RamfuncsRunStart               
0     0000801b  _DSP28x_usDelay                 
0     00320000  _RamfuncsLoadStart              
0     0032001f  _RamfuncsLoadEnd                
0     00338000  .text                           
0     00338000  _UseControlSystem               
0     00338000  ___text__                       
0     00338141  _ControlSystemInit              
0     00338154  _IsAddControl                   
0     00338183  _Control                        
0     00338287  _CalRMS                         
0     0033835e  _SACInit                        
0     003384cb  _ChangeSampleState              
0     00338512  _SAC_Scan                       
0     00338686  _CalRMSCmd                      
0     003386aa  _SoftStartRun                   
0     00338732  _ActuatorInit                   
0     00338751  _ActuatorChangeState            
0     00338756  _ActuatorGetOutputPhase         
0     00338787  _scr_number_switch              
0     003387f7  _soft_start                     
0     00338828  _PID_change                     
0     00338897  _UsemyFaultDetect               
0     0033891e  _InsFaultDetAndHandScan         
0     00338b01  _InsFaultHandling               
0     00338b02  _RmsFaultDetectScan             
0     00338cd0  _FaultHandlingScan              
0     00338cd2  _UseCan                         
0     00338d13  _CanInit                        
0     00338e50  _CanChangeState                 
0     00338e88  _ChangeAutoSendState            
0     00338eb0  _CanSendData                    
0     00338f45  _CanSendDataWithPtc2            
0     00338f67  _CanSendDataWithPtc             
0     00338faa  _CanAutoRecData                 
0     00338fb6  _CanScan                        
0     00339007  _INT13_ISR                      
0     00339011  _INT14_ISR                      
0     0033901b  _DATALOG_ISR                    
0     00339025  _RTOSINT_ISR                    
0     0033902f  _EMUINT_ISR                     
0     00339039  _NMI_ISR                        
0     00339043  _ILLEGAL_ISR                    
0     0033904d  _USER1_ISR                      
0     00339057  _USER2_ISR                      
0     00339061  _USER3_ISR                      
0     0033906b  _USER4_ISR                      
0     00339075  _USER5_ISR                      
0     0033907f  _USER6_ISR                      
0     00339089  _USER7_ISR                      
0     00339093  _USER8_ISR                      
0     0033909d  _USER9_ISR                      
0     003390a7  _USER10_ISR                     
0     003390b1  _USER11_ISR                     
0     003390bb  _USER12_ISR                     
0     003390c5  _SEQ1INT_ISR                    
0     003390cf  _SEQ2INT_ISR                    
0     003390d9  _XINT1_ISR                      
0     003390e3  _XINT2_ISR                      
0     003390ed  _ADCINT_ISR                     
0     003390f7  _TINT0_ISR                      
0     00339101  _WAKEINT_ISR                    
0     0033910b  _EPWM1_TZINT_ISR                
0     00339115  _EPWM2_TZINT_ISR                
0     0033911f  _EPWM3_TZINT_ISR                
0     00339129  _EPWM4_TZINT_ISR                
0     00339133  _EPWM5_TZINT_ISR                
0     0033913d  _EPWM6_TZINT_ISR                
0     00339147  _EPWM1_INT_ISR                  
0     00339151  _EPWM2_INT_ISR                  
0     0033915b  _EPWM3_INT_ISR                  
0     00339165  _EPWM4_INT_ISR                  
0     0033916f  _EPWM5_INT_ISR                  
0     00339179  _EPWM6_INT_ISR                  
0     00339183  _ECAP1_INT_ISR                  
0     0033918d  _ECAP2_INT_ISR                  
0     00339197  _ECAP3_INT_ISR                  
0     003391a1  _ECAP4_INT_ISR                  
0     003391ab  _ECAP5_INT_ISR                  
0     003391b5  _ECAP6_INT_ISR                  
0     003391bf  _EQEP1_INT_ISR                  
0     003391c9  _EQEP2_INT_ISR                  
0     003391d3  _SPIRXINTA_ISR                  
0     003391dd  _SPITXINTA_ISR                  
0     003391e7  _MRINTB_ISR                     
0     003391f1  _MXINTB_ISR                     
0     003391fb  _MRINTA_ISR                     
0     00339205  _MXINTA_ISR                     
0     0033920f  _DINTCH1_ISR                    
0     00339219  _DINTCH2_ISR                    
0     00339223  _DINTCH3_ISR                    
0     0033922d  _DINTCH4_ISR                    
0     00339237  _DINTCH5_ISR                    
0     00339241  _DINTCH6_ISR                    
0     0033924b  _I2CINT1A_ISR                   
0     00339255  _I2CINT2A_ISR                   
0     0033925f  _SCIRXINTC_ISR                  
0     00339269  _SCITXINTC_ISR                  
0     00339273  _SCIRXINTA_ISR                  
0     0033927d  _SCITXINTA_ISR                  
0     00339287  _SCIRXINTB_ISR                  
0     00339291  _SCITXINTB_ISR                  
0     0033929b  _ECAN0INTA_ISR                  
0     003392a5  _ECAN1INTA_ISR                  
0     003392af  _ECAN0INTB_ISR                  
0     003392b9  _ECAN1INTB_ISR                  
0     003392c3  _XINT3_ISR                      
0     003392cd  _XINT4_ISR                      
0     003392d7  _XINT5_ISR                      
0     003392e1  _XINT6_ISR                      
0     003392eb  _XINT7_ISR                      
0     003392f5  _LVF_ISR                        
0     003392ff  _LUF_ISR                        
0     00339309  _PIE_RESERVED                   
0     00339313  _rsvd_ISR                       
0     0033931d  _UsemyCommunication             
0     0033932f  _ComInit                        
0     0033934f  _ComChangeState                 
0     0033936a  _Write06Buf                     
0     003393d2  _Write16Buf                     
0     0033943a  _Write2Buf                      
0     0033949d  _Float2Uint16                   
0     003394bd  _Unit16toFloat                  
0     003394dd  _crc16                          
0     00339502  _VerifyFrame                    
0     0033958c  _UseRS485                       
0     003395ab  _RS485Init                      
0     00339675  _RS485ChangeState               
0     003396ba  _RS485SendData                  
0     003396d9  _Rs485SendRemain                
0     0033971f  _RS485MB03Return                
0     0033972c  _RS485MB06Return                
0     00339737  _RS485MB16Return                
0     00339742  _RS485Scan                      
0     003397be  _UseFpgaDriver                  
0     003397e9  _FpgaDriverInit                 
0     00339865  _FpgaDriverChangeState          
0     00339890  _FpgaDriverScan                 
0     003398c3  _ReadFpgaRegs                   
0     003398c9  _ReadEndCB                      
0     003398cb  _RecSW_StChangeCB               
0     003398dc  _InvRun_StChangeCB              
0     003398ee  _NeedTurnToBP_StChangeCB        
0     003398fe  _TempHigh_StChangeCB            
0     0033990e  _Arm_StChangeCB                 
0     00339938  _FDSpwmOutEnable                
0     00339954  _FDInvSwitchOn                  
0     00339970  _FDRecInputSW                   
0     0033998b  _UseRS232                       
0     003399a8  _RS232Init                      
0     00339a66  _RS232ChangeState               
0     00339aab  _RS232SendData                  
0     00339ac4  _Rs232SendRemain                
0     00339b0a  _RS232MB03Return                
0     00339b17  _RS232Scan                      
0     00339b4d  _UsePhaseLock                   
0     00339b6c  _PhaseLockInit                  
0     00339bee  _PhaseLockChangeState           
0     00339c33  _PhaseLockCmd                   
0     00339c5b  _PhaseLockScan                  
0     00339ca2  _PLCapOverFlowCallback          
0     00339ca3  _PLCalOverFlowCallback          
0     00339ca4  _ECap2_ISR                      
0     00339d5f  _ECap1_ISR                      
0     00339df8  _ADC_ISR                        
0     00339e31  _Epwm1_ISR                      
0     00339eeb  _CpuTimer1_ISR                  
0     00339f33  _InitECan                       
0     00339f38  _InitECana                      
0     00339fb7  _InitECanb                      
0     0033a036  _InitECanGpio                   
0     0033a03b  _InitECanaGpio                  
0     0033a051  _InitECanbGpio                  
0     0033a065  _InitSysCtrl                    
0     0033a06e  _ServiceDog                     
0     0033a078  _DisableDog                     
0     0033a080  _InitPll                        
0     0033a0d1  _InitPeripheralClocks           
0     0033a12c  _CsmUnlock                      
0     0033a15d  _CanbInt0_ISR                   
0     0033a18c  _CanbInt1_ISR                   
0     0033a23a  _UseSystemTick                  
0     0033a24b  _TickInit                       
0     0033a265  _TickChangeState                
0     0033a28a  _TickScanCallback               
0     0033a307  _UseScr                         
0     0033a31f  _ScrInit                        
0     0033a35b  _ScrChangeState                 
0     0033a3a9  _SCRRSCC                        
0     0033a3ab  FS$$DIV                         
0     0033a433  _ScibTx_ISR                     
0     0033a474  _ScibRx_ISR                     
0     0033a4ab  _ScicTx_ISR                     
0     0033a4ec  _ScicRx_ISR                     
0     0033a523  _InitCpuTimers                  
0     0033a55e  _ConfigCpuTimer                 
0     0033a598  _main                           
0     0033a609  _sin                            
0     0033a609  _sinf                           
0     0033a661  _InitPieVectTable               
0     0033a6b8  _c_int00                        
0     0033a70e  C$$EXIT                         
0     0033a70e  _abort                          
0     0033a710  _exit                           
0     0033a737  _InitPieCtrl                    
0     0033a756  _EnableInterrupts               
0     0033a75f  __system_post_cinit             
0     0033a760  _sqrt                           
0     0033a760  _sqrtf                          
0     0033a785  _copy_in                        
0     0033a7a9  _memcpy                         
0     0033a7c7  _CpuTimer0_ISR                  
0     0033a7e0  __args_main                     
0     0033a7f9  _Xint3_ISR                      
0     0033a80e  _InitAdc                        
0     0033a822  _MemCopy                        
0     0033a835  __register_unlock               
0     0033a839  __register_lock                 
0     0033a83d  __nop                           
0     0033a846  _ResetHardwarePool              
0     0033a84d  __system_pre_init               
0     0033a84f  ___etext__                      
0     0033a84f  etext                           
0     0033a850  _auchCRCHi                      
0     0033a950  _auchCRCLo                      
0     0033aa50  _PieVectTableInit               
0     0033ab50  ___cinit__                      
0     0033ab50  cinit                           
0     0033fff6  code_start                      
0     00380080  _ADC_cal                        
1     00000400  __stack                         
1     00000700  __STACK_END                     
1     00000880  _DevEmuRegs                     
1     00000a80  _FlashRegs                      
1     00000ae0  _CsmRegs                        
1     00000b00  _AdcMirror                      
1     00000b20  _XintfRegs                      
1     00000c00  _CpuTimer0Regs                  
1     00000c08  _CpuTimer1Regs                  
1     00000c10  _CpuTimer2Regs                  
1     00000ce0  _PieCtrlRegs                    
1     00000d00  _PieVectTable                   
1     00001000  _DmaRegs                        
1     00005000  _McbspaRegs                     
1     00005040  _McbspbRegs                     
1     00006000  _ECanaRegs                      
1     00006040  _ECanaLAMRegs                   
1     00006080  _ECanaMOTSRegs                  
1     000060c0  _ECanaMOTORegs                  
1     00006100  _ECanaMboxes                    
1     00006200  _ECanbRegs                      
1     00006240  _ECanbLAMRegs                   
1     00006280  _ECanbMOTSRegs                  
1     000062c0  _ECanbMOTORegs                  
1     00006300  _ECanbMboxes                    
1     00006800  _EPwm1Regs                      
1     00006840  _EPwm2Regs                      
1     00006880  _EPwm3Regs                      
1     000068c0  _EPwm4Regs                      
1     00006900  _EPwm5Regs                      
1     00006940  _EPwm6Regs                      
1     00006a00  _ECap1Regs                      
1     00006a20  _ECap2Regs                      
1     00006a40  _ECap3Regs                      
1     00006a60  _ECap4Regs                      
1     00006a80  _ECap5Regs                      
1     00006aa0  _ECap6Regs                      
1     00006b00  _EQep1Regs                      
1     00006b40  _EQep2Regs                      
1     00006f80  _GpioCtrlRegs                   
1     00006fc0  _GpioDataRegs                   
1     00006fe0  _GpioIntRegs                    
1     00007010  _SysCtrlRegs                    
1     00007040  _SpiaRegs                       
1     00007050  _SciaRegs                       
1     00007070  _XIntruptRegs                   
1     00007100  _AdcRegs                        
1     00007750  _ScibRegs                       
1     00007770  _ScicRegs                       
1     00007900  _I2caRegs                       
1     0000c000  _muxian_count                   
1     0000c001  _DC_Target                      
1     0000c002  _DC_SoftH_Target                
1     0000c004  _DC_SoftL_Target                
1     0000c005  _UaPtr                          
1     0000c006  _RemainStep                     
1     0000c007  _TIMER1_num                     
1     0000c008  _Ki_Enable                      
1     0000c009  _I_KiEnable                     
1     0000c00a  _Target                         
1     0000c00b  _SampleN                        
1     0000c00c  _iCalRMS1                       
1     0000c00d  _iCalRMS                        
1     0000c00e  _SOFT_START                     
1     0000c010  _OUT0                           
1     0000c014  _T                              
1     0000c016  _Td                             
1     0000c018  _Ti                             
1     0000c01a  _Kpo                            
1     0000c01c  _UDC                            
1     0000c020  _Kp                             
1     0000c024  _Ki                             
1     0000c026  _Kd                             
1     0000c028  _Kd1                            
1     0000c02a  _Ki2                            
1     0000c02c  _ek                             
1     0000c02e  _ek2                            
1     0000c030  _ek1                            
1     0000c032  _ek_sum                         
1     0000c034  _Kdo                            
1     0000c036  _Kio                            
1     0000c038  _Kp1                            
1     0000c03a  _Ki1                            
1     0000c040  _PID                            
1     0000c042  _PhasePerStep                   
1     0000c044  _OutPerStep                     
1     0000c046  _COPRD                          
1     0000c048  _KiTs                           
1     0000c04a  _CurPhase                       
1     0000c04c  _SamplePhase                    
1     0000c04e  _UaPh                           
1     0000c050  _UaSa                           
1     0000c052  _DeltaPh                        
1     0000c054  _SNumRec                        
1     0000c080  _UaFifo                         
1     0000c0c0  _myControlSystem                
1     0000c180  _UAi                            
1     0000c2c0  _UA                             
1     0000c3ee  _TickEnd                        
1     0000c3f4  _mySystemTick                   
1     0000c3fe  _myHardwarePool2                
1     0000c3ff  _myHardwarePool                 
1     0000c400  _myCommunication                
1     0000c4ac  ___TI_enable_exit_profile_output
1     0000c4ae  ___TI_cleanup_ptr               
1     0000c4b0  ___TI_dtors_ptr                 
1     0000c4b2  _TxBufferPtr                    
1     0000c4b3  _RemainSendNum                  
1     0000c4b4  _RemainSendNum485               
1     0000c4b5  _TxBufferPtr485                 
1     0000c4b6  __lock                          
1     0000c4b8  __unlock                        
1     0000c4ba  _FrameEnd                       
1     0000c4bb  _errno                          
1     0000c4c0  _myScr                          
1     0000c516  _FlagCapEnd                     
1     0000c518  _ValCap                         
1     0000c51a  _ValCap1                        
1     0000c51c  _Phase_AB                       
1     0000c51e  _Phase_A0                       
1     0000c520  _Phase_B1                       
1     0000c522  _AB                             
1     0000c524  _Phase_A1                       
1     0000c526  _Phase_B0                       
1     0000c528  _myPhaseLock                    
1     0000c540  _myFaultDetect                  
1     0000c590  _FpgaIntFlag                    
1     0000c592  _FpgaAddr0                      
1     0000c594  _FpgaAddr1                      
1     0000c596  _myFpgaDriver                   
1     0000c5c0  _CpuTimer1                      
1     0000c5c8  _CpuTimer2                      
1     0000c5d0  _CpuTimer0                      
1     0033fff8  _CsmPwl                         
1     00380090  _PartIdRegs                     
abs   00000300  __STACK_SIZE                    
abs   ffffffff  ___TI_pprof_out_hndl            
abs   ffffffff  ___TI_prof_data_size            
abs   ffffffff  ___TI_prof_data_start           
abs   ffffffff  ___binit__                      
abs   ffffffff  ___c_args__                     
abs   ffffffff  ___pinit__                      
abs   ffffffff  binit                           
abs   ffffffff  pinit                           

[375 symbols]
