******************************************************************************
             TMS320C2000 Linker PC v16.9.1                     
******************************************************************************
>> Linked Fri Aug 31 14:50:16 2018

OUTPUT FILE NAME:   <UPSINV2.0.170104.out>
ENTRY POINT SYMBOL: "_c_int00"  address: 0033aa22


MEMORY CONFIGURATION

         name            origin    length      used     unused   attr    fill
----------------------  --------  ---------  --------  --------  ----  --------
PAGE 0:
  ZONE0                 00004000   00001000  00000000  00001000  RWIX
  RAML0                 00008000   00001000  0000001f  00000fe1  RWIX
  RAML1                 00009000   00003000  00000000  00003000  RWIX
  RAML2                 0000c000   00001000  00000000  00001000  RWIX
  RAML3                 0000d000   00001000  00000000  00001000  RWIX
  ZONE6                 00100000   00100000  00000000  00100000  RWIX
  ZONE7A                00200000   0000fc00  00000000  0000fc00  RWIX
  FLASHH                00300000   00008000  00000000  00008000  RWIX
  FLASHG                00308000   00008000  00000000  00008000  RWIX
  FLASHF                00310000   00008000  00000000  00008000  RWIX
  FLASHE                00318000   00008000  00000000  00008000  RWIX
  FLASHD                00320000   00008000  0000001f  00007fe1  RWIX
  FLASHC                00328000   00008000  00000000  00008000  RWIX
  FLASHA                00338000   00007f80  00002fd4  00004fac  RWIX
  CSM_RSVD              0033ff80   00000076  00000000  00000076  RWIX
  BEGIN                 0033fff6   00000002  00000002  00000000  RWIX
  CSM_PWL               0033fff8   00000008  00000000  00000008  RWIX
  ADC_CAL               00380080   00000009  00000007  00000002  RWIX
  OTP                   00380400   00000400  00000000  00000400  RWIX
  IQTABLES              003fe000   00000b50  00000000  00000b50  RWIX
  IQTABLES2             003feb50   0000008c  00000000  0000008c  RWIX
  FPUTABLES             003febdc   000006a0  00000000  000006a0  RWIX
  ROM                   003ff27c   00000d44  00000000  00000d44  RWIX
  RESET                 003fffc0   00000002  00000000  00000002  RWIX
  VECTORS               003fffc2   0000003e  00000000  0000003e  RWIX

PAGE 1:
  BOOT_RSVD             00000000   00000050  00000000  00000050  RWIX
  RAMM0                 00000050   000003b0  00000000  000003b0  RWIX
  RAMM1                 00000400   00000400  00000200  00000200  RWIX
  DEV_EMU               00000880   00000180  000000d0  000000b0  RWIX
  FLASH_REGS            00000a80   00000060  00000008  00000058  RWIX
  CSM                   00000ae0   00000010  00000010  00000000  RWIX
  ADC_MIRROR            00000b00   00000010  00000010  00000000  RWIX
  XINTF                 00000b20   00000020  0000001e  00000002  RWIX
  CPU_TIMER0            00000c00   00000008  00000008  00000000  RWIX
  CPU_TIMER1            00000c08   00000008  00000008  00000000  RWIX
  CPU_TIMER2            00000c10   00000008  00000008  00000000  RWIX
  PIE_CTRL              00000ce0   00000020  0000001a  00000006  RWIX
  PIE_VECT              00000d00   00000100  00000100  00000000  RWIX
  DMA                   00001000   00000200  000000e0  00000120  RWIX
  MCBSPA                00005000   00000040  00000025  0000001b  RWIX
  MCBSPB                00005040   00000040  00000025  0000001b  RWIX
  ECANA                 00006000   00000040  00000034  0000000c  RWIX
  ECANA_LAM             00006040   00000040  00000040  00000000  RWIX
  ECANA_MOTS            00006080   00000040  00000040  00000000  RWIX
  ECANA_MOTO            000060c0   00000040  00000040  00000000  RWIX
  ECANA_MBOX            00006100   00000100  00000100  00000000  RWIX
  ECANB                 00006200   00000040  00000034  0000000c  RWIX
  ECANB_LAM             00006240   00000040  00000040  00000000  RWIX
  ECANB_MOTS            00006280   00000040  00000040  00000000  RWIX
  ECANB_MOTO            000062c0   00000040  00000040  00000000  RWIX
  ECANB_MBOX            00006300   00000100  00000100  00000000  RWIX
  EPWM1                 00006800   00000022  00000022  00000000  RWIX
  EPWM2                 00006840   00000022  00000022  00000000  RWIX
  EPWM3                 00006880   00000022  00000022  00000000  RWIX
  EPWM4                 000068c0   00000022  00000022  00000000  RWIX
  EPWM5                 00006900   00000022  00000022  00000000  RWIX
  EPWM6                 00006940   00000022  00000022  00000000  RWIX
  ECAP1                 00006a00   00000020  00000020  00000000  RWIX
  ECAP2                 00006a20   00000020  00000020  00000000  RWIX
  ECAP3                 00006a40   00000020  00000020  00000000  RWIX
  ECAP4                 00006a60   00000020  00000020  00000000  RWIX
  ECAP5                 00006a80   00000020  00000020  00000000  RWIX
  ECAP6                 00006aa0   00000020  00000020  00000000  RWIX
  EQEP1                 00006b00   00000040  00000040  00000000  RWIX
  EQEP2                 00006b40   00000040  00000040  00000000  RWIX
  GPIOCTRL              00006f80   00000040  0000002e  00000012  RWIX
  GPIODAT               00006fc0   00000020  00000020  00000000  RWIX
  GPIOINT               00006fe0   00000020  0000000a  00000016  RWIX
  SYSTEM                00007010   00000020  00000020  00000000  RWIX
  SPIA                  00007040   00000010  00000010  00000000  RWIX
  SCIA                  00007050   00000010  00000010  00000000  RWIX
  XINTRUPT              00007070   00000010  00000010  00000000  RWIX
  ADC                   00007100   00000020  0000001e  00000002  RWIX
  SCIB                  00007750   00000010  00000010  00000000  RWIX
  SCIC                  00007770   00000010  00000010  00000000  RWIX
  I2CA                  00007900   00000040  00000022  0000001e  RWIX
  RAML4                 0000c000   00001000  000005d8  00000a28  RWIX
  RAML5                 0000d000   00001000  00000000  00001000  RWIX
  RAML6                 0000e000   00001000  00000000  00001000  RWIX
  RAML7                 0000f000   00001000  00000000  00001000  RWIX
  ZONE7B                0020fc00   00000400  00000000  00000400  RWIX
  FLASHB                00330000   00008000  00000000  00008000  RWIX
  CSM_PWL               0033fff8   00000008  00000008  00000000  RWIX
  PARTID                00380090   00000001  00000001  00000000  RWIX


SECTION ALLOCATION MAP

 output                                  attributes/
section   page    origin      length       input sections
--------  ----  ----------  ----------   ----------------
ramfuncs   0    00320000    0000001f     RUN ADDR = 00008000
                  00320000    0000001b     DSP2833x_SysCtrl.obj (ramfuncs)
                  0032001b    00000004     DSP2833x_usDelay.obj (ramfuncs)

.text      0    00338000    00002bb9     
                  00338000    00000b6d     SampleAndControl.obj (.text)
                  00338b6d    000003df     FaultDetect.obj (.text)
                  00338f4c    0000036d     Can.obj (.text)
                  003392b9    00000316     DSP2833x_DefaultIsr.obj (.text:retain)
                  003395cf    0000024f     communication.obj (.text)
                  0033981e    00000215     RS485.obj (.text)
                  00339a33    000001e7     FpgaDriver.obj (.text)
                  00339c1a    000001e7     SampleAndControl.obj (.text:retain)
                  00339e01    000001c2     RS232.obj (.text)
                  00339fc3    000001a8     PhaseLock.obj (.text)
                  0033a16b    00000132     DSP2833x_ECan.obj (.text)
                  0033a29d    000000f8     DSP2833x_SysCtrl.obj (.text)
                  0033a395    000000f8     PhaseLock.obj (.text:retain)
                  0033a48d    000000dd     Can.obj (.text:retain)
                  0033a56a    000000cd     SystemTick.obj (.text)
                  0033a637    000000aa     Inverter.obj (.text)
                  0033a6e1    000000a7     main.obj (.text)
                  0033a788    00000088     rts2800_fpu32.lib : fs_div28.obj (.text)
                  0033a810    00000078     RS232.obj (.text:retain)
                  0033a888    00000078     RS485.obj (.text:retain)
                  0033a900    00000073     DSP2833x_CpuTimers.obj (.text)
                  0033a973    00000058     rts2800_fpu32.lib : s_sinf.obj (.text)
                  0033a9cb    00000057     DSP2833x_PieVect.obj (.text)
                  0033aa22    00000056     rts2800_fpu32.lib : boot28.obj (.text)
                  0033aa78    00000029                       : exit.obj (.text)
                  0033aaa1    00000028     DSP2833x_PieCtrl.obj (.text)
                  0033aac9    00000001     rts2800_fpu32.lib : startup.obj (.text)
                  0033aaca    00000025                       : e_sqrtf.obj (.text)
                  0033aaef    00000024                       : cpy_tbl.obj (.text)
                  0033ab13    0000001e                       : memcpy.obj (.text)
                  0033ab31    00000019     SystemTick.obj (.text:retain)
                  0033ab4a    00000019     rts2800_fpu32.lib : args_main.obj (.text)
                  0033ab63    00000015     FpgaDriver.obj (.text:retain)
                  0033ab78    00000014     DSP2833x_Adc.obj (.text)
                  0033ab8c    00000013     DSP2833x_MemCopy.obj (.text)
                  0033ab9f    00000009     rts2800_fpu32.lib : _lock.obj (.text)
                  0033aba8    00000008     DSP2833x_CodeStartBranch.obj (.text)
                  0033abb0    00000007     GlobalDefine.obj (.text)
                  0033abb7    00000002     rts2800_fpu32.lib : pre_init.obj (.text)

.econst    0    0033abba    00000300     
                  0033abba    00000100     communication.obj (.econst:.string:_auchCRCHi)
                  0033acba    00000100     communication.obj (.econst:.string:_auchCRCLo)
                  0033adba    00000100     DSP2833x_PieVect.obj (.econst:_PieVectTableInit)

.cinit     0    0033aeba    0000011b     
                  0033aeba    000000a5     SampleAndControl.obj (.cinit)
                  0033af5f    0000001c     SystemTick.obj (.cinit)
                  0033af7b    0000000e     FpgaDriver.obj (.cinit)
                  0033af89    0000000e     PhaseLock.obj (.cinit)
                  0033af97    0000000e     rts2800_fpu32.lib : exit.obj (.cinit)
                  0033afa5    0000000c     FaultDetect.obj (.cinit)
                  0033afb1    00000008     RS232.obj (.cinit)
                  0033afb9    00000008     RS485.obj (.cinit)
                  0033afc1    00000005     rts2800_fpu32.lib : _lock.obj (.cinit:__lock)
                  0033afc6    00000005                       : _lock.obj (.cinit:__unlock)
                  0033afcb    00000004     Can.obj (.cinit)
                  0033afcf    00000004     rts2800_fpu32.lib : errno.obj (.cinit)
                  0033afd3    00000002     --HOLE-- [fill = 0]

codestart 
*          0    0033fff6    00000002     
                  0033fff6    00000002     DSP2833x_CodeStartBranch.obj (codestart)

.adc_cal   0    00380080    00000007     NOLOAD SECTION
                  00380080    00000007     DSP2833x_ADC_cal.obj (.adc_cal)

.stack     1    00000400    00000200     UNINITIALIZED
                  00000400    00000200     --HOLE--

DevEmuRegsFile 
*          1    00000880    000000d0     UNINITIALIZED
                  00000880    000000d0     DSP2833x_GlobalVariableDefs.obj (DevEmuRegsFile)

FlashRegsFile 
*          1    00000a80    00000008     UNINITIALIZED
                  00000a80    00000008     DSP2833x_GlobalVariableDefs.obj (FlashRegsFile)

CsmRegsFile 
*          1    00000ae0    00000010     UNINITIALIZED
                  00000ae0    00000010     DSP2833x_GlobalVariableDefs.obj (CsmRegsFile)

AdcMirrorFile 
*          1    00000b00    00000010     UNINITIALIZED
                  00000b00    00000010     DSP2833x_GlobalVariableDefs.obj (AdcMirrorFile)

XintfRegsFile 
*          1    00000b20    0000001e     UNINITIALIZED
                  00000b20    0000001e     DSP2833x_GlobalVariableDefs.obj (XintfRegsFile)

CpuTimer0RegsFile 
*          1    00000c00    00000008     UNINITIALIZED
                  00000c00    00000008     DSP2833x_GlobalVariableDefs.obj (CpuTimer0RegsFile)

CpuTimer1RegsFile 
*          1    00000c08    00000008     UNINITIALIZED
                  00000c08    00000008     DSP2833x_GlobalVariableDefs.obj (CpuTimer1RegsFile)

CpuTimer2RegsFile 
*          1    00000c10    00000008     UNINITIALIZED
                  00000c10    00000008     DSP2833x_GlobalVariableDefs.obj (CpuTimer2RegsFile)

PieCtrlRegsFile 
*          1    00000ce0    0000001a     UNINITIALIZED
                  00000ce0    0000001a     DSP2833x_GlobalVariableDefs.obj (PieCtrlRegsFile)

PieVectTableFile 
*          1    00000d00    00000100     UNINITIALIZED
                  00000d00    00000100     DSP2833x_GlobalVariableDefs.obj (PieVectTableFile)

DmaRegsFile 
*          1    00001000    000000e0     UNINITIALIZED
                  00001000    000000e0     DSP2833x_GlobalVariableDefs.obj (DmaRegsFile)

McbspaRegsFile 
*          1    00005000    00000025     UNINITIALIZED
                  00005000    00000025     DSP2833x_GlobalVariableDefs.obj (McbspaRegsFile)

McbspbRegsFile 
*          1    00005040    00000025     UNINITIALIZED
                  00005040    00000025     DSP2833x_GlobalVariableDefs.obj (McbspbRegsFile)

ECanaRegsFile 
*          1    00006000    00000034     UNINITIALIZED
                  00006000    00000034     DSP2833x_GlobalVariableDefs.obj (ECanaRegsFile)

ECanaLAMRegsFile 
*          1    00006040    00000040     UNINITIALIZED
                  00006040    00000040     DSP2833x_GlobalVariableDefs.obj (ECanaLAMRegsFile)

ECanaMOTSRegsFile 
*          1    00006080    00000040     UNINITIALIZED
                  00006080    00000040     DSP2833x_GlobalVariableDefs.obj (ECanaMOTSRegsFile)

ECanaMOTORegsFile 
*          1    000060c0    00000040     UNINITIALIZED
                  000060c0    00000040     DSP2833x_GlobalVariableDefs.obj (ECanaMOTORegsFile)

ECanaMboxesFile 
*          1    00006100    00000100     UNINITIALIZED
                  00006100    00000100     DSP2833x_GlobalVariableDefs.obj (ECanaMboxesFile)

ECanbRegsFile 
*          1    00006200    00000034     UNINITIALIZED
                  00006200    00000034     DSP2833x_GlobalVariableDefs.obj (ECanbRegsFile)

ECanbLAMRegsFile 
*          1    00006240    00000040     UNINITIALIZED
                  00006240    00000040     DSP2833x_GlobalVariableDefs.obj (ECanbLAMRegsFile)

ECanbMOTSRegsFile 
*          1    00006280    00000040     UNINITIALIZED
                  00006280    00000040     DSP2833x_GlobalVariableDefs.obj (ECanbMOTSRegsFile)

ECanbMOTORegsFile 
*          1    000062c0    00000040     UNINITIALIZED
                  000062c0    00000040     DSP2833x_GlobalVariableDefs.obj (ECanbMOTORegsFile)

ECanbMboxesFile 
*          1    00006300    00000100     UNINITIALIZED
                  00006300    00000100     DSP2833x_GlobalVariableDefs.obj (ECanbMboxesFile)

EPwm1RegsFile 
*          1    00006800    00000022     UNINITIALIZED
                  00006800    00000022     DSP2833x_GlobalVariableDefs.obj (EPwm1RegsFile)

EPwm2RegsFile 
*          1    00006840    00000022     UNINITIALIZED
                  00006840    00000022     DSP2833x_GlobalVariableDefs.obj (EPwm2RegsFile)

EPwm3RegsFile 
*          1    00006880    00000022     UNINITIALIZED
                  00006880    00000022     DSP2833x_GlobalVariableDefs.obj (EPwm3RegsFile)

EPwm4RegsFile 
*          1    000068c0    00000022     UNINITIALIZED
                  000068c0    00000022     DSP2833x_GlobalVariableDefs.obj (EPwm4RegsFile)

EPwm5RegsFile 
*          1    00006900    00000022     UNINITIALIZED
                  00006900    00000022     DSP2833x_GlobalVariableDefs.obj (EPwm5RegsFile)

EPwm6RegsFile 
*          1    00006940    00000022     UNINITIALIZED
                  00006940    00000022     DSP2833x_GlobalVariableDefs.obj (EPwm6RegsFile)

ECap1RegsFile 
*          1    00006a00    00000020     UNINITIALIZED
                  00006a00    00000020     DSP2833x_GlobalVariableDefs.obj (ECap1RegsFile)

ECap2RegsFile 
*          1    00006a20    00000020     UNINITIALIZED
                  00006a20    00000020     DSP2833x_GlobalVariableDefs.obj (ECap2RegsFile)

ECap3RegsFile 
*          1    00006a40    00000020     UNINITIALIZED
                  00006a40    00000020     DSP2833x_GlobalVariableDefs.obj (ECap3RegsFile)

ECap4RegsFile 
*          1    00006a60    00000020     UNINITIALIZED
                  00006a60    00000020     DSP2833x_GlobalVariableDefs.obj (ECap4RegsFile)

ECap5RegsFile 
*          1    00006a80    00000020     UNINITIALIZED
                  00006a80    00000020     DSP2833x_GlobalVariableDefs.obj (ECap5RegsFile)

ECap6RegsFile 
*          1    00006aa0    00000020     UNINITIALIZED
                  00006aa0    00000020     DSP2833x_GlobalVariableDefs.obj (ECap6RegsFile)

EQep1RegsFile 
*          1    00006b00    00000040     UNINITIALIZED
                  00006b00    00000040     DSP2833x_GlobalVariableDefs.obj (EQep1RegsFile)

EQep2RegsFile 
*          1    00006b40    00000040     UNINITIALIZED
                  00006b40    00000040     DSP2833x_GlobalVariableDefs.obj (EQep2RegsFile)

GpioCtrlRegsFile 
*          1    00006f80    0000002e     UNINITIALIZED
                  00006f80    0000002e     DSP2833x_GlobalVariableDefs.obj (GpioCtrlRegsFile)

GpioDataRegsFile 
*          1    00006fc0    00000020     UNINITIALIZED
                  00006fc0    00000020     DSP2833x_GlobalVariableDefs.obj (GpioDataRegsFile)

GpioIntRegsFile 
*          1    00006fe0    0000000a     UNINITIALIZED
                  00006fe0    0000000a     DSP2833x_GlobalVariableDefs.obj (GpioIntRegsFile)

SysCtrlRegsFile 
*          1    00007010    00000020     UNINITIALIZED
                  00007010    00000020     DSP2833x_GlobalVariableDefs.obj (SysCtrlRegsFile)

SpiaRegsFile 
*          1    00007040    00000010     UNINITIALIZED
                  00007040    00000010     DSP2833x_GlobalVariableDefs.obj (SpiaRegsFile)

SciaRegsFile 
*          1    00007050    00000010     UNINITIALIZED
                  00007050    00000010     DSP2833x_GlobalVariableDefs.obj (SciaRegsFile)

XIntruptRegsFile 
*          1    00007070    00000010     UNINITIALIZED
                  00007070    00000010     DSP2833x_GlobalVariableDefs.obj (XIntruptRegsFile)

AdcRegsFile 
*          1    00007100    0000001e     UNINITIALIZED
                  00007100    0000001e     DSP2833x_GlobalVariableDefs.obj (AdcRegsFile)

ScibRegsFile 
*          1    00007750    00000010     UNINITIALIZED
                  00007750    00000010     DSP2833x_GlobalVariableDefs.obj (ScibRegsFile)

ScicRegsFile 
*          1    00007770    00000010     UNINITIALIZED
                  00007770    00000010     DSP2833x_GlobalVariableDefs.obj (ScicRegsFile)

I2caRegsFile 
*          1    00007900    00000022     UNINITIALIZED
                  00007900    00000022     DSP2833x_GlobalVariableDefs.obj (I2caRegsFile)

.ebss      1    0000c000    000005d8     UNINITIALIZED
                  0000c000    000003ac     SampleAndControl.obj (.ebss)
                  0000c3ac    00000012     SystemTick.obj (.ebss)
                  0000c3be    00000002     GlobalDefine.obj (.ebss)
                  0000c3c0    000000ae     communication.obj (.ebss)
                  0000c46e    00000006     rts2800_fpu32.lib : exit.obj (.ebss)
                  0000c474    00000002     RS232.obj (.ebss)
                  0000c476    00000002     RS485.obj (.ebss)
                  0000c478    00000002     rts2800_fpu32.lib : _lock.obj (.ebss:__lock)
                  0000c47a    00000002                       : _lock.obj (.ebss:__unlock)
                  0000c47c    00000001     Can.obj (.ebss)
                  0000c47d    00000001     rts2800_fpu32.lib : errno.obj (.ebss)
                  0000c47e    00000002     --HOLE--
                  0000c480    00000092     FaultDetect.obj (.ebss)
                  0000c512    00000024     FpgaDriver.obj (.ebss)
                  0000c536    0000000a     --HOLE--
                  0000c540    00000054     Inverter.obj (.ebss)
                  0000c594    0000001e     PhaseLock.obj (.ebss)
                  0000c5b2    0000000e     --HOLE--
                  0000c5c0    00000018     DSP2833x_CpuTimers.obj (.ebss)

CsmPwlFile 
*          1    0033fff8    00000008     UNINITIALIZED
                  0033fff8    00000008     DSP2833x_GlobalVariableDefs.obj (CsmPwlFile)

PartIdRegsFile 
*          1    00380090    00000001     UNINITIALIZED
                  00380090    00000001     DSP2833x_GlobalVariableDefs.obj (PartIdRegsFile)

.pinit     0    00338000    00000000     UNINITIALIZED

.reset     0    003fffc0    00000002     DSECT
                  003fffc0    00000002     rts2800_fpu32.lib : boot28.obj (.reset)

vectors    0    003fffc2    00000000     DSECT

MODULE SUMMARY

       Module                            code    initialized data   uninitialized data
       ------                            ----    ----------------   ------------------
    .\FpgaDriver\
       FpgaDriver.obj                    508     14                 36                
    +--+---------------------------------+-------+------------------+--------------------+
       Total:                            508     14                 36                
                                                                                      
    .\communication\
       communication.obj                 591     512                174               
       Can.obj                           1098    4                  1                 
       RS485.obj                         653     8                  2                 
       RS232.obj                         570     8                  2                 
    +--+---------------------------------+-------+------------------+--------------------+
       Total:                            2912    532                179               
                                                                                      
    .\myFiles\
       SampleAndControl.obj              3412    165                940               
       FaultDetect.obj                   991     12                 146               
       PhaseLock.obj                     672     14                 30                
       SystemTick.obj                    230     28                 18                
       Inverter.obj                      170     0                  84                
       main.obj                          167     0                  0                 
       GlobalDefine.obj                  7       0                  2                 
    +--+---------------------------------+-------+------------------+--------------------+
       Total:                            5649    219                1220              
                                                                                      
    .\sources\
       DSP2833x_GlobalVariableDefs.obj   0       0                  2679              
       DSP2833x_DefaultIsr.obj           790     0                  0                 
       DSP2833x_PieVect.obj              87      256                0                 
       DSP2833x_ECan.obj                 306     0                  0                 
       DSP2833x_SysCtrl.obj              302     0                  0                 
       DSP2833x_CpuTimers.obj            115     0                  24                
       DSP2833x_PieCtrl.obj              40      0                  0                 
       DSP2833x_Adc.obj                  20      0                  0                 
       DSP2833x_MemCopy.obj              19      0                  0                 
       DSP2833x_CodeStartBranch.obj      10      0                  0                 
       DSP2833x_usDelay.obj              8       0                  0                 
       DSP2833x_ADC_cal.obj              7       0                  0                 
    +--+---------------------------------+-------+------------------+--------------------+
       Total:                            1704    256                2703              
                                                                                      
    E:/Development/ccs7/ccsv7/tools/compiler/ti-cgt-c2000_16.9.1.LTS/lib/rts2800_fpu32.lib
       fs_div28.obj                      136     0                  0                 
       s_sinf.obj                        88      0                  0                 
       boot28.obj                        86      0                  0                 
       exit.obj                          41      14                 6                 
       e_sqrtf.obj                       37      0                  0                 
       cpy_tbl.obj                       36      0                  0                 
       memcpy.obj                        30      0                  0                 
       args_main.obj                     25      0                  0                 
       _lock.obj                         9       10                 4                 
       errno.obj                         0       4                  1                 
       pre_init.obj                      2       0                  0                 
       startup.obj                       1       0                  0                 
    +--+---------------------------------+-------+------------------+--------------------+
       Total:                            491     28                 11                
                                                                                      
       Stack:                            0       0                  512               
    +--+---------------------------------+-------+------------------+--------------------+
       Grand Total:                      11264   1049               4661              


GLOBAL DATA SYMBOLS: SORTED BY DATA PAGE

address     data page           name
--------    ----------------    ----
00000400      10 (00000400)     __stack

00000880      22 (00000880)     _DevEmuRegs

00000a80      2a (00000a80)     _FlashRegs

00000ae0      2b (00000ac0)     _CsmRegs

00000b00      2c (00000b00)     _AdcMirror
00000b20      2c (00000b00)     _XintfRegs

00000c00      30 (00000c00)     _CpuTimer0Regs
00000c08      30 (00000c00)     _CpuTimer1Regs
00000c10      30 (00000c00)     _CpuTimer2Regs

00000ce0      33 (00000cc0)     _PieCtrlRegs

00000d00      34 (00000d00)     _PieVectTable

00001000      40 (00001000)     _DmaRegs

00005000     140 (00005000)     _McbspaRegs

00005040     141 (00005040)     _McbspbRegs

00006000     180 (00006000)     _ECanaRegs

00006040     181 (00006040)     _ECanaLAMRegs

00006080     182 (00006080)     _ECanaMOTSRegs

000060c0     183 (000060c0)     _ECanaMOTORegs

00006100     184 (00006100)     _ECanaMboxes

00006200     188 (00006200)     _ECanbRegs

00006240     189 (00006240)     _ECanbLAMRegs

00006280     18a (00006280)     _ECanbMOTSRegs

000062c0     18b (000062c0)     _ECanbMOTORegs

00006300     18c (00006300)     _ECanbMboxes

00006800     1a0 (00006800)     _EPwm1Regs

00006840     1a1 (00006840)     _EPwm2Regs

00006880     1a2 (00006880)     _EPwm3Regs

000068c0     1a3 (000068c0)     _EPwm4Regs

00006900     1a4 (00006900)     _EPwm5Regs

00006940     1a5 (00006940)     _EPwm6Regs

00006a00     1a8 (00006a00)     _ECap1Regs
00006a20     1a8 (00006a00)     _ECap2Regs

00006a40     1a9 (00006a40)     _ECap3Regs
00006a60     1a9 (00006a40)     _ECap4Regs

00006a80     1aa (00006a80)     _ECap5Regs
00006aa0     1aa (00006a80)     _ECap6Regs

00006b00     1ac (00006b00)     _EQep1Regs

00006b40     1ad (00006b40)     _EQep2Regs

00006f80     1be (00006f80)     _GpioCtrlRegs

00006fc0     1bf (00006fc0)     _GpioDataRegs
00006fe0     1bf (00006fc0)     _GpioIntRegs

00007010     1c0 (00007000)     _SysCtrlRegs

00007040     1c1 (00007040)     _SpiaRegs
00007050     1c1 (00007040)     _SciaRegs
00007070     1c1 (00007040)     _XIntruptRegs

00007100     1c4 (00007100)     _AdcRegs

00007750     1dd (00007740)     _ScibRegs
00007770     1dd (00007740)     _ScicRegs

00007900     1e4 (00007900)     _I2caRegs

0000c000     300 (0000c000)     _RemainStep2
0000c001     300 (0000c000)     _iCalRMS
0000c003     300 (0000c000)     _RemainStep
0000c004     300 (0000c000)     _RemainStep1
0000c005     300 (0000c000)     _SOFT_START_STATE
0000c006     300 (0000c000)     _I_KiEnable
0000c007     300 (0000c000)     _UaPtr
0000c008     300 (0000c000)     _SampleN
0000c009     300 (0000c000)     _SOFT_START
0000c00c     300 (0000c000)     _C_OUTPUT2
0000c00e     300 (0000c000)     _OutPerStep1
0000c010     300 (0000c000)     _OutPerStep2
0000c012     300 (0000c000)     _SNumRec
0000c014     300 (0000c000)     _UaSa
0000c016     300 (0000c000)     _DeltaPh
0000c018     300 (0000c000)     _UaPh
0000c034     300 (0000c000)     _KiTs
0000c036     300 (0000c000)     _SamplePhase
0000c038     300 (0000c000)     _COPRD
0000c03a     300 (0000c000)     _C_OUTPUT1
0000c03c     300 (0000c000)     _CurPhase
0000c03e     300 (0000c000)     _OutPerStep

0000c040     301 (0000c040)     _PhasePerStep
0000c042     301 (0000c040)     _UaFifo

0000c080     302 (0000c080)     _myControlSystem

0000c140     305 (0000c140)     _UAi

0000c280     30a (0000c280)     _UA

0000c3ae     30e (0000c380)     _TickEnd
0000c3b4     30e (0000c380)     _mySystemTick
0000c3be     30e (0000c380)     _myHardwarePool2
0000c3bf     30e (0000c380)     _myHardwarePool

0000c3c0     30f (0000c3c0)     _myCommunication

0000c46e     311 (0000c440)     ___TI_enable_exit_profile_output
0000c470     311 (0000c440)     ___TI_cleanup_ptr
0000c472     311 (0000c440)     ___TI_dtors_ptr
0000c474     311 (0000c440)     _TxBufferPtr
0000c475     311 (0000c440)     _RemainSendNum
0000c476     311 (0000c440)     _RemainSendNum485
0000c477     311 (0000c440)     _TxBufferPtr485
0000c478     311 (0000c440)     __lock
0000c47a     311 (0000c440)     __unlock
0000c47c     311 (0000c440)     _FrameEnd
0000c47d     311 (0000c440)     _errno

0000c480     312 (0000c480)     _LastFaultFlag
0000c481     312 (0000c480)     _NowFaultFlag
0000c482     312 (0000c480)     _ComCnt

0000c4c0     313 (0000c4c0)     _myFaultDetect

0000c512     314 (0000c500)     _FpgaIntFlag
0000c514     314 (0000c500)     _FpgaAddr0
0000c516     314 (0000c500)     _FpgaAddr1
0000c518     314 (0000c500)     _myFpgaDriver

0000c540     315 (0000c540)     _myInverter

0000c594     316 (0000c580)     _FlagCapEnd
0000c596     316 (0000c580)     _ValCap5
0000c598     316 (0000c580)     _ValCap
0000c59a     316 (0000c580)     _myPhaseLock

0000c5c0     317 (0000c5c0)     _CpuTimer1
0000c5c8     317 (0000c5c0)     _CpuTimer2
0000c5d0     317 (0000c5c0)     _CpuTimer0

0033abba    ceae (0033ab80)     _auchCRCHi

0033acba    ceb2 (0033ac80)     _auchCRCLo

0033adba    ceb6 (0033ad80)     _PieVectTableInit

0033fff8    cfff (0033ffc0)     _CsmPwl

00380090    e002 (00380080)     _PartIdRegs


GLOBAL SYMBOLS: SORTED ALPHABETICALLY BY Name 

page  address   name                            
----  -------   ----                            
0     00338000  .text                           
0     0033aa78  C$$EXIT                         
0     0033a788  FS$$DIV                         
0     0033939f  _ADCINT_ISR                     
0     00339c1a  _ADC_ISR                        
0     00380080  _ADC_cal                        
0     00338ae7  _ActuatorChangeState            
0     00338b3c  _ActuatorGetOutputPhase         
0     003389c8  _ActuatorInit                   
1     00000b00  _AdcMirror                      
1     00007100  _AdcRegs                        
0     00339b83  _Arm_StChangeCB                 
1     0000c038  _COPRD                          
1     0000c03a  _C_OUTPUT1                      
1     0000c00c  _C_OUTPUT2                      
0     00338287  _CalRMS                         
0     00338818  _CalRMSCmd                      
0     0033922f  _CanAutoRecData                 
0     003390db  _CanChangeState                 
0     00338f8d  _CanInit                        
0     0033923b  _CanScan                        
0     0033913b  _CanSendData                    
0     003391ec  _CanSendDataWithPtc             
0     003391d0  _CanSendDataWithPtc2            
0     003391dd  _CanSendDataWithPtc3            
0     0033a48d  _CanbInt0_ISR                   
0     0033a4bc  _CanbInt1_ISR                   
0     00339113  _ChangeAutoSendState            
0     003384cb  _ChangeSampleState              
0     00339601  _ComChangeState                 
1     0000c482  _ComCnt                         
0     003395e1  _ComInit                        
0     0033a939  _ConfigCpuTimer                 
0     00338183  _Control                        
0     00338141  _ControlSystemInit              
1     0000c5d0  _CpuTimer0                      
1     00000c00  _CpuTimer0Regs                  
0     0033ab31  _CpuTimer0_ISR                  
1     0000c5c0  _CpuTimer1                      
1     00000c08  _CpuTimer1Regs                  
0     00339d97  _CpuTimer1_ISR                  
1     0000c5c8  _CpuTimer2                      
1     00000c10  _CpuTimer2Regs                  
1     0033fff8  _CsmPwl                         
1     00000ae0  _CsmRegs                        
0     0033a364  _CsmUnlock                      
1     0000c03c  _CurPhase                       
0     003392cd  _DATALOG_ISR                    
0     003394c1  _DINTCH1_ISR                    
0     003394cb  _DINTCH2_ISR                    
0     003394d5  _DINTCH3_ISR                    
0     003394df  _DINTCH4_ISR                    
0     003394e9  _DINTCH5_ISR                    
0     003394f3  _DINTCH6_ISR                    
0     0000801b  _DSP28x_usDelay                 
1     0000c016  _DeltaPh                        
1     00000880  _DevEmuRegs                     
0     0033a2b0  _DisableDog                     
1     00001000  _DmaRegs                        
0     0033954d  _ECAN0INTA_ISR                  
0     00339561  _ECAN0INTB_ISR                  
0     00339557  _ECAN1INTA_ISR                  
0     0033956b  _ECAN1INTB_ISR                  
0     00339435  _ECAP1_INT_ISR                  
0     0033943f  _ECAP2_INT_ISR                  
0     00339449  _ECAP3_INT_ISR                  
0     00339453  _ECAP4_INT_ISR                  
0     0033945d  _ECAP5_INT_ISR                  
0     00339467  _ECAP6_INT_ISR                  
1     00006040  _ECanaLAMRegs                   
1     000060c0  _ECanaMOTORegs                  
1     00006080  _ECanaMOTSRegs                  
1     00006100  _ECanaMboxes                    
1     00006000  _ECanaRegs                      
1     00006240  _ECanbLAMRegs                   
1     000062c0  _ECanbMOTORegs                  
1     00006280  _ECanbMOTSRegs                  
1     00006300  _ECanbMboxes                    
1     00006200  _ECanbRegs                      
1     00006a00  _ECap1Regs                      
1     00006a20  _ECap2Regs                      
0     0033a395  _ECap2_ISR                      
1     00006a40  _ECap3Regs                      
1     00006a60  _ECap4Regs                      
1     00006a80  _ECap5Regs                      
0     0033a413  _ECap5_ISR                      
1     00006aa0  _ECap6Regs                      
0     003392e1  _EMUINT_ISR                     
0     003393f9  _EPWM1_INT_ISR                  
0     003393bd  _EPWM1_TZINT_ISR                
0     00339403  _EPWM2_INT_ISR                  
0     003393c7  _EPWM2_TZINT_ISR                
0     0033940d  _EPWM3_INT_ISR                  
0     003393d1  _EPWM3_TZINT_ISR                
0     00339417  _EPWM4_INT_ISR                  
0     003393db  _EPWM4_TZINT_ISR                
0     00339421  _EPWM5_INT_ISR                  
0     003393e5  _EPWM5_TZINT_ISR                
0     0033942b  _EPWM6_INT_ISR                  
0     003393ef  _EPWM6_TZINT_ISR                
1     00006800  _EPwm1Regs                      
1     00006840  _EPwm2Regs                      
1     00006880  _EPwm3Regs                      
1     000068c0  _EPwm4Regs                      
1     00006900  _EPwm5Regs                      
1     00006940  _EPwm6Regs                      
0     00339471  _EQEP1_INT_ISR                  
0     0033947b  _EQEP2_INT_ISR                  
1     00006b00  _EQep1Regs                      
1     00006b40  _EQep2Regs                      
0     0033aac0  _EnableInterrupts               
0     00339cce  _Epwm1_ISR                      
0     00339be3  _FDInvSwitchOn                  
0     00339bff  _FDRecInputSW                   
0     00339bc7  _FDSpwmOutEnable                
0     00338f0b  _FaultHandlingScan              
1     0000c594  _FlagCapEnd                     
1     00000a80  _FlashRegs                      
0     0033974f  _Float2Uint16                   
1     0000c514  _FpgaAddr0                      
1     0000c516  _FpgaAddr1                      
0     00339ada  _FpgaDriverChangeState          
0     00339a5e  _FpgaDriverInit                 
0     00339b05  _FpgaDriverScan                 
1     0000c512  _FpgaIntFlag                    
1     0000c47c  _FrameEnd                       
1     00006f80  _GpioCtrlRegs                   
1     00006fc0  _GpioDataRegs                   
1     00006fe0  _GpioIntRegs                    
0     003394fd  _I2CINT1A_ISR                   
0     00339507  _I2CINT2A_ISR                   
1     00007900  _I2caRegs                       
0     003392f5  _ILLEGAL_ISR                    
0     003392b9  _INT13_ISR                      
0     003392c3  _INT14_ISR                      
1     0000c006  _I_KiEnable                     
0     0033ab78  _InitAdc                        
0     0033a900  _InitCpuTimers                  
0     0033a16b  _InitECan                       
0     0033a26e  _InitECanGpio                   
0     0033a170  _InitECana                      
0     0033a273  _InitECanaGpio                  
0     0033a1ef  _InitECanb                      
0     0033a289  _InitECanbGpio                  
0     00008000  _InitFlash                      
0     0033a309  _InitPeripheralClocks           
0     0033aaa1  _InitPieCtrl                    
0     0033a9cb  _InitPieVectTable               
0     0033a2b8  _InitPll                        
0     0033a29d  _InitSysCtrl                    
0     00338bf9  _InsFaultDetAndHandScan         
0     00338e32  _InsFaultHandling               
0     0033a6df  _InvRSCC                        
0     00339b51  _InvRun_StChangeCB              
0     0033a68b  _InverterChangeState            
0     0033a64f  _InverterInit                   
0     00338154  _IsAddControl                   
1     0000c034  _KiTs                           
0     003395b1  _LUF_ISR                        
0     003395a7  _LVF_ISR                        
1     0000c480  _LastFaultFlag                  
0     003394ad  _MRINTA_ISR                     
0     00339499  _MRINTB_ISR                     
0     003394b7  _MXINTA_ISR                     
0     003394a3  _MXINTB_ISR                     
1     00005000  _McbspaRegs                     
1     00005040  _McbspbRegs                     
0     0033ab8c  _MemCopy                        
0     003392eb  _NMI_ISR                        
0     00339b63  _NeedTurnToBP_StChangeCB        
1     0000c481  _NowFaultFlag                   
0     00338ddc  _OtherFaultDetScan              
1     0000c03e  _OutPerStep                     
1     0000c00e  _OutPerStep1                    
1     0000c010  _OutPerStep2                    
0     003395bb  _PIE_RESERVED                   
0     0033a16a  _PLCalOverFlowCallback          
0     0033a169  _PLCapOverFlowCallback          
1     00380090  _PartIdRegs                     
0     0033a064  _PhaseLockChangeState           
0     0033a0a9  _PhaseLockCmd                   
0     00339fe2  _PhaseLockInit                  
0     0033a0d1  _PhaseLockScan                  
1     0000c040  _PhasePerStep                   
1     00000ce0  _PieCtrlRegs                    
1     00000d00  _PieVectTable                   
0     0033adba  _PieVectTableInit               
0     00339edc  _RS232ChangeState               
0     00339e1e  _RS232Init                      
0     00339f80  _RS232MB03Return                
0     00339f8d  _RS232Scan                      
0     00339f21  _RS232SendData                  
0     00339907  _RS485ChangeState               
0     0033983d  _RS485Init                      
0     003399b1  _RS485MB03Return                
0     003399be  _RS485MB06Return                
0     003399c9  _RS485MB16Return                
0     003399d4  _RS485Scan                      
0     0033994c  _RS485SendData                  
0     003392d7  _RTOSINT_ISR                    
0     0032001f  _RamfuncsLoadEnd                
0     00320000  _RamfuncsLoadStart              
0     00008000  _RamfuncsRunStart               
0     00339b3e  _ReadEndCB                      
0     00339b38  _ReadFpgaRegs                   
0     00339b40  _RecSW_StChangeCB               
1     0000c475  _RemainSendNum                  
1     0000c476  _RemainSendNum485               
1     0000c003  _RemainStep                     
1     0000c004  _RemainStep1                    
1     0000c000  _RemainStep2                    
0     0033abb0  _ResetHardwarePool              
0     00338e33  _RmsFaultDetectScan             
0     00339f3a  _Rs232SendRemain                
0     0033996b  _Rs485SendRemain                
0     0033835e  _SACInit                        
0     00338512  _SAC_Scan                       
0     00339525  _SCIRXINTA_ISR                  
0     00339539  _SCIRXINTB_ISR                  
0     00339511  _SCIRXINTC_ISR                  
0     0033952f  _SCITXINTA_ISR                  
0     00339543  _SCITXINTB_ISR                  
0     0033951b  _SCITXINTC_ISR                  
0     00339377  _SEQ1INT_ISR                    
0     00339381  _SEQ2INT_ISR                    
1     0000c012  _SNumRec                        
1     0000c009  _SOFT_START                     
1     0000c005  _SOFT_START_STATE               
0     00339485  _SPIRXINTA_ISR                  
0     0033948f  _SPITXINTA_ISR                  
1     0000c008  _SampleN                        
1     0000c036  _SamplePhase                    
1     00007050  _SciaRegs                       
1     00007750  _ScibRegs                       
0     0033a851  _ScibRx_ISR                     
0     0033a810  _ScibTx_ISR                     
1     00007770  _ScicRegs                       
0     0033a8c9  _ScicRx_ISR                     
0     0033a888  _ScicTx_ISR                     
0     0033a2a6  _ServiceDog                     
0     0033883c  _SoftStartRun                   
1     00007040  _SpiaRegs                       
0     003388c4  _StartRun                       
0     0033893f  _StartRun2                      
1     00007010  _SysCtrlRegs                    
0     003393a9  _TINT0_ISR                      
0     00339b73  _TempHigh_StChangeCB            
0     0033a595  _TickChangeState                
1     0000c3ae  _TickEnd                        
0     0033a57b  _TickInit                       
0     0033a5ba  _TickScanCallback               
1     0000c474  _TxBufferPtr                    
1     0000c477  _TxBufferPtr485                 
1     0000c280  _UA                             
1     0000c140  _UAi                            
0     00339359  _USER10_ISR                     
0     00339363  _USER11_ISR                     
0     0033936d  _USER12_ISR                     
0     003392ff  _USER1_ISR                      
0     00339309  _USER2_ISR                      
0     00339313  _USER3_ISR                      
0     0033931d  _USER4_ISR                      
0     00339327  _USER5_ISR                      
0     00339331  _USER6_ISR                      
0     0033933b  _USER7_ISR                      
0     00339345  _USER8_ISR                      
0     0033934f  _USER9_ISR                      
1     0000c042  _UaFifo                         
1     0000c018  _UaPh                           
1     0000c007  _UaPtr                          
1     0000c014  _UaSa                           
0     00338f4c  _UseCan                         
0     00338000  _UseControlSystem               
0     00339a33  _UseFpgaDriver                  
0     0033a637  _UseInverter                    
0     00339fc3  _UsePhaseLock                   
0     00339e01  _UseRS232                       
0     0033981e  _UseRS485                       
0     0033a56a  _UseSystemTick                  
0     003395cf  _UsemyCommunication             
0     00338b6d  _UsemyFaultDetect               
1     0000c598  _ValCap                         
1     0000c596  _ValCap5                        
0     00339794  _VerifyFrame                    
0     003393b3  _WAKEINT_ISR                    
0     0033961c  _Write06Buf                     
0     00339684  _Write16Buf                     
0     003396ec  _Write2Buf                      
0     0033938b  _XINT1_ISR                      
0     00339395  _XINT2_ISR                      
0     00339575  _XINT3_ISR                      
0     0033957f  _XINT4_ISR                      
0     00339589  _XINT5_ISR                      
0     00339593  _XINT6_ISR                      
0     0033959d  _XINT7_ISR                      
1     00007070  _XIntruptRegs                   
0     0033ab63  _Xint3_ISR                      
1     00000b20  _XintfRegs                      
1     00000600  __STACK_END                     
abs   00000200  __STACK_SIZE                    
1     0000c470  ___TI_cleanup_ptr               
1     0000c472  ___TI_dtors_ptr                 
1     0000c46e  ___TI_enable_exit_profile_output
abs   ffffffff  ___TI_pprof_out_hndl            
abs   ffffffff  ___TI_prof_data_size            
abs   ffffffff  ___TI_prof_data_start           
abs   ffffffff  ___binit__                      
abs   ffffffff  ___c_args__                     
0     0033aeba  ___cinit__                      
0     0033abb9  ___etext__                      
abs   ffffffff  ___pinit__                      
0     00338000  ___text__                       
0     0033ab4a  __args_main                     
1     0000c478  __lock                          
0     0033aba7  __nop                           
0     0033aba3  __register_lock                 
0     0033ab9f  __register_unlock               
1     00000400  __stack                         
0     0033aac9  __system_post_cinit             
0     0033abb7  __system_pre_init               
1     0000c47a  __unlock                        
0     0033aa78  _abort                          
0     0033abba  _auchCRCHi                      
0     0033acba  _auchCRCLo                      
0     0033aa22  _c_int00                        
0     0033aaef  _copy_in                        
0     0033976f  _crc16                          
1     0000c47d  _errno                          
0     0033aa7a  _exit                           
1     0000c001  _iCalRMS                        
0     0033a6e1  _main                           
0     0033ab13  _memcpy                         
1     0000c3c0  _myCommunication                
1     0000c080  _myControlSystem                
1     0000c4c0  _myFaultDetect                  
1     0000c518  _myFpgaDriver                   
1     0000c3bf  _myHardwarePool                 
1     0000c3be  _myHardwarePool2                
1     0000c540  _myInverter                     
1     0000c59a  _myPhaseLock                    
1     0000c3b4  _mySystemTick                   
0     003395c5  _rsvd_ISR                       
0     0033a973  _sin                            
0     0033a973  _sinf                           
0     0033aaca  _sqrt                           
0     0033aaca  _sqrtf                          
abs   ffffffff  binit                           
0     0033aeba  cinit                           
0     0033fff6  code_start                      
0     0033abb9  etext                           
abs   ffffffff  pinit                           


GLOBAL SYMBOLS: SORTED BY Symbol Address 

page  address   name                            
----  -------   ----                            
0     00008000  _InitFlash                      
0     00008000  _RamfuncsRunStart               
0     0000801b  _DSP28x_usDelay                 
0     00320000  _RamfuncsLoadStart              
0     0032001f  _RamfuncsLoadEnd                
0     00338000  .text                           
0     00338000  _UseControlSystem               
0     00338000  ___text__                       
0     00338141  _ControlSystemInit              
0     00338154  _IsAddControl                   
0     00338183  _Control                        
0     00338287  _CalRMS                         
0     0033835e  _SACInit                        
0     003384cb  _ChangeSampleState              
0     00338512  _SAC_Scan                       
0     00338818  _CalRMSCmd                      
0     0033883c  _SoftStartRun                   
0     003388c4  _StartRun                       
0     0033893f  _StartRun2                      
0     003389c8  _ActuatorInit                   
0     00338ae7  _ActuatorChangeState            
0     00338b3c  _ActuatorGetOutputPhase         
0     00338b6d  _UsemyFaultDetect               
0     00338bf9  _InsFaultDetAndHandScan         
0     00338ddc  _OtherFaultDetScan              
0     00338e32  _InsFaultHandling               
0     00338e33  _RmsFaultDetectScan             
0     00338f0b  _FaultHandlingScan              
0     00338f4c  _UseCan                         
0     00338f8d  _CanInit                        
0     003390db  _CanChangeState                 
0     00339113  _ChangeAutoSendState            
0     0033913b  _CanSendData                    
0     003391d0  _CanSendDataWithPtc2            
0     003391dd  _CanSendDataWithPtc3            
0     003391ec  _CanSendDataWithPtc             
0     0033922f  _CanAutoRecData                 
0     0033923b  _CanScan                        
0     003392b9  _INT13_ISR                      
0     003392c3  _INT14_ISR                      
0     003392cd  _DATALOG_ISR                    
0     003392d7  _RTOSINT_ISR                    
0     003392e1  _EMUINT_ISR                     
0     003392eb  _NMI_ISR                        
0     003392f5  _ILLEGAL_ISR                    
0     003392ff  _USER1_ISR                      
0     00339309  _USER2_ISR                      
0     00339313  _USER3_ISR                      
0     0033931d  _USER4_ISR                      
0     00339327  _USER5_ISR                      
0     00339331  _USER6_ISR                      
0     0033933b  _USER7_ISR                      
0     00339345  _USER8_ISR                      
0     0033934f  _USER9_ISR                      
0     00339359  _USER10_ISR                     
0     00339363  _USER11_ISR                     
0     0033936d  _USER12_ISR                     
0     00339377  _SEQ1INT_ISR                    
0     00339381  _SEQ2INT_ISR                    
0     0033938b  _XINT1_ISR                      
0     00339395  _XINT2_ISR                      
0     0033939f  _ADCINT_ISR                     
0     003393a9  _TINT0_ISR                      
0     003393b3  _WAKEINT_ISR                    
0     003393bd  _EPWM1_TZINT_ISR                
0     003393c7  _EPWM2_TZINT_ISR                
0     003393d1  _EPWM3_TZINT_ISR                
0     003393db  _EPWM4_TZINT_ISR                
0     003393e5  _EPWM5_TZINT_ISR                
0     003393ef  _EPWM6_TZINT_ISR                
0     003393f9  _EPWM1_INT_ISR                  
0     00339403  _EPWM2_INT_ISR                  
0     0033940d  _EPWM3_INT_ISR                  
0     00339417  _EPWM4_INT_ISR                  
0     00339421  _EPWM5_INT_ISR                  
0     0033942b  _EPWM6_INT_ISR                  
0     00339435  _ECAP1_INT_ISR                  
0     0033943f  _ECAP2_INT_ISR                  
0     00339449  _ECAP3_INT_ISR                  
0     00339453  _ECAP4_INT_ISR                  
0     0033945d  _ECAP5_INT_ISR                  
0     00339467  _ECAP6_INT_ISR                  
0     00339471  _EQEP1_INT_ISR                  
0     0033947b  _EQEP2_INT_ISR                  
0     00339485  _SPIRXINTA_ISR                  
0     0033948f  _SPITXINTA_ISR                  
0     00339499  _MRINTB_ISR                     
0     003394a3  _MXINTB_ISR                     
0     003394ad  _MRINTA_ISR                     
0     003394b7  _MXINTA_ISR                     
0     003394c1  _DINTCH1_ISR                    
0     003394cb  _DINTCH2_ISR                    
0     003394d5  _DINTCH3_ISR                    
0     003394df  _DINTCH4_ISR                    
0     003394e9  _DINTCH5_ISR                    
0     003394f3  _DINTCH6_ISR                    
0     003394fd  _I2CINT1A_ISR                   
0     00339507  _I2CINT2A_ISR                   
0     00339511  _SCIRXINTC_ISR                  
0     0033951b  _SCITXINTC_ISR                  
0     00339525  _SCIRXINTA_ISR                  
0     0033952f  _SCITXINTA_ISR                  
0     00339539  _SCIRXINTB_ISR                  
0     00339543  _SCITXINTB_ISR                  
0     0033954d  _ECAN0INTA_ISR                  
0     00339557  _ECAN1INTA_ISR                  
0     00339561  _ECAN0INTB_ISR                  
0     0033956b  _ECAN1INTB_ISR                  
0     00339575  _XINT3_ISR                      
0     0033957f  _XINT4_ISR                      
0     00339589  _XINT5_ISR                      
0     00339593  _XINT6_ISR                      
0     0033959d  _XINT7_ISR                      
0     003395a7  _LVF_ISR                        
0     003395b1  _LUF_ISR                        
0     003395bb  _PIE_RESERVED                   
0     003395c5  _rsvd_ISR                       
0     003395cf  _UsemyCommunication             
0     003395e1  _ComInit                        
0     00339601  _ComChangeState                 
0     0033961c  _Write06Buf                     
0     00339684  _Write16Buf                     
0     003396ec  _Write2Buf                      
0     0033974f  _Float2Uint16                   
0     0033976f  _crc16                          
0     00339794  _VerifyFrame                    
0     0033981e  _UseRS485                       
0     0033983d  _RS485Init                      
0     00339907  _RS485ChangeState               
0     0033994c  _RS485SendData                  
0     0033996b  _Rs485SendRemain                
0     003399b1  _RS485MB03Return                
0     003399be  _RS485MB06Return                
0     003399c9  _RS485MB16Return                
0     003399d4  _RS485Scan                      
0     00339a33  _UseFpgaDriver                  
0     00339a5e  _FpgaDriverInit                 
0     00339ada  _FpgaDriverChangeState          
0     00339b05  _FpgaDriverScan                 
0     00339b38  _ReadFpgaRegs                   
0     00339b3e  _ReadEndCB                      
0     00339b40  _RecSW_StChangeCB               
0     00339b51  _InvRun_StChangeCB              
0     00339b63  _NeedTurnToBP_StChangeCB        
0     00339b73  _TempHigh_StChangeCB            
0     00339b83  _Arm_StChangeCB                 
0     00339bc7  _FDSpwmOutEnable                
0     00339be3  _FDInvSwitchOn                  
0     00339bff  _FDRecInputSW                   
0     00339c1a  _ADC_ISR                        
0     00339cce  _Epwm1_ISR                      
0     00339d97  _CpuTimer1_ISR                  
0     00339e01  _UseRS232                       
0     00339e1e  _RS232Init                      
0     00339edc  _RS232ChangeState               
0     00339f21  _RS232SendData                  
0     00339f3a  _Rs232SendRemain                
0     00339f80  _RS232MB03Return                
0     00339f8d  _RS232Scan                      
0     00339fc3  _UsePhaseLock                   
0     00339fe2  _PhaseLockInit                  
0     0033a064  _PhaseLockChangeState           
0     0033a0a9  _PhaseLockCmd                   
0     0033a0d1  _PhaseLockScan                  
0     0033a169  _PLCapOverFlowCallback          
0     0033a16a  _PLCalOverFlowCallback          
0     0033a16b  _InitECan                       
0     0033a170  _InitECana                      
0     0033a1ef  _InitECanb                      
0     0033a26e  _InitECanGpio                   
0     0033a273  _InitECanaGpio                  
0     0033a289  _InitECanbGpio                  
0     0033a29d  _InitSysCtrl                    
0     0033a2a6  _ServiceDog                     
0     0033a2b0  _DisableDog                     
0     0033a2b8  _InitPll                        
0     0033a309  _InitPeripheralClocks           
0     0033a364  _CsmUnlock                      
0     0033a395  _ECap2_ISR                      
0     0033a413  _ECap5_ISR                      
0     0033a48d  _CanbInt0_ISR                   
0     0033a4bc  _CanbInt1_ISR                   
0     0033a56a  _UseSystemTick                  
0     0033a57b  _TickInit                       
0     0033a595  _TickChangeState                
0     0033a5ba  _TickScanCallback               
0     0033a637  _UseInverter                    
0     0033a64f  _InverterInit                   
0     0033a68b  _InverterChangeState            
0     0033a6df  _InvRSCC                        
0     0033a6e1  _main                           
0     0033a788  FS$$DIV                         
0     0033a810  _ScibTx_ISR                     
0     0033a851  _ScibRx_ISR                     
0     0033a888  _ScicTx_ISR                     
0     0033a8c9  _ScicRx_ISR                     
0     0033a900  _InitCpuTimers                  
0     0033a939  _ConfigCpuTimer                 
0     0033a973  _sin                            
0     0033a973  _sinf                           
0     0033a9cb  _InitPieVectTable               
0     0033aa22  _c_int00                        
0     0033aa78  C$$EXIT                         
0     0033aa78  _abort                          
0     0033aa7a  _exit                           
0     0033aaa1  _InitPieCtrl                    
0     0033aac0  _EnableInterrupts               
0     0033aac9  __system_post_cinit             
0     0033aaca  _sqrt                           
0     0033aaca  _sqrtf                          
0     0033aaef  _copy_in                        
0     0033ab13  _memcpy                         
0     0033ab31  _CpuTimer0_ISR                  
0     0033ab4a  __args_main                     
0     0033ab63  _Xint3_ISR                      
0     0033ab78  _InitAdc                        
0     0033ab8c  _MemCopy                        
0     0033ab9f  __register_unlock               
0     0033aba3  __register_lock                 
0     0033aba7  __nop                           
0     0033abb0  _ResetHardwarePool              
0     0033abb7  __system_pre_init               
0     0033abb9  ___etext__                      
0     0033abb9  etext                           
0     0033abba  _auchCRCHi                      
0     0033acba  _auchCRCLo                      
0     0033adba  _PieVectTableInit               
0     0033aeba  ___cinit__                      
0     0033aeba  cinit                           
0     0033fff6  code_start                      
0     00380080  _ADC_cal                        
1     00000400  __stack                         
1     00000600  __STACK_END                     
1     00000880  _DevEmuRegs                     
1     00000a80  _FlashRegs                      
1     00000ae0  _CsmRegs                        
1     00000b00  _AdcMirror                      
1     00000b20  _XintfRegs                      
1     00000c00  _CpuTimer0Regs                  
1     00000c08  _CpuTimer1Regs                  
1     00000c10  _CpuTimer2Regs                  
1     00000ce0  _PieCtrlRegs                    
1     00000d00  _PieVectTable                   
1     00001000  _DmaRegs                        
1     00005000  _McbspaRegs                     
1     00005040  _McbspbRegs                     
1     00006000  _ECanaRegs                      
1     00006040  _ECanaLAMRegs                   
1     00006080  _ECanaMOTSRegs                  
1     000060c0  _ECanaMOTORegs                  
1     00006100  _ECanaMboxes                    
1     00006200  _ECanbRegs                      
1     00006240  _ECanbLAMRegs                   
1     00006280  _ECanbMOTSRegs                  
1     000062c0  _ECanbMOTORegs                  
1     00006300  _ECanbMboxes                    
1     00006800  _EPwm1Regs                      
1     00006840  _EPwm2Regs                      
1     00006880  _EPwm3Regs                      
1     000068c0  _EPwm4Regs                      
1     00006900  _EPwm5Regs                      
1     00006940  _EPwm6Regs                      
1     00006a00  _ECap1Regs                      
1     00006a20  _ECap2Regs                      
1     00006a40  _ECap3Regs                      
1     00006a60  _ECap4Regs                      
1     00006a80  _ECap5Regs                      
1     00006aa0  _ECap6Regs                      
1     00006b00  _EQep1Regs                      
1     00006b40  _EQep2Regs                      
1     00006f80  _GpioCtrlRegs                   
1     00006fc0  _GpioDataRegs                   
1     00006fe0  _GpioIntRegs                    
1     00007010  _SysCtrlRegs                    
1     00007040  _SpiaRegs                       
1     00007050  _SciaRegs                       
1     00007070  _XIntruptRegs                   
1     00007100  _AdcRegs                        
1     00007750  _ScibRegs                       
1     00007770  _ScicRegs                       
1     00007900  _I2caRegs                       
1     0000c000  _RemainStep2                    
1     0000c001  _iCalRMS                        
1     0000c003  _RemainStep                     
1     0000c004  _RemainStep1                    
1     0000c005  _SOFT_START_STATE               
1     0000c006  _I_KiEnable                     
1     0000c007  _UaPtr                          
1     0000c008  _SampleN                        
1     0000c009  _SOFT_START                     
1     0000c00c  _C_OUTPUT2                      
1     0000c00e  _OutPerStep1                    
1     0000c010  _OutPerStep2                    
1     0000c012  _SNumRec                        
1     0000c014  _UaSa                           
1     0000c016  _DeltaPh                        
1     0000c018  _UaPh                           
1     0000c034  _KiTs                           
1     0000c036  _SamplePhase                    
1     0000c038  _COPRD                          
1     0000c03a  _C_OUTPUT1                      
1     0000c03c  _CurPhase                       
1     0000c03e  _OutPerStep                     
1     0000c040  _PhasePerStep                   
1     0000c042  _UaFifo                         
1     0000c080  _myControlSystem                
1     0000c140  _UAi                            
1     0000c280  _UA                             
1     0000c3ae  _TickEnd                        
1     0000c3b4  _mySystemTick                   
1     0000c3be  _myHardwarePool2                
1     0000c3bf  _myHardwarePool                 
1     0000c3c0  _myCommunication                
1     0000c46e  ___TI_enable_exit_profile_output
1     0000c470  ___TI_cleanup_ptr               
1     0000c472  ___TI_dtors_ptr                 
1     0000c474  _TxBufferPtr                    
1     0000c475  _RemainSendNum                  
1     0000c476  _RemainSendNum485               
1     0000c477  _TxBufferPtr485                 
1     0000c478  __lock                          
1     0000c47a  __unlock                        
1     0000c47c  _FrameEnd                       
1     0000c47d  _errno                          
1     0000c480  _LastFaultFlag                  
1     0000c481  _NowFaultFlag                   
1     0000c482  _ComCnt                         
1     0000c4c0  _myFaultDetect                  
1     0000c512  _FpgaIntFlag                    
1     0000c514  _FpgaAddr0                      
1     0000c516  _FpgaAddr1                      
1     0000c518  _myFpgaDriver                   
1     0000c540  _myInverter                     
1     0000c594  _FlagCapEnd                     
1     0000c596  _ValCap5                        
1     0000c598  _ValCap                         
1     0000c59a  _myPhaseLock                    
1     0000c5c0  _CpuTimer1                      
1     0000c5c8  _CpuTimer2                      
1     0000c5d0  _CpuTimer0                      
1     0033fff8  _CsmPwl                         
1     00380090  _PartIdRegs                     
abs   00000200  __STACK_SIZE                    
abs   ffffffff  ___TI_pprof_out_hndl            
abs   ffffffff  ___TI_prof_data_size            
abs   ffffffff  ___TI_prof_data_start           
abs   ffffffff  ___binit__                      
abs   ffffffff  ___c_args__                     
abs   ffffffff  ___pinit__                      
abs   ffffffff  binit                           
abs   ffffffff  pinit                           

[351 symbols]
